  /api/css/ /cloud-search-service/api-ref/index.html;
  /api/css/css_03_0040.html /cloud-search-service/api-ref/common_parameters/index.html;
  /api/css/css_03_0071.html /cloud-search-service/api-ref/common_parameters/obtaining_a_project_id_and_name.html;
  /api/css/css_03_0073.html /cloud-search-service/api-ref/common_parameters/common_request_parameters.html;
  /api/css/css_03_0075.html /cloud-search-service/api-ref/common_parameters/status_code.html;
  /api/css/css_03_0074.html /cloud-search-service/api-ref/common_parameters/common_response_parameters.html;
  /api/css/css_03_0076.html /cloud-search-service/api-ref/common_parameters/error_code.html;
  /api/css/iam_01_0023.html /cloud-search-service/api-ref/calling_apis/index.html;
  /api/css/iam_02_0511.html /cloud-search-service/api-ref/calling_apis/returned_values.html;
  /api/css/iam_02_0008.html /cloud-search-service/api-ref/calling_apis/making_an_api_request.html;
  /api/css/iam_02_0510.html /cloud-search-service/api-ref/calling_apis/authentication.html;
  /api/css/css_03_0024.html /cloud-search-service/api-ref/change_history.html;
  /api/css/css_03_0008.html /cloud-search-service/api-ref/cluster_management_apis/index.html;
  /api/css/css_03_0021.html /cloud-search-service/api-ref/cluster_management_apis/restarting_a_cluster.html;
  /api/css/css_03_0020.html /cloud-search-service/api-ref/cluster_management_apis/deleting_a_cluster.html;
  /api/css/css_03_0026.html /cloud-search-service/api-ref/cluster_management_apis/querying_cluster_details.html;
  /api/css/css_03_0019.html /cloud-search-service/api-ref/cluster_management_apis/creating_a_cluster.html;
  /api/css/css_03_0025.html /cloud-search-service/api-ref/cluster_management_apis/scaling_out_a_cluster_with_only_common_nodes.html;
  /api/css/css_03_0077.html /cloud-search-service/api-ref/cluster_management_apis/tag_management_apis/index.html;
  /api/css/css_03_0081.html /cloud-search-service/api-ref/cluster_management_apis/tag_management_apis/adding_or_deleting_cluster_tags_in_batches.html;
  /api/css/css_03_0082.html /cloud-search-service/api-ref/cluster_management_apis/tag_management_apis/deleting_specified_cluster_tags.html;
  /api/css/css_03_0083.html /cloud-search-service/api-ref/cluster_management_apis/tag_management_apis/adding_tags_to_a_cluster.html;
  /api/css/css_03_0078.html /cloud-search-service/api-ref/cluster_management_apis/tag_management_apis/querying_tags_of_a_specified_cluster.html;
  /api/css/css_03_0079.html /cloud-search-service/api-ref/cluster_management_apis/tag_management_apis/querying_all_tags.html;
  /api/css/css_03_0018.html /cloud-search-service/api-ref/cluster_management_apis/querying_the_list_of_clusters.html;
  /api/css/css_03_0050.html /cloud-search-service/api-ref/cluster_management_apis/downloading_a_certificate_file.html;
  /api/css/css_03_0038.html /cloud-search-service/api-ref/cluster_management_apis/scaling_out_a_cluster_with_special_nodes.html;
  /api/css/css_03_0023.html /cloud-search-service/api-ref/cluster_management_apis/obtaining_the_list_of_instance_flavors.html;
  /api/css/css_03_0057.html /cloud-search-service/api-ref/api_overview.html;
  /api/css/css_03_0001.html /cloud-search-service/api-ref/before_you_start/index.html;
  /api/css/css_03_0053.html /cloud-search-service/api-ref/before_you_start/endpoints.html;
  /api/css/css_03_0051.html /cloud-search-service/api-ref/before_you_start/overview.html;
  /api/css/css_03_0056.html /cloud-search-service/api-ref/before_you_start/supported_cluster_versions.html;
  /api/css/css_03_0010.html /cloud-search-service/api-ref/snapshot_management_apis/index.html;
  /api/css/css_03_0037.html /cloud-search-service/api-ref/snapshot_management_apis/not_recommended_automatically_configuring_basic_settings_of_a_cluster_snapshot.html;
  /api/css/css_03_0035.html /cloud-search-service/api-ref/snapshot_management_apis/restoring_a_snapshot.html;
  /api/css/css_03_0033.html /cloud-search-service/api-ref/snapshot_management_apis/manually_creating_a_snapshot.html;
  /api/css/css_03_0036.html /cloud-search-service/api-ref/snapshot_management_apis/deleting_a_snapshot.html;
  /api/css/css_03_0032.html /cloud-search-service/api-ref/snapshot_management_apis/querying_the_automatic_snapshot_creation_policy_for_a_cluster.html;
  /api/css/css_03_0030.html /cloud-search-service/api-ref/snapshot_management_apis/modifying_basic_configurations_of_a_cluster_snapshot.html;
  /api/css/css_03_0039.html /cloud-search-service/api-ref/snapshot_management_apis/disabling_the_snapshot_function.html;
  /api/css/css_03_0034.html /cloud-search-service/api-ref/snapshot_management_apis/querying_the_list_of_snapshots.html;
  /api/css/css_03_0031.html /cloud-search-service/api-ref/snapshot_management_apis/setting_the_automatic_snapshot_creation_policy.html;
  /usermanual/css/css_01_0009.html /cloud-search-service/umn/managing_elasticsearch_clusters/index.html;
  /usermanual/css/css_01_0014.html /cloud-search-service/umn/managing_elasticsearch_clusters/restarting_a_cluster.html;
  /usermanual/css/css_01_0088.html /cloud-search-service/umn/managing_elasticsearch_clusters/kibana_public_access.html;
  /usermanual/css/css_01_0015.html /cloud-search-service/umn/managing_elasticsearch_clusters/deleting_a_cluster.html;
  /usermanual/css/css_01_0077.html /cloud-search-service/umn/managing_elasticsearch_clusters/managing_logs.html;
  /usermanual/css/css_01_0033.html /cloud-search-service/umn/managing_elasticsearch_clusters/index_backup_and_restoration.html;
  /usermanual/css/css_01_0031.html /cloud-search-service/umn/managing_elasticsearch_clusters/modifying_specifications.html;
  /usermanual/css/css_01_0079.html /cloud-search-service/umn/managing_elasticsearch_clusters/hot_and_cold_data_storage.html;
  /usermanual/css/css_01_0060.html /cloud-search-service/umn/managing_elasticsearch_clusters/managing_failed_tasks.html;
  /usermanual/css/css_01_0080.html /cloud-search-service/umn/managing_elasticsearch_clusters/configuring_parameters.html;
  /usermanual/css/css_01_0040.html /cloud-search-service/umn/managing_elasticsearch_clusters/migrating_cluster_data.html;
  /usermanual/css/css_01_0075.html /cloud-search-service/umn/managing_elasticsearch_clusters/managing_tags.html;
  /usermanual/css/css_01_0076.html /cloud-search-service/umn/managing_elasticsearch_clusters/public_network_access.html;
  /usermanual/css/css_01_0056.html /cloud-search-service/umn/managing_elasticsearch_clusters/introduction_to_the_cluster_list.html;
  /usermanual/css/css_01_0078.html /cloud-search-service/umn/managing_elasticsearch_clusters/managing_plugins.html;
  /usermanual/css/css_01_0053.html /cloud-search-service/umn/managing_elasticsearch_clusters/cluster_and_storage_capacity_statuses.html;
  /usermanual/css/css_01_0082.html /cloud-search-service/umn/managing_elasticsearch_clusters/vpc_endpoint_service.html;
  /usermanual/css/ /cloud-search-service/umn/index.html;
  /usermanual/css/css_01_0001.html /cloud-search-service/umn/overview/index.html;
  /usermanual/css/css_04_0005.html /cloud-search-service/umn/overview/constraints.html;
  /usermanual/css/css_04_0022.html /cloud-search-service/umn/overview/cerebro.html;
  /usermanual/css/css_04_0001.html /cloud-search-service/umn/overview/css.html;
  /usermanual/css/css_04_0019.html /cloud-search-service/umn/overview/clusters_in_security_mode.html;
  /usermanual/css/css_04_0002.html /cloud-search-service/umn/overview/applicable_scenarios_for_elasticsearch_clusters.html;
  /usermanual/css/css_04_0023.html /cloud-search-service/umn/overview/multi-az_ha.html;
  /usermanual/css/css_04_0007.html /cloud-search-service/umn/overview/kibana.html;
  /usermanual/css/css_04_0004.html /cloud-search-service/umn/overview/related_services.html;
  /usermanual/css/css_04_0003.html /cloud-search-service/umn/overview/basic_concepts.html;
  /usermanual/css/css_01_0008.html /cloud-search-service/umn/creating_and_accessing_a_cluster/index.html;
  /usermanual/css/css_01_0012.html /cloud-search-service/umn/creating_and_accessing_a_cluster/accessing_a_cluster.html;
  /usermanual/css/css_01_0011.html /cloud-search-service/umn/creating_and_accessing_a_cluster/creating_an_elasticsearch_cluster_in_security_mode.html;
  /usermanual/css/css_01_0094.html /cloud-search-service/umn/creating_and_accessing_a_cluster/creating_an_elasticsearch_cluster_in_non-security_mode.html;
  /usermanual/css/css_01_0041.html /cloud-search-service/umn/monitoring_a_cluster/index.html;
  /usermanual/css/css_01_0042.html /cloud-search-service/umn/monitoring_a_cluster/supported_metrics.html;
  /usermanual/css/css_01_0044.html /cloud-search-service/umn/monitoring_a_cluster/viewing_metrics.html;
  /usermanual/css/css_01_0043.html /cloud-search-service/umn/monitoring_a_cluster/creating_alarm_rules.html;
  /usermanual/css/css_01_0045.html /cloud-search-service/umn/importing_data_to_elasticsearch/index.html;
  /usermanual/css/css_01_0048.html /cloud-search-service/umn/importing_data_to_elasticsearch/using_logstash_to_import_data_to_elasticsearch.html;
  /usermanual/css/css_01_0024.html /cloud-search-service/umn/importing_data_to_elasticsearch/using_kibana_or_apis_to_import_data_to_elasticsearch.html;
  /usermanual/css/css_02_0027.html /cloud-search-service/umn/faqs/which_search_functions_does_css_support.html;
  /usermanual/css/css_02_0001.html /cloud-search-service/umn/faqs/index.html;
  /usermanual/css/css_02_0010.html /cloud-search-service/umn/faqs/what_can_the_disk_space_of_a_css_cluster_be_used_for.html;
  /usermanual/css/css_02_0025.html /cloud-search-service/umn/faqs/why_does_my_ecs_fail_to_connect_to_a_cluster.html;
  /usermanual/css/css_02_0006.html /cloud-search-service/umn/faqs/how_does_css_ensure_data_and_service_security.html;
  /usermanual/css/css_02_0019.html /cloud-search-service/umn/faqs/failed_to_open_kibana.html;
  /usermanual/css/css_02_0020.html /cloud-search-service/umn/faqs/which_elasticsearch_versions_does_css_support.html;
  /usermanual/css/css_02_0029.html /cloud-search-service/umn/faqs/why_does_index_backup_fail.html;
  /usermanual/css/css_02_0009.html /cloud-search-service/umn/faqs/what_is_the_maximum_storage_capacity_of_css.html;
  /usermanual/css/css_02_0018.html /cloud-search-service/umn/faqs/how_can_i_improve_filebeat_performance.html;
  /usermanual/css/css_02_0023.html /cloud-search-service/umn/faqs/can_css_interconnect_with_logstash.html;
  /usermanual/css/css_02_0008.html /cloud-search-service/umn/faqs/what_storage_options_does_css_provide.html;
  /usermanual/css/css_02_0017.html /cloud-search-service/umn/faqs/how_can_i_manage_css.html;
  /usermanual/css/css_02_0007.html /cloud-search-service/umn/faqs/which_css_metrics_should_i_focus_on.html;
  /usermanual/css/css_02_0034.html /cloud-search-service/umn/faqs/what_are_regions_and_azs.html;
  /usermanual/css/css_02_0028.html /cloud-search-service/umn/faqs/why_does_cluster_creation_fail.html;
  /usermanual/css/css_01_0032.html /cloud-search-service/umn/suggestions_on_using_elasticsearch.html;
  /usermanual/css/css_01_0002.html /cloud-search-service/umn/change_history.html;
  /usermanual/css/css_01_0049.html /cloud-search-service/umn/querying_cluster_logs/index.html;
  /usermanual/css/css_01_0050.html /cloud-search-service/umn/querying_cluster_logs/key_operations_recorded_by_cts.html;
  /usermanual/css/css_01_0051.html /cloud-search-service/umn/querying_cluster_logs/viewing_audit_logs.html;
  /usermanual/css/css_01_0006.html /cloud-search-service/umn/getting_started/index.html;
  /usermanual/css/css_01_0007.html /cloud-search-service/umn/getting_started/getting_started_with_elasticsearch.html;
  /usermanual/css/css_01_0061.html /cloud-search-service/umn/elasticsearch_sql.html;
  /en-us/api/css/ /cloud-search-service/api-ref/index.html;
  /en-us/api/css/css_03_0040.html /cloud-search-service/api-ref/common_parameters/index.html;
  /en-us/api/css/css_03_0071.html /cloud-search-service/api-ref/common_parameters/obtaining_a_project_id_and_name.html;
  /en-us/api/css/css_03_0073.html /cloud-search-service/api-ref/common_parameters/common_request_parameters.html;
  /en-us/api/css/css_03_0075.html /cloud-search-service/api-ref/common_parameters/status_code.html;
  /en-us/api/css/css_03_0074.html /cloud-search-service/api-ref/common_parameters/common_response_parameters.html;
  /en-us/api/css/css_03_0076.html /cloud-search-service/api-ref/common_parameters/error_code.html;
  /en-us/api/css/iam_01_0023.html /cloud-search-service/api-ref/calling_apis/index.html;
  /en-us/api/css/iam_02_0511.html /cloud-search-service/api-ref/calling_apis/returned_values.html;
  /en-us/api/css/iam_02_0008.html /cloud-search-service/api-ref/calling_apis/making_an_api_request.html;
  /en-us/api/css/iam_02_0510.html /cloud-search-service/api-ref/calling_apis/authentication.html;
  /en-us/api/css/css_03_0024.html /cloud-search-service/api-ref/change_history.html;
  /en-us/api/css/css_03_0008.html /cloud-search-service/api-ref/cluster_management_apis/index.html;
  /en-us/api/css/css_03_0021.html /cloud-search-service/api-ref/cluster_management_apis/restarting_a_cluster.html;
  /en-us/api/css/css_03_0020.html /cloud-search-service/api-ref/cluster_management_apis/deleting_a_cluster.html;
  /en-us/api/css/css_03_0026.html /cloud-search-service/api-ref/cluster_management_apis/querying_cluster_details.html;
  /en-us/api/css/css_03_0019.html /cloud-search-service/api-ref/cluster_management_apis/creating_a_cluster.html;
  /en-us/api/css/css_03_0025.html /cloud-search-service/api-ref/cluster_management_apis/scaling_out_a_cluster_with_only_common_nodes.html;
  /en-us/api/css/css_03_0077.html /cloud-search-service/api-ref/cluster_management_apis/tag_management_apis/index.html;
  /en-us/api/css/css_03_0081.html /cloud-search-service/api-ref/cluster_management_apis/tag_management_apis/adding_or_deleting_cluster_tags_in_batches.html;
  /en-us/api/css/css_03_0082.html /cloud-search-service/api-ref/cluster_management_apis/tag_management_apis/deleting_specified_cluster_tags.html;
  /en-us/api/css/css_03_0083.html /cloud-search-service/api-ref/cluster_management_apis/tag_management_apis/adding_tags_to_a_cluster.html;
  /en-us/api/css/css_03_0078.html /cloud-search-service/api-ref/cluster_management_apis/tag_management_apis/querying_tags_of_a_specified_cluster.html;
  /en-us/api/css/css_03_0079.html /cloud-search-service/api-ref/cluster_management_apis/tag_management_apis/querying_all_tags.html;
  /en-us/api/css/css_03_0018.html /cloud-search-service/api-ref/cluster_management_apis/querying_the_list_of_clusters.html;
  /en-us/api/css/css_03_0050.html /cloud-search-service/api-ref/cluster_management_apis/downloading_a_certificate_file.html;
  /en-us/api/css/css_03_0038.html /cloud-search-service/api-ref/cluster_management_apis/scaling_out_a_cluster_with_special_nodes.html;
  /en-us/api/css/css_03_0023.html /cloud-search-service/api-ref/cluster_management_apis/obtaining_the_list_of_instance_flavors.html;
  /en-us/api/css/css_03_0057.html /cloud-search-service/api-ref/api_overview.html;
  /en-us/api/css/css_03_0001.html /cloud-search-service/api-ref/before_you_start/index.html;
  /en-us/api/css/css_03_0053.html /cloud-search-service/api-ref/before_you_start/endpoints.html;
  /en-us/api/css/css_03_0051.html /cloud-search-service/api-ref/before_you_start/overview.html;
  /en-us/api/css/css_03_0056.html /cloud-search-service/api-ref/before_you_start/supported_cluster_versions.html;
  /en-us/api/css/css_03_0010.html /cloud-search-service/api-ref/snapshot_management_apis/index.html;
  /en-us/api/css/css_03_0037.html /cloud-search-service/api-ref/snapshot_management_apis/not_recommended_automatically_configuring_basic_settings_of_a_cluster_snapshot.html;
  /en-us/api/css/css_03_0035.html /cloud-search-service/api-ref/snapshot_management_apis/restoring_a_snapshot.html;
  /en-us/api/css/css_03_0033.html /cloud-search-service/api-ref/snapshot_management_apis/manually_creating_a_snapshot.html;
  /en-us/api/css/css_03_0036.html /cloud-search-service/api-ref/snapshot_management_apis/deleting_a_snapshot.html;
  /en-us/api/css/css_03_0032.html /cloud-search-service/api-ref/snapshot_management_apis/querying_the_automatic_snapshot_creation_policy_for_a_cluster.html;
  /en-us/api/css/css_03_0030.html /cloud-search-service/api-ref/snapshot_management_apis/modifying_basic_configurations_of_a_cluster_snapshot.html;
  /en-us/api/css/css_03_0039.html /cloud-search-service/api-ref/snapshot_management_apis/disabling_the_snapshot_function.html;
  /en-us/api/css/css_03_0034.html /cloud-search-service/api-ref/snapshot_management_apis/querying_the_list_of_snapshots.html;
  /en-us/api/css/css_03_0031.html /cloud-search-service/api-ref/snapshot_management_apis/setting_the_automatic_snapshot_creation_policy.html;
  /en-us/usermanual/css/css_01_0009.html /cloud-search-service/umn/managing_elasticsearch_clusters/index.html;
  /en-us/usermanual/css/css_01_0014.html /cloud-search-service/umn/managing_elasticsearch_clusters/restarting_a_cluster.html;
  /en-us/usermanual/css/css_01_0088.html /cloud-search-service/umn/managing_elasticsearch_clusters/kibana_public_access.html;
  /en-us/usermanual/css/css_01_0015.html /cloud-search-service/umn/managing_elasticsearch_clusters/deleting_a_cluster.html;
  /en-us/usermanual/css/css_01_0077.html /cloud-search-service/umn/managing_elasticsearch_clusters/managing_logs.html;
  /en-us/usermanual/css/css_01_0033.html /cloud-search-service/umn/managing_elasticsearch_clusters/index_backup_and_restoration.html;
  /en-us/usermanual/css/css_01_0031.html /cloud-search-service/umn/managing_elasticsearch_clusters/modifying_specifications.html;
  /en-us/usermanual/css/css_01_0079.html /cloud-search-service/umn/managing_elasticsearch_clusters/hot_and_cold_data_storage.html;
  /en-us/usermanual/css/css_01_0060.html /cloud-search-service/umn/managing_elasticsearch_clusters/managing_failed_tasks.html;
  /en-us/usermanual/css/css_01_0080.html /cloud-search-service/umn/managing_elasticsearch_clusters/configuring_parameters.html;
  /en-us/usermanual/css/css_01_0040.html /cloud-search-service/umn/managing_elasticsearch_clusters/migrating_cluster_data.html;
  /en-us/usermanual/css/css_01_0075.html /cloud-search-service/umn/managing_elasticsearch_clusters/managing_tags.html;
  /en-us/usermanual/css/css_01_0076.html /cloud-search-service/umn/managing_elasticsearch_clusters/public_network_access.html;
  /en-us/usermanual/css/css_01_0056.html /cloud-search-service/umn/managing_elasticsearch_clusters/introduction_to_the_cluster_list.html;
  /en-us/usermanual/css/css_01_0078.html /cloud-search-service/umn/managing_elasticsearch_clusters/managing_plugins.html;
  /en-us/usermanual/css/css_01_0053.html /cloud-search-service/umn/managing_elasticsearch_clusters/cluster_and_storage_capacity_statuses.html;
  /en-us/usermanual/css/css_01_0082.html /cloud-search-service/umn/managing_elasticsearch_clusters/vpc_endpoint_service.html;
  /en-us/usermanual/css/ /cloud-search-service/umn/index.html;
  /en-us/usermanual/css/css_01_0001.html /cloud-search-service/umn/overview/index.html;
  /en-us/usermanual/css/css_04_0005.html /cloud-search-service/umn/overview/constraints.html;
  /en-us/usermanual/css/css_04_0022.html /cloud-search-service/umn/overview/cerebro.html;
  /en-us/usermanual/css/css_04_0001.html /cloud-search-service/umn/overview/css.html;
  /en-us/usermanual/css/css_04_0019.html /cloud-search-service/umn/overview/clusters_in_security_mode.html;
  /en-us/usermanual/css/css_04_0002.html /cloud-search-service/umn/overview/applicable_scenarios_for_elasticsearch_clusters.html;
  /en-us/usermanual/css/css_04_0023.html /cloud-search-service/umn/overview/multi-az_ha.html;
  /en-us/usermanual/css/css_04_0007.html /cloud-search-service/umn/overview/kibana.html;
  /en-us/usermanual/css/css_04_0004.html /cloud-search-service/umn/overview/related_services.html;
  /en-us/usermanual/css/css_04_0003.html /cloud-search-service/umn/overview/basic_concepts.html;
  /en-us/usermanual/css/css_01_0008.html /cloud-search-service/umn/creating_and_accessing_a_cluster/index.html;
  /en-us/usermanual/css/css_01_0012.html /cloud-search-service/umn/creating_and_accessing_a_cluster/accessing_a_cluster.html;
  /en-us/usermanual/css/css_01_0011.html /cloud-search-service/umn/creating_and_accessing_a_cluster/creating_an_elasticsearch_cluster_in_security_mode.html;
  /en-us/usermanual/css/css_01_0094.html /cloud-search-service/umn/creating_and_accessing_a_cluster/creating_an_elasticsearch_cluster_in_non-security_mode.html;
  /en-us/usermanual/css/css_01_0041.html /cloud-search-service/umn/monitoring_a_cluster/index.html;
  /en-us/usermanual/css/css_01_0042.html /cloud-search-service/umn/monitoring_a_cluster/supported_metrics.html;
  /en-us/usermanual/css/css_01_0044.html /cloud-search-service/umn/monitoring_a_cluster/viewing_metrics.html;
  /en-us/usermanual/css/css_01_0043.html /cloud-search-service/umn/monitoring_a_cluster/creating_alarm_rules.html;
  /en-us/usermanual/css/css_01_0045.html /cloud-search-service/umn/importing_data_to_elasticsearch/index.html;
  /en-us/usermanual/css/css_01_0048.html /cloud-search-service/umn/importing_data_to_elasticsearch/using_logstash_to_import_data_to_elasticsearch.html;
  /en-us/usermanual/css/css_01_0024.html /cloud-search-service/umn/importing_data_to_elasticsearch/using_kibana_or_apis_to_import_data_to_elasticsearch.html;
  /en-us/usermanual/css/css_02_0027.html /cloud-search-service/umn/faqs/which_search_functions_does_css_support.html;
  /en-us/usermanual/css/css_02_0001.html /cloud-search-service/umn/faqs/index.html;
  /en-us/usermanual/css/css_02_0010.html /cloud-search-service/umn/faqs/what_can_the_disk_space_of_a_css_cluster_be_used_for.html;
  /en-us/usermanual/css/css_02_0025.html /cloud-search-service/umn/faqs/why_does_my_ecs_fail_to_connect_to_a_cluster.html;
  /en-us/usermanual/css/css_02_0006.html /cloud-search-service/umn/faqs/how_does_css_ensure_data_and_service_security.html;
  /en-us/usermanual/css/css_02_0019.html /cloud-search-service/umn/faqs/failed_to_open_kibana.html;
  /en-us/usermanual/css/css_02_0020.html /cloud-search-service/umn/faqs/which_elasticsearch_versions_does_css_support.html;
  /en-us/usermanual/css/css_02_0029.html /cloud-search-service/umn/faqs/why_does_index_backup_fail.html;
  /en-us/usermanual/css/css_02_0009.html /cloud-search-service/umn/faqs/what_is_the_maximum_storage_capacity_of_css.html;
  /en-us/usermanual/css/css_02_0018.html /cloud-search-service/umn/faqs/how_can_i_improve_filebeat_performance.html;
  /en-us/usermanual/css/css_02_0023.html /cloud-search-service/umn/faqs/can_css_interconnect_with_logstash.html;
  /en-us/usermanual/css/css_02_0008.html /cloud-search-service/umn/faqs/what_storage_options_does_css_provide.html;
  /en-us/usermanual/css/css_02_0017.html /cloud-search-service/umn/faqs/how_can_i_manage_css.html;
  /en-us/usermanual/css/css_02_0007.html /cloud-search-service/umn/faqs/which_css_metrics_should_i_focus_on.html;
  /en-us/usermanual/css/css_02_0034.html /cloud-search-service/umn/faqs/what_are_regions_and_azs.html;
  /en-us/usermanual/css/css_02_0028.html /cloud-search-service/umn/faqs/why_does_cluster_creation_fail.html;
  /en-us/usermanual/css/css_01_0032.html /cloud-search-service/umn/suggestions_on_using_elasticsearch.html;
  /en-us/usermanual/css/css_01_0002.html /cloud-search-service/umn/change_history.html;
  /en-us/usermanual/css/css_01_0049.html /cloud-search-service/umn/querying_cluster_logs/index.html;
  /en-us/usermanual/css/css_01_0050.html /cloud-search-service/umn/querying_cluster_logs/key_operations_recorded_by_cts.html;
  /en-us/usermanual/css/css_01_0051.html /cloud-search-service/umn/querying_cluster_logs/viewing_audit_logs.html;
  /en-us/usermanual/css/css_01_0006.html /cloud-search-service/umn/getting_started/index.html;
  /en-us/usermanual/css/css_01_0007.html /cloud-search-service/umn/getting_started/getting_started_with_elasticsearch.html;
  /en-us/usermanual/css/css_01_0061.html /cloud-search-service/umn/elasticsearch_sql.html;
