  /api/dis/dis_02_0500.html /data-ingestion-service/api-ref/appendix/index.html;
  /api/dis/dis_02_0022.html /data-ingestion-service/api-ref/appendix/status_codes.html;
  /api/dis/dis_02_0501.html /data-ingestion-service/api-ref/appendix/obtaining_a_project_id.html;
  /api/dis/ErrorCode.html /data-ingestion-service/api-ref/appendix/error_codes.html;
  /api/dis/ /data-ingestion-service/api-ref/index.html;
  /api/dis/dis_02_0003.html /data-ingestion-service/api-ref/application_example.html;
  /api/dis/dis_02_0015.html /data-ingestion-service/api-ref/api_description/index.html;
  /api/dis/topic_300000000.html /data-ingestion-service/api-ref/api_description/stream_management/index.html;
  /api/dis/ListPolicies.html /data-ingestion-service/api-ref/api_description/stream_management/querying_permission_policies.html;
  /api/dis/CreatePolicies.html /data-ingestion-service/api-ref/api_description/stream_management/adding_permission_policies.html;
  /api/dis/UpdateStream.html /data-ingestion-service/api-ref/api_description/stream_management/updating_stream_information.html;
  /api/dis/UpdatePartitionCount.html /data-ingestion-service/api-ref/api_description/stream_management/changing_partition_quantity.html;
  /api/dis/DeleteStream.html /data-ingestion-service/api-ref/api_description/stream_management/deleting_specified_streams.html;
  /api/dis/dis_02_0024.html /data-ingestion-service/api-ref/api_description/stream_management/querying_streams.html;
  /api/dis/dis_02_0016_01.html /data-ingestion-service/api-ref/api_description/stream_management/creating_streams.html;
  /api/dis/dis_02_0025.html /data-ingestion-service/api-ref/api_description/stream_management/querying_stream_details.html;
  /api/dis/topic_300000001.html /data-ingestion-service/api-ref/api_description/app_management/index.html;
  /api/dis/ShowConsumerState.html /data-ingestion-service/api-ref/api_description/app_management/querying_app_consumption_status.html;
  /api/dis/ShowApp.html /data-ingestion-service/api-ref/api_description/app_management/querying_app_details.html;
  /api/dis/ListApp.html /data-ingestion-service/api-ref/api_description/app_management/querying_apps.html;
  /api/dis/CreateApp.html /data-ingestion-service/api-ref/api_description/app_management/creating_consumption_apps.html;
  /api/dis/DeleteApp.html /data-ingestion-service/api-ref/api_description/app_management/deleting_apps.html;
  /api/dis/topic_300000004.html /data-ingestion-service/api-ref/api_description/dump_task_management/index.html;
  /api/dis/BatchStartTransferTask.html /data-ingestion-service/api-ref/api_description/dump_task_management/starting_dump_tasks_in_batches.html;
  /api/dis/ShowTransferTask.html /data-ingestion-service/api-ref/api_description/dump_task_management/querying_dump_task_details.html;
  /api/dis/CreateDwsTransferTask.html /data-ingestion-service/api-ref/api_description/dump_task_management/adding_dws_dump_tasks.html;
  /api/dis/dis_02_0410.html /data-ingestion-service/api-ref/api_description/dump_task_management/adding_obs_dump_tasks.html;
  /api/dis/CreateMrsTransferTask.html /data-ingestion-service/api-ref/api_description/dump_task_management/adding_mrs_dump_tasks.html;
  /api/dis/BatchStopTransferTask.html /data-ingestion-service/api-ref/api_description/dump_task_management/pausing_dump_tasks_in_batches.html;
  /api/dis/CreateDliTransferTask.html /data-ingestion-service/api-ref/api_description/dump_task_management/adding_dli_dump_tasks.html;
  /api/dis/DeleteTransferTask.html /data-ingestion-service/api-ref/api_description/dump_task_management/deleting_dump_tasks.html;
  /api/dis/CreateCloudTableTransferTask.html /data-ingestion-service/api-ref/api_description/dump_task_management/adding_cloudtable_dump_tasks.html;
  /api/dis/ListTransferTasks.html /data-ingestion-service/api-ref/api_description/dump_task_management/querying_dump_tasks.html;
  /api/dis/topic_300000002.html /data-ingestion-service/api-ref/api_description/checkpoint_management/index.html;
  /api/dis/ShowCheckpoint.html /data-ingestion-service/api-ref/api_description/checkpoint_management/querying_checkpoint_details.html;
  /api/dis/dis_02_0403.html /data-ingestion-service/api-ref/api_description/checkpoint_management/submitting_checkpoints.html;
  /api/dis/DeleteCheckpoint.html /data-ingestion-service/api-ref/api_description/checkpoint_management/deleting_checkpoints.html;
  /api/dis/topic_300000005.html /data-ingestion-service/api-ref/api_description/monitoring_management/index.html;
  /api/dis/ShowStreamMetrics.html /data-ingestion-service/api-ref/api_description/monitoring_management/querying_stream_monitoring_data.html;
  /api/dis/ShowPartitionMetrics.html /data-ingestion-service/api-ref/api_description/monitoring_management/querying_partition_monitoring_data.html;
  /api/dis/topic_300000003.html /data-ingestion-service/api-ref/api_description/data_management/index.html;
  /api/dis/dis_02_0020.html /data-ingestion-service/api-ref/api_description/data_management/obtaining_data_cursors.html;
  /api/dis/dis_02_0018.html /data-ingestion-service/api-ref/api_description/data_management/uploading_data.html;
  /api/dis/dis_02_0019.html /data-ingestion-service/api-ref/api_description/data_management/downloading_data.html;
  /api/dis/topic_300000006.html /data-ingestion-service/api-ref/api_description/tag_management/index.html;
  /api/dis/CreateTag.html /data-ingestion-service/api-ref/api_description/tag_management/adding_tags_for_specified_streams.html;
  /api/dis/BatchCreateTags.html /data-ingestion-service/api-ref/api_description/tag_management/adding_resource_tags_in_batches.html;
  /api/dis/ShowStreamTags.html /data-ingestion-service/api-ref/api_description/tag_management/querying_tags_of_specified_streams.html;
  /api/dis/DeleteTag.html /data-ingestion-service/api-ref/api_description/tag_management/deleting_tags_of_specified_streams.html;
  /api/dis/ListResourcesByTags.html /data-ingestion-service/api-ref/api_description/tag_management/using_tags_to_filter_resources_streams.html;
  /api/dis/ListTags.html /data-ingestion-service/api-ref/api_description/tag_management/querying_tags_of_specified_regions.html;
  /api/dis/BatchDeleteTags.html /data-ingestion-service/api-ref/api_description/tag_management/deleting_resource_tags_in_batches.html;
  /api/dis/dis_02_0516.html /data-ingestion-service/api-ref/calling_apis/index.html;
  /api/dis/dis_02_0518.html /data-ingestion-service/api-ref/calling_apis/response.html;
  /api/dis/dis_02_0400.html /data-ingestion-service/api-ref/calling_apis/making_an_api_request.html;
  /api/dis/dis_02_0517.html /data-ingestion-service/api-ref/calling_apis/authentication.html;
  /api/dis/dis_02_0023.html /data-ingestion-service/api-ref/change_history.html;
  /api/dis/dis_02_0200.html /data-ingestion-service/api-ref/api_overview.html;
  /api/dis/dis_02_0511.html /data-ingestion-service/api-ref/before_you_start/index.html;
  /api/dis/dis_02_0514.html /data-ingestion-service/api-ref/before_you_start/constraints.html;
  /api/dis/dis_02_0513.html /data-ingestion-service/api-ref/before_you_start/endpoints.html;
  /api/dis/dis_02_0600.html /data-ingestion-service/api-ref/before_you_start/overview.html;
  /api/dis/dis_02_0515.html /data-ingestion-service/api-ref/before_you_start/concepts.html;
  /api/dis/dis_02_0512.html /data-ingestion-service/api-ref/before_you_start/api_calling.html;
  /api/dis/en-us_topic_0000001079240698.html /data-ingestion-service/api-ref/permissions_policies_and_supported_actions.html;
  /usermanual/dis/dis_01_0000.html /data-ingestion-service/umn/glossary.html;
  /usermanual/dis/ /data-ingestion-service/umn/index.html;
  /usermanual/dis/dis_01_0130.html /data-ingestion-service/umn/monitoring/index.html;
  /usermanual/dis/dis_01_0131.html /data-ingestion-service/umn/monitoring/supported_metrics.html;
  /usermanual/dis/dis_01_0134.html /data-ingestion-service/umn/monitoring/querying_metrics.html;
  /usermanual/dis/dis_01_0132.html /data-ingestion-service/umn/monitoring/setting_alarm_rules.html;
  /usermanual/dis/dis_01_0001.html /data-ingestion-service/umn/overview/what_is_dis.html;
  /usermanual/dis/dis_01_0005.html /data-ingestion-service/umn/overview/permissions.html;
  /usermanual/dis/dis_01_0600.html /data-ingestion-service/umn/overview/index.html;
  /usermanual/dis/dis_01_0003.html /data-ingestion-service/umn/overview/functions.html;
  /usermanual/dis/dis_01_0006.html /data-ingestion-service/umn/overview/precautions.html;
  /usermanual/dis/dis_01_0004.html /data-ingestion-service/umn/overview/related_services.html;
  /usermanual/dis/dis_01_0002.html /data-ingestion-service/umn/overview/what_can_i_do_with_dis.html;
  /usermanual/dis/dis_06_0011.html /data-ingestion-service/umn/dis_sdk_usage_guide/index.html;
  /usermanual/dis/dis_06_0012.html /data-ingestion-service/umn/dis_sdk_usage_guide/preparing_the_environment.html;
  /usermanual/dis/dis_06_0005.html /data-ingestion-service/umn/dis_sdk_usage_guide/downloading_sdks.html;
  /usermanual/dis/dis_06_0013.html /data-ingestion-service/umn/dis_sdk_usage_guide/configuring_sample_projects.html;
  /usermanual/dis/dis_06_0016.html /data-ingestion-service/umn/dis_sdk_usage_guide/uploading_streaming_data.html;
  /usermanual/dis/dis_06_0505.html /data-ingestion-service/umn/dis_sdk_usage_guide/obtaining_the_data_cursor.html;
  /usermanual/dis/dis_06_0022.html /data-ingestion-service/umn/dis_sdk_usage_guide/uploading_real-time_files/index.html;
  /usermanual/dis/dis_06_0023.html /data-ingestion-service/umn/dis_sdk_usage_guide/uploading_real-time_files/initializing_a_dis_sdk_asynchronous_client_instance.html;
  /usermanual/dis/dis_06_0506.html /data-ingestion-service/umn/dis_sdk_usage_guide/uploading_real-time_files/creating_a_demo_class.html;
  /usermanual/dis/dis_06_0507.html /data-ingestion-service/umn/dis_sdk_usage_guide/uploading_real-time_files/uploading_files.html;
  /usermanual/dis/dis_06_0503.html /data-ingestion-service/umn/dis_sdk_usage_guide/querying_a_stream_list.html;
  /usermanual/dis/dis_06_0017.html /data-ingestion-service/umn/dis_sdk_usage_guide/downloading_streaming_data.html;
  /usermanual/dis/dis_06_0020.html /data-ingestion-service/umn/dis_sdk_usage_guide/connecting_to_kafka_consumer.html;
  /usermanual/dis/dis_06_0504.html /data-ingestion-service/umn/dis_sdk_usage_guide/querying_stream_details.html;
  /usermanual/dis/dis_06_0501.html /data-ingestion-service/umn/dis_sdk_usage_guide/creating_a_stream.html;
  /usermanual/dis/dis_06_0015.html /data-ingestion-service/umn/dis_sdk_usage_guide/initializing_a_dis_client.html;
  /usermanual/dis/dis_06_0014.html /data-ingestion-service/umn/dis_sdk_usage_guide/importing_third-party_dependency_packages.html;
  /usermanual/dis/dis_06_0502.html /data-ingestion-service/umn/dis_sdk_usage_guide/deleting_a_stream.html;
  /usermanual/dis/dis_faq_0003.html /data-ingestion-service/umn/faqs/how_does_dis_send_and_receive_data.html;
  /usermanual/dis/dis_faq_0000.html /data-ingestion-service/umn/faqs/index.html;
  /usermanual/dis/dis_faq_0009.html /data-ingestion-service/umn/faqs/how_do_i_check_software_package_integrity.html;
  /usermanual/dis/dis_faq_0007.html /data-ingestion-service/umn/faqs/what_is_the_difference_between_storing_data_into_dis_and_dumping_data_elsewhere.html;
  /usermanual/dis/dis_01_0014.html /data-ingestion-service/umn/change_history.html;
  /usermanual/dis/dis_01_0115.html /data-ingestion-service/umn/managing_a_dump_task/index.html;
  /usermanual/dis/dis_01_0047.html /data-ingestion-service/umn/managing_a_dump_task/creating_a_dump_task.html;
  /usermanual/dis/dis_01_0222.html /data-ingestion-service/umn/cdr_specification/index.html;
  /usermanual/dis/dis_01_0223.html /data-ingestion-service/umn/cdr_specification/billing_model.html;
  /usermanual/dis/dis_01_0224.html /data-ingestion-service/umn/cdr_specification/cdr_folder_and_file_name/index.html;
  /usermanual/dis/dis_01_0225.html /data-ingestion-service/umn/cdr_specification/cdr_folder_and_file_name/overview.html;
  /usermanual/dis/dis_01_0226.html /data-ingestion-service/umn/cdr_specification/cdr_folder_and_file_name/cdr_folder.html;
  /usermanual/dis/dis_01_0227.html /data-ingestion-service/umn/cdr_specification/cdr_folder_and_file_name/service_cdr_file_name.html;
  /usermanual/dis/dis_01_0228.html /data-ingestion-service/umn/cdr_specification/cdr_specification/index.html;
  /usermanual/dis/dis_01_0231.html /data-ingestion-service/umn/cdr_specification/cdr_specification/the_put_payload_unit_cdr_content.html;
  /usermanual/dis/dis_01_0232.html /data-ingestion-service/umn/cdr_specification/cdr_specification/the_data_store_size_cdr_content.html;
  /usermanual/dis/dis_01_0230.html /data-ingestion-service/umn/cdr_specification/cdr_specification/the_partition_cdr_content.html;
  /usermanual/dis/dis_01_0229.html /data-ingestion-service/umn/cdr_specification/cdr_specification/the_cdr_specification.html;
  /usermanual/dis/dis_01_0008.html /data-ingestion-service/umn/getting_started/index.html;
  /usermanual/dis/dis_01_0043.html /data-ingestion-service/umn/getting_started/obtaining_authentication_information.html;
  /usermanual/dis/dis_01_0601.html /data-ingestion-service/umn/getting_started/step_1_creating_a_dis_stream.html;
  /usermanual/dis/dis_01_0604.html /data-ingestion-service/umn/getting_started/step_4_obtaining_data_from_dis.html;
  /usermanual/dis/dis_01_0045.html /data-ingestion-service/umn/getting_started/interconnecting_with_obs.html;
  /usermanual/dis/dis_01_0009.html /data-ingestion-service/umn/getting_started/general_procedure.html;
  /usermanual/dis/dis_01_0602.html /data-ingestion-service/umn/getting_started/step_2_preparing_a_dis_application_development_environment.html;
  /usermanual/dis/dis_01_0605.html /data-ingestion-service/umn/getting_started/creating_an_iam_agency.html;
  /usermanual/dis/dis_01_0603.html /data-ingestion-service/umn/getting_started/step_3_sending_data_to_dis.html;
  /usermanual/dis/dis_01_0010.html /data-ingestion-service/umn/managing_dis_streams/index.html;
  /usermanual/dis/dis_01_0050.html /data-ingestion-service/umn/managing_dis_streams/managing_stream_tags.html;
  /usermanual/dis/dis_01_0012.html /data-ingestion-service/umn/managing_dis_streams/viewing_stream_monitoring_metrics.html;
  /usermanual/dis/dis_01_0011.html /data-ingestion-service/umn/managing_dis_streams/listing_dis_streams.html;
  /usermanual/dis/dis_01_0013.html /data-ingestion-service/umn/managing_dis_streams/deleting_a_stream.html;
