  /api/dcs/dcs-api-0312042.html /distributed-cache-service/api-ref/appendix/index.html;
  /api/dcs/dcs-api-0312043.html /distributed-cache-service/api-ref/appendix/status_codes.html;
  /api/dcs/dcs-api-0312045.html /distributed-cache-service/api-ref/appendix/obtaining_a_project_id.html;
  /api/dcs/dcs-api-0312044.html /distributed-cache-service/api-ref/appendix/error_codes.html;
  /api/dcs/dcs-api-0312047.html /distributed-cache-service/api-ref/appendix/dcs_instance_statuses.html;
  /api/dcs/ /distributed-cache-service/api-ref/index.html;
  /api/dcs/dcs-api-0417001.html /distributed-cache-service/api-ref/api_usage_guidelines.html;
  /api/dcs/dcs-api-0312049.html /distributed-cache-service/api-ref/change_history.html;
  /api/dcs/dcs-api-0312013.html /distributed-cache-service/api-ref/parameter_management_apis/index.html;
  /api/dcs/dcs-api-0312015.html /distributed-cache-service/api-ref/parameter_management_apis/querying_configuration_parameters.html;
  /api/dcs/dcs-api-0312017.html /distributed-cache-service/api-ref/parameter_management_apis/modifying_configuration_parameters.html;
  /api/dcs/dcs-api-0312035.html /distributed-cache-service/api-ref/instance_management_apis/index.html;
  /api/dcs/dcs-api-0312014.html /distributed-cache-service/api-ref/instance_management_apis/querying_statistics_of_all_running_instances.html;
  /api/dcs/dcs-api-0312016.html /distributed-cache-service/api-ref/instance_management_apis/querying_dcs_instance_status.html;
  /api/dcs/dcs-api-0312019.html /distributed-cache-service/api-ref/instance_management_apis/changing_the_password_of_a_dcs_instance.html;
  /api/dcs/dcs-api-0312018.html /distributed-cache-service/api-ref/instance_management_apis/restarting_dcs_instances_or_clearing_dcs_instance_data.html;
  /api/dcs/dcs-api-0312003.html /distributed-cache-service/api-ref/lifecycle_management_apis/index.html;
  /api/dcs/dcs-api-0312009.html /distributed-cache-service/api-ref/lifecycle_management_apis/batch_deleting_dcs_instances.html;
  /api/dcs/dcs-api-0312004.html /distributed-cache-service/api-ref/lifecycle_management_apis/creating_a_dcs_instance.html;
  /api/dcs/dcs-api-0312006.html /distributed-cache-service/api-ref/lifecycle_management_apis/querying_all_dcs_instances_of_a_tenant.html;
  /api/dcs/dcs-api-0312007.html /distributed-cache-service/api-ref/lifecycle_management_apis/modifying_information_about_a_dcs_instance.html;
  /api/dcs/dcs-api-0312008.html /distributed-cache-service/api-ref/lifecycle_management_apis/deleting_a_single_dcs_instance.html;
  /api/dcs/dcs-api-0312005.html /distributed-cache-service/api-ref/lifecycle_management_apis/querying_a_dcs_instance.html;
  /api/dcs/dcs-api-0312010.html /distributed-cache-service/api-ref/lifecycle_management_apis/scaling_up_a_dcs_instance.html;
  /api/dcs/dcs-api-0514005.html /distributed-cache-service/api-ref/backup_and_restoration_apis/index.html;
  /api/dcs/dcs-api-0312023.html /distributed-cache-service/api-ref/backup_and_restoration_apis/querying_dcs_instance_restoration_records.html;
  /api/dcs/dcs-api-0312022.html /distributed-cache-service/api-ref/backup_and_restoration_apis/querying_dcs_instance_backup_records.html;
  /api/dcs/dcs-api-0312021.html /distributed-cache-service/api-ref/backup_and_restoration_apis/restoring_a_dcs_instance.html;
  /api/dcs/dcs-api-0312020.html /distributed-cache-service/api-ref/backup_and_restoration_apis/backing_up_a_dcs_instance.html;
  /api/dcs/dcs-api-0312024.html /distributed-cache-service/api-ref/backup_and_restoration_apis/deleting_backup_files.html;
  /api/dcs/dcs-api-0514003.html /distributed-cache-service/api-ref/data_migration_apis/index.html;
  /api/dcs/dcs-api-0514004.html /distributed-cache-service/api-ref/data_migration_apis/creating_a_data_migration_task.html;
  /api/dcs/dcs-api-0312038.html /distributed-cache-service/api-ref/other_apis/index.html;
  /api/dcs/dcs-api-0312039.html /distributed-cache-service/api-ref/other_apis/querying_az_information.html;
  /api/dcs/dcs-api-0312041.html /distributed-cache-service/api-ref/other_apis/querying_maintenance_time_window.html;
  /api/dcs/dcs-api-0312036.html /distributed-cache-service/api-ref/other_apis/querying_the_quota_of_a_tenant.html;
  /api/dcs/dcs-api-0312040.html /distributed-cache-service/api-ref/other_apis/querying_service_specifications.html;
  /api/dcs/topic_300000009.html /distributed-cache-service/api-ref/network_security/index.html;
  /api/dcs/ShowIpWhitelist.html /distributed-cache-service/api-ref/network_security/querying_the_ip_whitelist_of_a_dcs_instance.html;
  /api/dcs/UpdateIpWhitelist.html /distributed-cache-service/api-ref/network_security/configuring_ip_whitelist_groups.html;
  /usermanual/dcs/en-us_topic_0072429345.html /distributed-cache-service/umn/glossary.html;
  /usermanual/dcs/ /distributed-cache-service/umn/index.html;
  /usermanual/dcs/dcs-ug-0326016.html /distributed-cache-service/umn/monitoring/index.html;
  /usermanual/dcs/dcs-ug-0312045.html /distributed-cache-service/umn/monitoring/viewing_dcs_monitoring_metrics.html;
  /usermanual/dcs/dcs-ug-0326019.html /distributed-cache-service/umn/monitoring/dcs_metrics.html;
  /usermanual/dcs/dcs-ug-190905001.html /distributed-cache-service/umn/monitoring/configuring_alarm_rules_for_critical_metrics.html;
  /usermanual/dcs/dcs-ug-0326010.html /distributed-cache-service/umn/operation_guide/index.html;
  /usermanual/dcs/dcs-ug-0312035.html /distributed-cache-service/umn/operation_guide/migrating_data_with_dcs/index.html;
  /usermanual/dcs/dcs-ug-0312036.html /distributed-cache-service/umn/operation_guide/migrating_data_with_dcs/introduction_to_migration_with_dcs.html;
  /usermanual/dcs/dcs-ug-0312037.html /distributed-cache-service/umn/operation_guide/migrating_data_with_dcs/importing_backup_files/importing_backup_files_from_an_obs_bucket.html;
  /usermanual/dcs/dcs-ug-210922001.html /distributed-cache-service/umn/operation_guide/migrating_data_with_dcs/importing_backup_files/index.html;
  /usermanual/dcs/dcs-ug-210226001.html /distributed-cache-service/umn/operation_guide/migrating_data_with_dcs/importing_backup_files/importing_backup_files_from_redis.html;
  /usermanual/dcs/dcs-ug-0312038.html /distributed-cache-service/umn/operation_guide/migrating_data_with_dcs/migrating_data_online.html;
  /usermanual/dcs/dcs-ug-0312039.html /distributed-cache-service/umn/operation_guide/managing_passwords/index.html;
  /usermanual/dcs/cache-instance-password.html /distributed-cache-service/umn/operation_guide/managing_passwords/dcs_instance_passwords.html;
  /usermanual/dcs/dcs-ug-0312040.html /distributed-cache-service/umn/operation_guide/managing_passwords/changing_instance_passwords.html;
  /usermanual/dcs/dcs-ug-0312022.html /distributed-cache-service/umn/operation_guide/managing_dcs_instances/index.html;
  /usermanual/dcs/dcs-ug-0312028.html /distributed-cache-service/umn/operation_guide/managing_dcs_instances/viewing_background_tasks.html;
  /usermanual/dcs/dcs-ug-0312025.html /distributed-cache-service/umn/operation_guide/managing_dcs_instances/modifying_maintenance_time_window.html;
  /usermanual/dcs/dcs-ug-190812001.html /distributed-cache-service/umn/operation_guide/managing_dcs_instances/managing_ip_address_whitelist.html;
  /usermanual/dcs/dcs-ug-190926001.html /distributed-cache-service/umn/operation_guide/managing_dcs_instances/viewing_redis_slow_logs.html;
  /usermanual/dcs/dcs-ug-1009001.html /distributed-cache-service/umn/operation_guide/managing_dcs_instances/viewing_redis_run_logs.html;
  /usermanual/dcs/dcs-ug-0312026.html /distributed-cache-service/umn/operation_guide/managing_dcs_instances/modifying_the_security_group.html;
  /usermanual/dcs/dcs-ug-0312029.html /distributed-cache-service/umn/operation_guide/managing_dcs_instances/viewing_data_storage_statistics_of_a_dcs_redis_3.html;
  /usermanual/dcs/dcs-ug-210107001.html /distributed-cache-service/umn/operation_guide/managing_dcs_instances/managing_shards_and_replicas.html;
  /usermanual/dcs/dcs-ug-0312024.html /distributed-cache-service/umn/operation_guide/managing_dcs_instances/modifying_configuration_parameters.html;
  /usermanual/dcs/dcs-ug-0312023.html /distributed-cache-service/umn/operation_guide/managing_dcs_instances/configuration_notice.html;
  /usermanual/dcs/dcs-ug-190808001.html /distributed-cache-service/umn/operation_guide/managing_dcs_instances/cache_analysis.html;
  /usermanual/dcs/dcs-ug-0312030.html /distributed-cache-service/umn/operation_guide/backing_up_and_restoring_dcs_instances/index.html;
  /usermanual/dcs/en-us_topic_0079835992.html /distributed-cache-service/umn/operation_guide/backing_up_and_restoring_dcs_instances/overview.html;
  /usermanual/dcs/dcs-ug-0312032.html /distributed-cache-service/umn/operation_guide/backing_up_and_restoring_dcs_instances/manually_backing_up_a_dcs_instance.html;
  /usermanual/dcs/dcs-ug-0312031.html /distributed-cache-service/umn/operation_guide/backing_up_and_restoring_dcs_instances/configuring_a_backup_policy.html;
  /usermanual/dcs/dcs-ug-0312033.html /distributed-cache-service/umn/operation_guide/backing_up_and_restoring_dcs_instances/restoring_a_dcs_instance.html;
  /usermanual/dcs/dcs-ug-0312034.html /distributed-cache-service/umn/operation_guide/backing_up_and_restoring_dcs_instances/downloading_a_backup_file.html;
  /usermanual/dcs/dcs-ug-0312015.html /distributed-cache-service/umn/operation_guide/operating_dcs_instances/index.html;
  /usermanual/dcs/dcs-ug-0312019.html /distributed-cache-service/umn/operation_guide/operating_dcs_instances/exporting_dcs_instance_list.html;
  /usermanual/dcs/dcs-ug-0312018.html /distributed-cache-service/umn/operation_guide/operating_dcs_instances/clearing_dcs_instance_data.html;
  /usermanual/dcs/dcs-ug-1009002.html /distributed-cache-service/umn/operation_guide/operating_dcs_instances/command_renaming.html;
  /usermanual/dcs/dcs-ug-0911001.html /distributed-cache-service/umn/operation_guide/operating_dcs_instances/starting_dcs_instances.html;
  /usermanual/dcs/dcs-ug-0326013.html /distributed-cache-service/umn/operation_guide/operating_dcs_instances/restarting_dcs_instances.html;
  /usermanual/dcs/dcs-ug-0326011.html /distributed-cache-service/umn/operation_guide/operating_dcs_instances/modifying_dcs_instance_specifications.html;
  /usermanual/dcs/dcs-ug-0312017.html /distributed-cache-service/umn/operation_guide/operating_dcs_instances/performing_a_master_standby_switchover_for_a_dcs_instance.html;
  /usermanual/dcs/dcs-ug-0326014.html /distributed-cache-service/umn/operation_guide/operating_dcs_instances/deleting_dcs_instances.html;
  /usermanual/dcs/dcs-faq-0326019.html /distributed-cache-service/umn/faqs/index.html;
  /usermanual/dcs/dcs-faq-191204001.html /distributed-cache-service/umn/faqs/master_standby_switchover/index.html;
  /usermanual/dcs/dcs-faq-0730058.html /distributed-cache-service/umn/faqs/master_standby_switchover/when_does_a_master_standby_switchover_occur.html;
  /usermanual/dcs/dcs-faq-0730060.html /distributed-cache-service/umn/faqs/master_standby_switchover/does_the_client_need_to_switch_the_connection_address_after_a_master_standby_switchover.html;
  /usermanual/dcs/dcs-faq-0730061.html /distributed-cache-service/umn/faqs/master_standby_switchover/how_does_redis_master_standby_replication_work.html;
  /usermanual/dcs/dcs-faq-0730059.html /distributed-cache-service/umn/faqs/master_standby_switchover/how_does_master_standby_switchover_affect_services.html;
  /usermanual/dcs/dcs-faq-0730043.html /distributed-cache-service/umn/faqs/instance_scaling_and_upgrade/can_dcs_redis_instances_be_upgraded,_for_example,_from_redis_3.html;
  /usermanual/dcs/dcs-faq-0326022.html /distributed-cache-service/umn/faqs/instance_scaling_and_upgrade/index.html;
  /usermanual/dcs/dcs-faq-0730047.html /distributed-cache-service/umn/faqs/instance_scaling_and_upgrade/are_services_interrupted_during_specification_modification.html;
  /usermanual/dcs/dcs-faq-0730048.html /distributed-cache-service/umn/faqs/instance_scaling_and_upgrade/why_cant_i_modify_specifications_for_a_dcs_redis_instance.html;
  /usermanual/dcs/dcs-faq-0730044.html /distributed-cache-service/umn/faqs/instance_scaling_and_upgrade/are_services_interrupted_if_maintenance_is_performed_during_the_maintenance_time_window.html;
  /usermanual/dcs/dcs-faq-0730045.html /distributed-cache-service/umn/faqs/instance_scaling_and_upgrade/are_instance_resources_affected_during_specification_modification.html;
  /usermanual/dcs/dcs-faq-0730039.html /distributed-cache-service/umn/faqs/redis_commands/does_dcs_for_redis_support_the_incr_and_expire_commands.html;
  /usermanual/dcs/dcs-faq-190921003.html /distributed-cache-service/umn/faqs/redis_commands/index.html;
  /usermanual/dcs/dcs-faq-0730040.html /distributed-cache-service/umn/faqs/redis_commands/why_do_i_fail_to_execute_some_redis_commands.html;
  /usermanual/dcs/dcs-faq-0730042.html /distributed-cache-service/umn/faqs/redis_commands/is_there_a_time_limit_on_executing_redis_commands_what_will_happen_if_a_command_times_out.html;
  /usermanual/dcs/dcs-faq-0730041.html /distributed-cache-service/umn/faqs/redis_commands/why_does_a_redis_command_fail_to_take_effect.html;
  /usermanual/dcs/dcs-faq-0730036.html /distributed-cache-service/umn/faqs/redis_commands/how_do_i_clear_redis_data.html;
  /usermanual/dcs/dcs-faq-0326024.html /distributed-cache-service/umn/faqs/data_backup,_export,_and_migration/index.html;
  /usermanual/dcs/dcs-migration-090626001.html /distributed-cache-service/umn/faqs/data_backup,_export,_and_migration/online_migration_with_rump.html;
  /usermanual/dcs/dcs-faq-0730057.html /distributed-cache-service/umn/faqs/data_backup,_export,_and_migration/does_dcs_support_data_persistence.html;
  /usermanual/dcs/dcs-faq-0730054.html /distributed-cache-service/umn/faqs/data_backup,_export,_and_migration/can_i_export_backup_data_of_dcs_redis_instances_to_rdb_files_using_the_console.html;
  /usermanual/dcs/dcs-faq-0730053.html /distributed-cache-service/umn/faqs/data_backup,_export,_and_migration/how_do_i_export_dcs_redis_instance_data.html;
  /usermanual/dcs/dcs-faq-0730017.html /distributed-cache-service/umn/faqs/redis_usage/can_i_obtain_the_addresses_of_the_nodes_in_a_cluster_dcs_redis_instance.html;
  /usermanual/dcs/dcs-faq-0730032.html /distributed-cache-service/umn/faqs/redis_usage/does_dcs_for_redis_provide_backend_management_software.html;
  /usermanual/dcs/dcs-faq-0326021.html /distributed-cache-service/umn/faqs/redis_usage/index.html;
  /usermanual/dcs/dcs-faq-0730024.html /distributed-cache-service/umn/faqs/redis_usage/why_is_memory_usage_more_than_100%.html;
  /usermanual/dcs/dcs-faq-0730030.html /distributed-cache-service/umn/faqs/redis_usage/why_does_it_take_a_long_time_to_start_a_cluster_dcs_instance.html;
  /usermanual/dcs/dcs-faq-0730026.html /distributed-cache-service/umn/faqs/redis_usage/can_i_customize_or_change_the_port_for_accessing_a_dcs_instance.html;
  /usermanual/dcs/dcs-faq-0730033.html /distributed-cache-service/umn/faqs/redis_usage/why_is_memory_of_a_dcs_redis_instance_used_up_by_just_a_few_keys.html;
  /usermanual/dcs/dcs-faq-0730027.html /distributed-cache-service/umn/faqs/redis_usage/can_i_modify_the_connection_addresses_for_accessing_a_dcs_instance.html;
  /usermanual/dcs/dcs-faq-0730020.html /distributed-cache-service/umn/faqs/redis_usage/does_dcs_for_redis_support_redis_clusters.html;
  /usermanual/dcs/dcs-faq-0730025.html /distributed-cache-service/umn/faqs/redis_usage/why_is_redisson_distributed_lock_not_supported_by_dcs_proxy_cluster_redis_3.html;
  /usermanual/dcs/dcs-faq-0730022.html /distributed-cache-service/umn/faqs/redis_usage/what_is_the_default_data_eviction_policy.html;
  /usermanual/dcs/dcs-faq-0730012.html /distributed-cache-service/umn/faqs/redis_usage/why_is_cpu_usage_of_a_dcs_redis_instance_100%.html;
  /usermanual/dcs/dcs-faq-0730015.html /distributed-cache-service/umn/faqs/redis_usage/do_dcs_redis_instances_limit_the_size_of_a_key_or_value.html;
  /usermanual/dcs/dcs-faq-210223001.html /distributed-cache-service/umn/faqs/redis_usage/why_is_error_in_execution_returned_when_i_access_redis.html;
  /usermanual/dcs/dcs-faq-0730019.html /distributed-cache-service/umn/faqs/redis_usage/does_dcs_for_redis_support_multiple_databases.html;
  /usermanual/dcs/dcs-faq-0730029.html /distributed-cache-service/umn/faqs/redis_usage/does_dcs_support_cross-az_deployment.html;
  /usermanual/dcs/dcs-faq-0730014.html /distributed-cache-service/umn/faqs/redis_usage/why_arent_security_groups_configured_for_dcs_redis_4.html;
  /usermanual/dcs/dcs-faq-210409001.html /distributed-cache-service/umn/faqs/redis_usage/why_does_a_key_disappear_in_redis.html;
  /usermanual/dcs/dcs-faq-0730021.html /distributed-cache-service/umn/faqs/redis_usage/does_dcs_for_redis_support_sentinel.html;
  /usermanual/dcs/dcs-faq-0730034.html /distributed-cache-service/umn/faqs/redis_usage/can_i_recover_data_from_deleted_dcs_instances.html;
  /usermanual/dcs/dcs-faq-0730018.html /distributed-cache-service/umn/faqs/redis_usage/why_is_available_memory_of_a_dcs_redis_3.html;
  /usermanual/dcs/dcs-faq-0220330.html /distributed-cache-service/umn/faqs/redis_usage/will_cached_data_be_retained_after_an_instance_is_restarted.html;
  /usermanual/dcs/dcs-faq-0730013.html /distributed-cache-service/umn/faqs/redis_usage/can_i_change_the_vpc_and_subnet_for_a_dcs_redis_instance.html;
  /usermanual/dcs/dcs-faq-0730023.html /distributed-cache-service/umn/faqs/redis_usage/what_should_i_do_if_an_error_occurs_in_redis_exporter.html;
  /usermanual/dcs/dcs-faq-0805001.html /distributed-cache-service/umn/faqs/analysis_of_big_keys_and_hot_keys/index.html;
  /usermanual/dcs/dcs-faq-0521005.html /distributed-cache-service/umn/faqs/analysis_of_big_keys_and_hot_keys/how_do_i_avoid_big_keys_and_hot_keys.html;
  /usermanual/dcs/dcs-faq-0521003.html /distributed-cache-service/umn/faqs/analysis_of_big_keys_and_hot_keys/what_are_big_keys_and_hot_keys.html;
  /usermanual/dcs/dcs-faq-0521004.html /distributed-cache-service/umn/faqs/analysis_of_big_keys_and_hot_keys/what_is_the_impact_of_big_keys_or_hot_keys.html;
  /usermanual/dcs/dcs-faq-0521006.html /distributed-cache-service/umn/faqs/analysis_of_big_keys_and_hot_keys/how_do_i_analyze_the_hot_keys_of_a_dcs_redis_3.html;
  /usermanual/dcs/dcs-faq-0606002.html /distributed-cache-service/umn/faqs/analysis_of_big_keys_and_hot_keys/how_do_i_detect_big_keys_and_hot_keys_in_advance.html;
  /usermanual/dcs/dcs-faq-0326020.html /distributed-cache-service/umn/faqs/client_and_network_connection/index.html;
  /usermanual/dcs/en-us_topic_0100698850.html /distributed-cache-service/umn/faqs/client_and_network_connection/does_dcs_support_cross-vpc_access.html;
  /usermanual/dcs/dcs-faq-0730005.html /distributed-cache-service/umn/faqs/client_and_network_connection/why_do_requests_sometimes_time_out_in_clients.html;
  /usermanual/dcs/dcs-faq-0730011.html /distributed-cache-service/umn/faqs/client_and_network_connection/what_should_be_noted_when_using_redis_for_pub_sub.html;
  /usermanual/dcs/dcs-faq-0730001.html /distributed-cache-service/umn/faqs/client_and_network_connection/does_dcs_support_public_access.html;
  /usermanual/dcs/en-us_topic_0090662012.html /distributed-cache-service/umn/faqs/client_and_network_connection/security_group_configurations.html;
  /usermanual/dcs/dcs-faq-0730008.html /distributed-cache-service/umn/faqs/client_and_network_connection/how_do_i_access_a_dcs_redis_instance_through_redis_desktop_manager.html;
  /usermanual/dcs/dcs-faq-0730006.html /distributed-cache-service/umn/faqs/client_and_network_connection/what_should_i_do_if_an_error_is_returned_when_i_use_the_jedis_connection_pool.html;
  /usermanual/dcs/dcs-faq-0730004.html /distributed-cache-service/umn/faqs/client_and_network_connection/what_should_i_do_if_access_to_dcs_fails_after_server_disconnects.html;
  /usermanual/dcs/dcs-faq-0730007.html /distributed-cache-service/umn/faqs/client_and_network_connection/why_is_err_unknown_command_displayed_when_i_access_a_dcs_redis_instance_through_a_redis_client.html;
  /usermanual/dcs/dcs-faq-0730010.html /distributed-cache-service/umn/faqs/client_and_network_connection/how_do_i_troubleshoot_redis_connection_failures.html;
  /usermanual/dcs/dcs-faq-0730009.html /distributed-cache-service/umn/faqs/client_and_network_connection/what_if_err_unsupported_config_subcommand_is_displayed_in_springcloud.html;
  /usermanual/dcs/dcs-faq-0730049.html /distributed-cache-service/umn/faqs/monitoring_and_alarm/does_redis_support_command_audits.html;
  /usermanual/dcs/dcs-faq-0326023.html /distributed-cache-service/umn/faqs/monitoring_and_alarm/index.html;
  /usermanual/dcs/dcs-faq-0730050.html /distributed-cache-service/umn/faqs/monitoring_and_alarm/what_should_i_do_if_the_monitoring_data_of_a_dcs_redis_instance_is_abnormal.html;
  /usermanual/dcs/dcs-faq-0427070.html /distributed-cache-service/umn/faqs/monitoring_and_alarm/how_do_i_view_current_concurrent_connections_and_maximum_connections_of_a_dcs_redis_instance.html;
  /usermanual/dcs/dcs-faq-0603001.html /distributed-cache-service/umn/faqs/monitoring_and_alarm/why_is_the_rejected_connections_metric_displayed.html;
  /usermanual/dcs/dcs-faq-0513001.html /distributed-cache-service/umn/faqs/monitoring_and_alarm/why_does_bandwidth_usage_exceed_100%.html;
  /usermanual/dcs/dcs-faq-0730052.html /distributed-cache-service/umn/faqs/monitoring_and_alarm/why_is_used_memory_greater_than_available_memory.html;
  /usermanual/dcs/dcs-faq-0220721.html /distributed-cache-service/umn/faqs/monitoring_and_alarm/why_is_flow_control_triggered_how_do_i_handle_it.html;
  /usermanual/dcs/en-us_topic_0054235836.html /distributed-cache-service/umn/service_overview/accessing_dcs/index.html;
  /usermanual/dcs/en-us_topic_0054235837.html /distributed-cache-service/umn/service_overview/accessing_dcs/how_to_access_dcs.html;
  /usermanual/dcs/en-us_topic_0054247786.html /distributed-cache-service/umn/service_overview/accessing_dcs/user_permissions.html;
  /usermanual/dcs/dcs-pd-0326001.html /distributed-cache-service/umn/service_overview/index.html;
  /usermanual/dcs/RedisDifference.html /distributed-cache-service/umn/service_overview/comparing_redis_versions.html;
  /usermanual/dcs/en-us_topic_0054235835.html /distributed-cache-service/umn/service_overview/dcs_instance_specifications/index.html;
  /usermanual/dcs/dcs-pd-0916002.html /distributed-cache-service/umn/service_overview/dcs_instance_specifications/redis_4.html;
  /usermanual/dcs/dcs-pd-0916001.html /distributed-cache-service/umn/service_overview/dcs_instance_specifications/redis_3.html;
  /usermanual/dcs/dcs-pd-0326003.html /distributed-cache-service/umn/service_overview/comparing_dcs_and_open-source_cache_services.html;
  /usermanual/dcs/dcs-pd-0326006.html /distributed-cache-service/umn/service_overview/related_services.html;
  /usermanual/dcs/dcs-pd-200312003.html /distributed-cache-service/umn/service_overview/command_compatibility/index.html;
  /usermanual/dcs/dcs-pd-200916001.html /distributed-cache-service/umn/service_overview/command_compatibility/redis_4.html;
  /usermanual/dcs/dcs-pd-200713005.html /distributed-cache-service/umn/service_overview/command_compatibility/redis_3.html;
  /usermanual/dcs/dcs-pd-200813003.html /distributed-cache-service/umn/service_overview/command_compatibility/command_restrictions_for_cluster_instances.html;
  /usermanual/dcs/dcs-pd-200813004.html /distributed-cache-service/umn/service_overview/command_compatibility/other_command_usage_restrictions.html;
  /usermanual/dcs/dcs-pd-200813002.html /distributed-cache-service/umn/service_overview/command_compatibility/redis_5.html;
  /usermanual/dcs/dcs-pd-190826001.html /distributed-cache-service/umn/service_overview/command_compatibility/web_cli_commands.html;
  /usermanual/dcs/dcs-pd-200312004.html /distributed-cache-service/umn/service_overview/basic_concepts.html;
  /usermanual/dcs/dcs-pd-0326002.html /distributed-cache-service/umn/service_overview/application_scenarios.html;
  /usermanual/dcs/en-us_topic_0054235826.html /distributed-cache-service/umn/service_overview/what_is_dcs.html;
  /usermanual/dcs/dcs-pd-200312001.html /distributed-cache-service/umn/service_overview/dcs_instance_types/index.html;
  /usermanual/dcs/CacheCluster.html /distributed-cache-service/umn/service_overview/dcs_instance_types/proxy_cluster_redis.html;
  /usermanual/dcs/CacheMasterSlave.html /distributed-cache-service/umn/service_overview/dcs_instance_types/master_standby_redis.html;
  /usermanual/dcs/CacheSingleNode.html /distributed-cache-service/umn/service_overview/dcs_instance_types/single-node_redis.html;
  /usermanual/dcs/CacheProxy.html /distributed-cache-service/umn/service_overview/dcs_instance_types/redis_cluster.html;
  /usermanual/dcs/dcs-pd-210626001.html /distributed-cache-service/umn/service_overview/permissions_management.html;
  /usermanual/dcs/GlobalDRPolicy.html /distributed-cache-service/umn/service_overview/ha_and_dr_policies.html;
  /usermanual/dcs/dcs-ug-0326026.html /distributed-cache-service/umn/change_history.html;
  /usermanual/dcs/dcs-ug-0326007.html /distributed-cache-service/umn/getting_started/index.html;
  /usermanual/dcs/dcs-ug-0312016.html /distributed-cache-service/umn/getting_started/viewing_details_of_a_dcs_instance.html;
  /usermanual/dcs/dcs-ug-0916002.html /distributed-cache-service/umn/getting_started/accessing_an_instance/index.html;
  /usermanual/dcs/dcs-ug-0312008.html /distributed-cache-service/umn/getting_started/accessing_an_instance/accessing_a_dcs_redis_4.html;
  /usermanual/dcs/dcs-ug-0512002.html /distributed-cache-service/umn/getting_started/accessing_an_instance/access_in_different_languages/index.html;
  /usermanual/dcs/dcs-ug-0312013.html /distributed-cache-service/umn/getting_started/accessing_an_instance/access_in_different_languages/csharp.html;
  /usermanual/dcs/dcs-ug-211105003.html /distributed-cache-service/umn/getting_started/accessing_an_instance/access_in_different_languages/java/index.html;
  /usermanual/dcs/dcs-ug-211011001.html /distributed-cache-service/umn/getting_started/accessing_an_instance/access_in_different_languages/java/lettuce.html;
  /usermanual/dcs/dcs-ug-0713005.html /distributed-cache-service/umn/getting_started/accessing_an_instance/access_in_different_languages/java/jedis.html;
  /usermanual/dcs/dcs-ug-211105004.html /distributed-cache-service/umn/getting_started/accessing_an_instance/access_in_different_languages/java/redisson.html;
  /usermanual/dcs/dcs-ug-211105001.html /distributed-cache-service/umn/getting_started/accessing_an_instance/access_in_different_languages/go-redis.html;
  /usermanual/dcs/dcs-ug-0312012.html /distributed-cache-service/umn/getting_started/accessing_an_instance/access_in_different_languages/node.html;
  /usermanual/dcs/dcs-ug-211203001.html /distributed-cache-service/umn/getting_started/accessing_an_instance/access_in_different_languages/lettuce_integration_with_spring_boot.html;
  /usermanual/dcs/dcs-ug-0312011.html /distributed-cache-service/umn/getting_started/accessing_an_instance/access_in_different_languages/clients_in_python.html;
  /usermanual/dcs/dcs-ug-0312010.html /distributed-cache-service/umn/getting_started/accessing_an_instance/access_in_different_languages/hiredis_in_c++.html;
  /usermanual/dcs/dcs-ug-211202001.html /distributed-cache-service/umn/getting_started/accessing_an_instance/access_in_different_languages/php/index.html;
  /usermanual/dcs/dcs-ug-0312009.html /distributed-cache-service/umn/getting_started/accessing_an_instance/access_in_different_languages/php/phpredis.html;
  /usermanual/dcs/dcs-ug-211202002.html /distributed-cache-service/umn/getting_started/accessing_an_instance/access_in_different_languages/php/predis.html;
  /usermanual/dcs/dcs-ug-0326009.html /distributed-cache-service/umn/getting_started/accessing_an_instance/accessing_a_dcs_redis_instance_through_redis-cli.html;
  /usermanual/dcs/dcs-ug-0312003.html /distributed-cache-service/umn/getting_started/creating_an_instance/index.html;
  /usermanual/dcs/dcs-ug-0312004.html /distributed-cache-service/umn/getting_started/creating_an_instance/preparing_the_environment.html;
  /usermanual/dcs/dcs-ug-0326008.html /distributed-cache-service/umn/getting_started/creating_an_instance/creating_a_dcs_redis_instance.html;
  /usermanual/dcs/PurchasePreparation.html /distributed-cache-service/umn/getting_started/creating_an_instance/identifying_requirements.html;
  /usermanual/dcs/dcs-ug-210626004.html /distributed-cache-service/umn/permissions_management/creating_a_user_and_granting_dcs_permissions.html;
  /usermanual/dcs/dcs-ug-210626003.html /distributed-cache-service/umn/permissions_management/index.html;
  /usermanual/dcs/dcs-ug-210626005.html /distributed-cache-service/umn/permissions_management/dcs_custom_policies.html;
  /usermanual/dcs/dcs-ug-0326017.html /distributed-cache-service/umn/auditing/index.html;
  /usermanual/dcs/dcs-ug-0326018.html /distributed-cache-service/umn/auditing/operations_that_can_be_recorded_by_cts.html;
  /usermanual/dcs/dcs-ug-0312047.html /distributed-cache-service/umn/auditing/viewing_traces_on_the_cts_console.html;
