  /api/dds/dds_public_parameters.html /document-database-service/api-ref/appendix/index.html;
  /api/dds/dds_projectid.html /document-database-service/api-ref/appendix/obtaining_a_project_id.html;
  /api/dds/dds_metrics.html /document-database-service/api-ref/appendix/dds_metrics.html;
  /api/dds/dds_status_code.html /document-database-service/api-ref/appendix/status_code.html;
  /api/dds/dds_error_code.html /document-database-service/api-ref/appendix/error_code.html;
  /api/dds/ /document-database-service/api-ref/index.html;
  /api/dds/dds_api_description.html /document-database-service/api-ref/api_description/index.html;
  /api/dds/dds_database_version.html /document-database-service/api-ref/api_description/querying_database_version_information.html;
  /api/dds/dds_api_version.html /document-database-service/api-ref/api_description/querying_the_api_version/index.html;
  /api/dds/dds_api_0019.html /document-database-service/api-ref/api_description/querying_the_api_version/querying_api_version_information.html;
  /api/dds/dds_api_0018.html /document-database-service/api-ref/api_description/querying_the_api_version/querying_the_api_version_list.html;
  /api/dds/dds_instance_specification.html /document-database-service/api-ref/api_description/querying_all_db_instance_specifications.html;
  /api/dds/dds_instance_mgmt.html /document-database-service/api-ref/api_description/db_instance_management/index.html;
  /api/dds/dds_api_0020.html /document-database-service/api-ref/api_description/db_instance_management/creating_a_db_instance.html;
  /api/dds/dds_api_0022.html /document-database-service/api-ref/api_description/db_instance_management/deleting_a_db_instance.html;
  /api/dds/dds_api_0023.html /document-database-service/api-ref/api_description/db_instance_management/querying_db_instances.html;
  /api/dds/dds_api_0017.html /document-database-service/api-ref/api_calling/example.html;
  /api/dds/dds_api_0014.html /document-database-service/api-ref/api_calling/index.html;
  /api/dds/dds_api_0016.html /document-database-service/api-ref/api_calling/rest_apis.html;
  /api/dds/dds_api_0015.html /document-database-service/api-ref/api_calling/scenarios.html;
  /api/dds/dds_change_history.html /document-database-service/api-ref/change_history.html;
  /api/dds/dds_api_0006.html /document-database-service/api-ref/api_overview.html;
  /api/dds/dds_api_reference.html /document-database-service/api-ref/before_you_start.html;
  /api/dds/dds_api_0007.html /document-database-service/api-ref/environment_preparations/index.html;
  /api/dds/dds_api_0010.html /document-database-service/api-ref/environment_preparations/token_authentication.html;
  /usermanual/dds/dds_glossary.html /document-database-service/umn/glossary.html;
  /usermanual/dds/ /document-database-service/umn/index.html;
  /usermanual/dds/dds_03_0024.html /document-database-service/umn/monitoring/index.html;
  /usermanual/dds/dds_03_0028.html /document-database-service/umn/monitoring/interconnecting_with_cts/index.html;
  /usermanual/dds/dds_03_0032.html /document-database-service/umn/monitoring/interconnecting_with_cts/querying_traces.html;
  /usermanual/dds/dds_03_0029.html /document-database-service/umn/monitoring/interconnecting_with_cts/key_operations_recorded_by_cts.html;
  /usermanual/dds/dds_03_0025.html /document-database-service/umn/monitoring/interconnected_with_cloud_eye/index.html;
  /usermanual/dds/dds_03_0078.html /document-database-service/umn/monitoring/interconnected_with_cloud_eye/viewing_dds_metrics.html;
  /usermanual/dds/dds_03_0026.html /document-database-service/umn/monitoring/interconnected_with_cloud_eye/dds_metrics.html;
  /usermanual/dds/dds_03_0027.html /document-database-service/umn/monitoring/interconnected_with_cloud_eye/setting_alarm_rules.html;
  /usermanual/dds/en-us_topic_error_log.html /document-database-service/umn/monitoring/error_log.html;
  /usermanual/dds/en-us_topic_slow_query_log.html /document-database-service/umn/monitoring/slow_query_log.html;
  /usermanual/dds/dds_02_0043.html /document-database-service/umn/logging_in_to_the_dds_console.html;
  /usermanual/dds/dds_faq_0100.html /document-database-service/umn/faqs/index.html;
  /usermanual/dds/dds_faq_0104.html /document-database-service/umn/faqs/connection_and_access_faqs/index.html;
  /usermanual/dds/dds_faq_0013.html /document-database-service/umn/faqs/connection_and_access_faqs/what_should_i_do_if_the_ecs_cannot_connect_to_a_dds_db_instance.html;
  /usermanual/dds/dds_faq_0018.html /document-database-service/umn/faqs/connection_and_access_faqs/how_can_i_install_a_mongodb_client.html;
  /usermanual/dds/dds_faq_0017.html /document-database-service/umn/faqs/connection_and_access_faqs/do_applications_need_to_support_automatic_reconnecting_to_the_dds_database.html;
  /usermanual/dds/dds_faq_0015.html /document-database-service/umn/faqs/connection_and_access_faqs/what_should_i_do_if_a_dds_server_problem_causes_a_connection_failure.html;
  /usermanual/dds/dds_faq_0012.html /document-database-service/umn/faqs/connection_and_access_faqs/what_is_the_number_of_dds_database_connections.html;
  /usermanual/dds/dds_faq_0011.html /document-database-service/umn/faqs/connection_and_access_faqs/can_an_external_server_access_the_dds_db_instance.html;
  /usermanual/dds/dds_faq_0014.html /document-database-service/umn/faqs/connection_and_access_faqs/what_should_i_do_if_a_database_client_problem_causes_a_connection_failure.html;
  /usermanual/dds/dds_faq_0034.html /document-database-service/umn/faqs/connection_and_access_faqs/how_can_i_create_and_log_in_to_an_ecs.html;
  /usermanual/dds/dds_faq_0016.html /document-database-service/umn/faqs/connection_and_access_faqs/how_can_my_applications_access_a_dds_db_instance_in_a_vpc.html;
  /usermanual/dds/dds_faq_0033.html /document-database-service/umn/faqs/which_commands_are_supported_or_restricted_by_dds.html;
  /usermanual/dds/dds_faq_0101.html /document-database-service/umn/faqs/common_faqs/index.html;
  /usermanual/dds/dds_faq_0003.html /document-database-service/umn/faqs/common_faqs/can_i_use_a_template_to_create_dds_db_instances.html;
  /usermanual/dds/dds_faq_0001.html /document-database-service/umn/faqs/common_faqs/what_precautions_should_be_taken_when_using_dds.html;
  /usermanual/dds/dds_faq_0004.html /document-database-service/umn/faqs/common_faqs/will_my_dds_db_instances_be_affected_by_other_users_dds_db_instances.html;
  /usermanual/dds/dds_faq_0002.html /document-database-service/umn/faqs/common_faqs/what_is_the_availability_of_dds_db_instances.html;
  /usermanual/dds/dds_faq_0109.html /document-database-service/umn/faqs/storage_faqs/index.html;
  /usermanual/dds/dds_faq_0028.html /document-database-service/umn/faqs/storage_faqs/what_is_the_dds_db_instance_storage_configuration.html;
  /usermanual/dds/dds_faq_0032.html /document-database-service/umn/faqs/storage_faqs/which_types_of_logs_and_files_occupy_dds_db_instance_storage_space.html;
  /usermanual/dds/dds_faq_0025.html /document-database-service/umn/faqs/storage_faqs/how_do_i_back_up_dds_to_ecs.html;
  /usermanual/dds/dds_faq_0031.html /document-database-service/umn/faqs/storage_faqs/what_overhead_does_the_storage_space_have_after_i_applied_for_a_dds_db_instance.html;
  /usermanual/dds/dds_faq_0029.html /document-database-service/umn/faqs/storage_faqs/what_should_i_do_if_my_data_exceeds_the_database_storage_space_of_a_dds_db_instance.html;
  /usermanual/dds/dds_faq_0030.html /document-database-service/umn/faqs/storage_faqs/which_items_occupy_the_storage_space_on_my_purchased_dds_db_instances.html;
  /usermanual/dds/dds_faq_0026.html /document-database-service/umn/faqs/storage_faqs/how_long_does_dds_store_backup_data_for.html;
  /usermanual/dds/dds_faq_0102.html /document-database-service/umn/faqs/management_faqs/index.html;
  /usermanual/dds/dds_faq_0006.html /document-database-service/umn/faqs/management_faqs/what_is_the_time_delay_for_primary_secondary_synchronization_in_a_replica_set.html;
  /usermanual/dds/dds_faq_0007.html /document-database-service/umn/faqs/management_faqs/why_is_data_missing_from_my_database.html;
  /usermanual/dds/dds_faq_0010.html /document-database-service/umn/faqs/management_faqs/does_dds_support_read_write_splitting.html;
  /usermanual/dds/dds_faq_0008.html /document-database-service/umn/faqs/management_faqs/will_my_backups_be_deleted_if_i_delete_my_cloud_account.html;
  /usermanual/dds/dds_faq_0005.html /document-database-service/umn/faqs/management_faqs/what_should_i_do_if_my_query_is_slow.html;
  /usermanual/dds/dds_faq_0009.html /document-database-service/umn/faqs/management_faqs/are_my_dds_db_instances_available_when_scaling.html;
  /usermanual/dds/dds_faq_0108.html /document-database-service/umn/faqs/parameter_and_metric_faqs/index.html;
  /usermanual/dds/dds_faq_0019.html /document-database-service/umn/faqs/parameter_and_metric_faqs/what_db_instance_monitoring_metrics_do_i_need_to_pay_attention_to.html;
  /usermanual/dds/dds_faq_0110.html /document-database-service/umn/faqs/network_and_security_faqs/index.html;
  /usermanual/dds/dds_faq_0021.html /document-database-service/umn/faqs/network_and_security_faqs/what_security_protection_policies_does_dds_have.html;
  /usermanual/dds/dds_faq_0022.html /document-database-service/umn/faqs/network_and_security_faqs/do_i_need_to_use_dds_in_a_vpc.html;
  /usermanual/dds/dds_faq_0023.html /document-database-service/umn/faqs/network_and_security_faqs/how_do_i_ensure_the_security_of_dds_in_a_vpc.html;
  /usermanual/dds/dds_change_history.html /document-database-service/umn/change_history.html;
  /usermanual/dds/dds_03_0001.html /document-database-service/umn/managing_dds_db_instances/index.html;
  /usermanual/dds/dds_03_0023.html /document-database-service/umn/managing_dds_db_instances/tag.html;
  /usermanual/dds/dds_03_0002.html /document-database-service/umn/managing_dds_db_instances/db_instance_operations/index.html;
  /usermanual/dds/dds_03_0050.html /document-database-service/umn/managing_dds_db_instances/db_instance_operations/manually_switching_the_primary_and_secondary_nodes_of_a_replica_set.html;
  /usermanual/dds/dds_03_0051.html /document-database-service/umn/managing_dds_db_instances/db_instance_operations/exporting_db_instance_information.html;
  /usermanual/dds/dds_03_0075.html /document-database-service/umn/managing_dds_db_instances/db_instance_operations/modifying_the_db_instance_name.html;
  /usermanual/dds/dds_03_0004.html /document-database-service/umn/managing_dds_db_instances/db_instance_operations/deleting_a_db_instance.html;
  /usermanual/dds/dds_03_0003.html /document-database-service/umn/managing_dds_db_instances/db_instance_operations/restarting_a_db_instance_or_a_node.html;
  /usermanual/dds/dds_03_0019.html /document-database-service/umn/managing_dds_db_instances/security/index.html;
  /usermanual/dds/en-us_topic_change_database_port.html /document-database-service/umn/managing_dds_db_instances/security/changing_the_database_port.html;
  /usermanual/dds/en-us_topic_reset_password.html /document-database-service/umn/managing_dds_db_instances/security/resetting_the_administrator_password.html;
  /usermanual/dds/en-us_topic_change_security_group.html /document-database-service/umn/managing_dds_db_instances/security/changing_a_security_group.html;
  /usermanual/dds/dds_03_0017.html /document-database-service/umn/managing_dds_db_instances/storage/index.html;
  /usermanual/dds/en-us_topic_increase_nodes.html /document-database-service/umn/managing_dds_db_instances/storage/adding_cluster_instance_nodes.html;
  /usermanual/dds/en-us_topic_increase_storage.html /document-database-service/umn/managing_dds_db_instances/storage/scaling_up_storage_space.html;
  /usermanual/dds/dds_03_0018.html /document-database-service/umn/managing_dds_db_instances/storage/reverting_cluster_instance_nodes.html;
  /usermanual/dds/dds_03_0006.html /document-database-service/umn/managing_dds_db_instances/backup_and_restore/index.html;
  /usermanual/dds/dds_03_0009.html /document-database-service/umn/managing_dds_db_instances/backup_and_restore/deleting_an_automated_backup.html;
  /usermanual/dds/en-us_topic_backup_restore.html /document-database-service/umn/managing_dds_db_instances/backup_and_restore/setting_automated_backup_policy.html;
  /usermanual/dds/dds_03_0008.html /document-database-service/umn/managing_dds_db_instances/backup_and_restore/deleting_a_manual_backup.html;
  /usermanual/dds/dds_03_0007.html /document-database-service/umn/managing_dds_db_instances/backup_and_restore/creating_a_manual_backup.html;
  /usermanual/dds/dds_03_0043.html /document-database-service/umn/managing_dds_db_instances/backup_and_restore/restoring_a_replica_set_instance_from_a_backup.html;
  /usermanual/dds/dds_03_0042.html /document-database-service/umn/managing_dds_db_instances/backup_and_restore/restoring_a_cluster_instance_from_a_backup.html;
  /usermanual/dds/en-us_topic_backup_download.html /document-database-service/umn/managing_dds_db_instances/backup_and_restore/downloading_backup_files.html;
  /usermanual/dds/dds_08_0001.html /document-database-service/umn/managing_dds_db_instances/changing_db_instance_classes/index.html;
  /usermanual/dds/en-us_topic_0104472218.html /document-database-service/umn/managing_dds_db_instances/changing_db_instance_classes/changing_the_cpu_or_memory_of_a_cluster_db_instance.html;
  /usermanual/dds/en-us_topic_0104721795.html /document-database-service/umn/managing_dds_db_instances/changing_db_instance_classes/changing_the_cpu_or_memory_of_a_replica_set_db_instance.html;
  /usermanual/dds/dds_03_0057.html /document-database-service/umn/managing_dds_db_instances/managing_database_accounts.html;
  /usermanual/dds/dds_03_0052.html /document-database-service/umn/managing_dds_db_instances/migrating_data.html;
  /usermanual/dds/dds_03_0040.html /document-database-service/umn/managing_dds_db_instances/task_center.html;
  /usermanual/dds/dds_03_0012.html /document-database-service/umn/managing_dds_db_instances/parameter_group/comparing_two_parameter_groups.html;
  /usermanual/dds/dds_03_0013.html /document-database-service/umn/managing_dds_db_instances/parameter_group/replicating_a_parameter_group.html;
  /usermanual/dds/dds_03_0010.html /document-database-service/umn/managing_dds_db_instances/parameter_group/index.html;
  /usermanual/dds/dds_03_0016.html /document-database-service/umn/managing_dds_db_instances/parameter_group/deleting_a_parameter_group.html;
  /usermanual/dds/en-us_topic_parameter_group.html /document-database-service/umn/managing_dds_db_instances/parameter_group/creating_a_parameter_group.html;
  /usermanual/dds/dds_03_0014.html /document-database-service/umn/managing_dds_db_instances/parameter_group/changing_associated_parameter_group.html;
  /usermanual/dds/en-us_topic_configuration.html /document-database-service/umn/managing_dds_db_instances/parameter_group/editing_a_parameter_group.html;
  /usermanual/dds/dds_03_0015.html /document-database-service/umn/managing_dds_db_instances/parameter_group/resetting_a_parameter_group.html;
  /usermanual/dds/dds_03_0044.html /document-database-service/umn/managing_dds_db_instances/parameter_group/changing_a_parameter_group_description.html;
  /usermanual/dds/dds_02_cluster.html /document-database-service/umn/getting_started_with_clusters/index.html;
  /usermanual/dds/dds_02_0003.html /document-database-service/umn/getting_started_with_clusters/service_process.html;
  /usermanual/dds/dds_02_0008.html /document-database-service/umn/getting_started_with_clusters/creating_a_cluster_instance.html;
  /usermanual/dds/dds_02_0005.html /document-database-service/umn/getting_started_with_clusters/setting_a_security_group.html;
  /usermanual/dds/dds_02_0002.html /document-database-service/umn/getting_started_with_clusters/restrictions.html;
  /usermanual/dds/dds_02_0009.html /document-database-service/umn/getting_started_with_clusters/connecting_to_a_cluster_instance/index.html;
  /usermanual/dds/dds_02_0007.html /document-database-service/umn/getting_started_with_clusters/connecting_to_a_cluster_instance/enabling_or_disabling_ssl.html;
  /usermanual/dds/dds_02_0006.html /document-database-service/umn/getting_started_with_clusters/connecting_to_a_cluster_instance/binding_and_unbinding_an_eip.html;
  /usermanual/dds/en-us_topic_0044018334.html /document-database-service/umn/getting_started_with_clusters/connecting_to_a_cluster_instance/connecting_to_a_db_instance_through_a_client.html;
  /usermanual/dds/dds_02_replica_set.html /document-database-service/umn/getting_started_with_replica_sets/index.html;
  /usermanual/dds/dds_02_0012.html /document-database-service/umn/getting_started_with_replica_sets/creating_a_replica_set_instance.html;
  /usermanual/dds/dds_02_0010.html /document-database-service/umn/getting_started_with_replica_sets/service_process.html;
  /usermanual/dds/dds_02_0013.html /document-database-service/umn/getting_started_with_replica_sets/setting_a_security_group.html;
  /usermanual/dds/dds_02_0011.html /document-database-service/umn/getting_started_with_replica_sets/restrictions.html;
  /usermanual/dds/dds_02_0014.html /document-database-service/umn/getting_started_with_replica_sets/connecting_to_a_replica_set_instance/index.html;
  /usermanual/dds/dds_02_0016.html /document-database-service/umn/getting_started_with_replica_sets/connecting_to_a_replica_set_instance/enabling_or_disabling_ssl.html;
  /usermanual/dds/dds_02_0015.html /document-database-service/umn/getting_started_with_replica_sets/connecting_to_a_replica_set_instance/binding_and_unbinding_an_eip.html;
  /usermanual/dds/en-us_topic_0105284966.html /document-database-service/umn/getting_started_with_replica_sets/connecting_to_a_replica_set_instance/connecting_to_a_db_instance_through_a_client.html;
  /usermanual/dds/en-us_topic_user_guide.html /document-database-service/umn/introduction/index.html;
  /usermanual/dds/dds_01_0006.html /document-database-service/umn/introduction/product_advantages/index.html;
  /usermanual/dds/dds_01_0007.html /document-database-service/umn/introduction/product_advantages/high_reliability.html;
  /usermanual/dds/dds_01_0008.html /document-database-service/umn/introduction/product_advantages/high_security.html;
  /usermanual/dds/dds_01_0009.html /document-database-service/umn/introduction/product_advantages/scalability.html;
  /usermanual/dds/dds_01_0010.html /document-database-service/umn/introduction/product_advantages/ease_of_use.html;
  /usermanual/dds/dds_01_0013.html /document-database-service/umn/introduction/dds_db_instance/index.html;
  /usermanual/dds/dds_01_0026.html /document-database-service/umn/introduction/dds_db_instance/database_status.html;
  /usermanual/dds/dds_01_0014.html /document-database-service/umn/introduction/dds_db_instance/database_engine_and_version.html;
  /usermanual/dds/dds_01_0024.html /document-database-service/umn/introduction/dds_db_instance/db_instance_specifications.html;
  /usermanual/dds/en-us_topic_introduction.html /document-database-service/umn/introduction/what_is_dds.html;
  /usermanual/dds/dds_01_0001.html /document-database-service/umn/introduction/basic_concepts/index.html;
  /usermanual/dds/dds_01_0027.html /document-database-service/umn/introduction/basic_concepts/regions_and_azs.html;
  /usermanual/dds/dds_01_0002.html /document-database-service/umn/introduction/basic_concepts/cluster.html;
  /usermanual/dds/dds_01_0005.html /document-database-service/umn/introduction/basic_concepts/database_parameter_group.html;
  /usermanual/dds/dds_01_0016.html /document-database-service/umn/introduction/related_services.html;
  /usermanual/dds/dds_01_0017.html /document-database-service/umn/introduction/user_permissions.html;
  /usermanual/dds/dds_01_0021.html /document-database-service/umn/introduction/system_architecture/index.html;
  /usermanual/dds/dds_01_0011.html /document-database-service/umn/introduction/system_architecture/cluster_architecture.html;
  /usermanual/dds/dds_01_0012.html /document-database-service/umn/introduction/system_architecture/replica_set_architecture.html;
  /usermanual/dds/dds_01_0015.html /document-database-service/umn/introduction/typical_application_scenarios.html;
  /en-us/api/dds/dds_public_parameters.html /document-database-service/api-ref/appendix/index.html;
  /en-us/api/dds/dds_projectid.html /document-database-service/api-ref/appendix/obtaining_a_project_id.html;
  /en-us/api/dds/dds_metrics.html /document-database-service/api-ref/appendix/dds_metrics.html;
  /en-us/api/dds/dds_status_code.html /document-database-service/api-ref/appendix/status_code.html;
  /en-us/api/dds/dds_error_code.html /document-database-service/api-ref/appendix/error_code.html;
  /en-us/api/dds/ /document-database-service/api-ref/index.html;
  /en-us/api/dds/dds_api_description.html /document-database-service/api-ref/api_description/index.html;
  /en-us/api/dds/dds_database_version.html /document-database-service/api-ref/api_description/querying_database_version_information.html;
  /en-us/api/dds/dds_api_version.html /document-database-service/api-ref/api_description/querying_the_api_version/index.html;
  /en-us/api/dds/dds_api_0019.html /document-database-service/api-ref/api_description/querying_the_api_version/querying_api_version_information.html;
  /en-us/api/dds/dds_api_0018.html /document-database-service/api-ref/api_description/querying_the_api_version/querying_the_api_version_list.html;
  /en-us/api/dds/dds_instance_specification.html /document-database-service/api-ref/api_description/querying_all_db_instance_specifications.html;
  /en-us/api/dds/dds_instance_mgmt.html /document-database-service/api-ref/api_description/db_instance_management/index.html;
  /en-us/api/dds/dds_api_0020.html /document-database-service/api-ref/api_description/db_instance_management/creating_a_db_instance.html;
  /en-us/api/dds/dds_api_0022.html /document-database-service/api-ref/api_description/db_instance_management/deleting_a_db_instance.html;
  /en-us/api/dds/dds_api_0023.html /document-database-service/api-ref/api_description/db_instance_management/querying_db_instances.html;
  /en-us/api/dds/dds_api_0017.html /document-database-service/api-ref/api_calling/example.html;
  /en-us/api/dds/dds_api_0014.html /document-database-service/api-ref/api_calling/index.html;
  /en-us/api/dds/dds_api_0016.html /document-database-service/api-ref/api_calling/rest_apis.html;
  /en-us/api/dds/dds_api_0015.html /document-database-service/api-ref/api_calling/scenarios.html;
  /en-us/api/dds/dds_change_history.html /document-database-service/api-ref/change_history.html;
  /en-us/api/dds/dds_api_0006.html /document-database-service/api-ref/api_overview.html;
  /en-us/api/dds/dds_api_reference.html /document-database-service/api-ref/before_you_start.html;
  /en-us/api/dds/dds_api_0007.html /document-database-service/api-ref/environment_preparations/index.html;
  /en-us/api/dds/dds_api_0010.html /document-database-service/api-ref/environment_preparations/token_authentication.html;
  /en-us/usermanual/dds/dds_glossary.html /document-database-service/umn/glossary.html;
  /en-us/usermanual/dds/ /document-database-service/umn/index.html;
  /en-us/usermanual/dds/dds_03_0024.html /document-database-service/umn/monitoring/index.html;
  /en-us/usermanual/dds/dds_03_0028.html /document-database-service/umn/monitoring/interconnecting_with_cts/index.html;
  /en-us/usermanual/dds/dds_03_0032.html /document-database-service/umn/monitoring/interconnecting_with_cts/querying_traces.html;
  /en-us/usermanual/dds/dds_03_0029.html /document-database-service/umn/monitoring/interconnecting_with_cts/key_operations_recorded_by_cts.html;
  /en-us/usermanual/dds/dds_03_0025.html /document-database-service/umn/monitoring/interconnected_with_cloud_eye/index.html;
  /en-us/usermanual/dds/dds_03_0078.html /document-database-service/umn/monitoring/interconnected_with_cloud_eye/viewing_dds_metrics.html;
  /en-us/usermanual/dds/dds_03_0026.html /document-database-service/umn/monitoring/interconnected_with_cloud_eye/dds_metrics.html;
  /en-us/usermanual/dds/dds_03_0027.html /document-database-service/umn/monitoring/interconnected_with_cloud_eye/setting_alarm_rules.html;
  /en-us/usermanual/dds/en-us_topic_error_log.html /document-database-service/umn/monitoring/error_log.html;
  /en-us/usermanual/dds/en-us_topic_slow_query_log.html /document-database-service/umn/monitoring/slow_query_log.html;
  /en-us/usermanual/dds/dds_02_0043.html /document-database-service/umn/logging_in_to_the_dds_console.html;
  /en-us/usermanual/dds/dds_faq_0100.html /document-database-service/umn/faqs/index.html;
  /en-us/usermanual/dds/dds_faq_0104.html /document-database-service/umn/faqs/connection_and_access_faqs/index.html;
  /en-us/usermanual/dds/dds_faq_0013.html /document-database-service/umn/faqs/connection_and_access_faqs/what_should_i_do_if_the_ecs_cannot_connect_to_a_dds_db_instance.html;
  /en-us/usermanual/dds/dds_faq_0018.html /document-database-service/umn/faqs/connection_and_access_faqs/how_can_i_install_a_mongodb_client.html;
  /en-us/usermanual/dds/dds_faq_0017.html /document-database-service/umn/faqs/connection_and_access_faqs/do_applications_need_to_support_automatic_reconnecting_to_the_dds_database.html;
  /en-us/usermanual/dds/dds_faq_0015.html /document-database-service/umn/faqs/connection_and_access_faqs/what_should_i_do_if_a_dds_server_problem_causes_a_connection_failure.html;
  /en-us/usermanual/dds/dds_faq_0012.html /document-database-service/umn/faqs/connection_and_access_faqs/what_is_the_number_of_dds_database_connections.html;
  /en-us/usermanual/dds/dds_faq_0011.html /document-database-service/umn/faqs/connection_and_access_faqs/can_an_external_server_access_the_dds_db_instance.html;
  /en-us/usermanual/dds/dds_faq_0014.html /document-database-service/umn/faqs/connection_and_access_faqs/what_should_i_do_if_a_database_client_problem_causes_a_connection_failure.html;
  /en-us/usermanual/dds/dds_faq_0034.html /document-database-service/umn/faqs/connection_and_access_faqs/how_can_i_create_and_log_in_to_an_ecs.html;
  /en-us/usermanual/dds/dds_faq_0016.html /document-database-service/umn/faqs/connection_and_access_faqs/how_can_my_applications_access_a_dds_db_instance_in_a_vpc.html;
  /en-us/usermanual/dds/dds_faq_0033.html /document-database-service/umn/faqs/which_commands_are_supported_or_restricted_by_dds.html;
  /en-us/usermanual/dds/dds_faq_0101.html /document-database-service/umn/faqs/common_faqs/index.html;
  /en-us/usermanual/dds/dds_faq_0003.html /document-database-service/umn/faqs/common_faqs/can_i_use_a_template_to_create_dds_db_instances.html;
  /en-us/usermanual/dds/dds_faq_0001.html /document-database-service/umn/faqs/common_faqs/what_precautions_should_be_taken_when_using_dds.html;
  /en-us/usermanual/dds/dds_faq_0004.html /document-database-service/umn/faqs/common_faqs/will_my_dds_db_instances_be_affected_by_other_users_dds_db_instances.html;
  /en-us/usermanual/dds/dds_faq_0002.html /document-database-service/umn/faqs/common_faqs/what_is_the_availability_of_dds_db_instances.html;
  /en-us/usermanual/dds/dds_faq_0109.html /document-database-service/umn/faqs/storage_faqs/index.html;
  /en-us/usermanual/dds/dds_faq_0028.html /document-database-service/umn/faqs/storage_faqs/what_is_the_dds_db_instance_storage_configuration.html;
  /en-us/usermanual/dds/dds_faq_0032.html /document-database-service/umn/faqs/storage_faqs/which_types_of_logs_and_files_occupy_dds_db_instance_storage_space.html;
  /en-us/usermanual/dds/dds_faq_0025.html /document-database-service/umn/faqs/storage_faqs/how_do_i_back_up_dds_to_ecs.html;
  /en-us/usermanual/dds/dds_faq_0031.html /document-database-service/umn/faqs/storage_faqs/what_overhead_does_the_storage_space_have_after_i_applied_for_a_dds_db_instance.html;
  /en-us/usermanual/dds/dds_faq_0029.html /document-database-service/umn/faqs/storage_faqs/what_should_i_do_if_my_data_exceeds_the_database_storage_space_of_a_dds_db_instance.html;
  /en-us/usermanual/dds/dds_faq_0030.html /document-database-service/umn/faqs/storage_faqs/which_items_occupy_the_storage_space_on_my_purchased_dds_db_instances.html;
  /en-us/usermanual/dds/dds_faq_0026.html /document-database-service/umn/faqs/storage_faqs/how_long_does_dds_store_backup_data_for.html;
  /en-us/usermanual/dds/dds_faq_0102.html /document-database-service/umn/faqs/management_faqs/index.html;
  /en-us/usermanual/dds/dds_faq_0006.html /document-database-service/umn/faqs/management_faqs/what_is_the_time_delay_for_primary_secondary_synchronization_in_a_replica_set.html;
  /en-us/usermanual/dds/dds_faq_0007.html /document-database-service/umn/faqs/management_faqs/why_is_data_missing_from_my_database.html;
  /en-us/usermanual/dds/dds_faq_0010.html /document-database-service/umn/faqs/management_faqs/does_dds_support_read_write_splitting.html;
  /en-us/usermanual/dds/dds_faq_0008.html /document-database-service/umn/faqs/management_faqs/will_my_backups_be_deleted_if_i_delete_my_cloud_account.html;
  /en-us/usermanual/dds/dds_faq_0005.html /document-database-service/umn/faqs/management_faqs/what_should_i_do_if_my_query_is_slow.html;
  /en-us/usermanual/dds/dds_faq_0009.html /document-database-service/umn/faqs/management_faqs/are_my_dds_db_instances_available_when_scaling.html;
  /en-us/usermanual/dds/dds_faq_0108.html /document-database-service/umn/faqs/parameter_and_metric_faqs/index.html;
  /en-us/usermanual/dds/dds_faq_0019.html /document-database-service/umn/faqs/parameter_and_metric_faqs/what_db_instance_monitoring_metrics_do_i_need_to_pay_attention_to.html;
  /en-us/usermanual/dds/dds_faq_0110.html /document-database-service/umn/faqs/network_and_security_faqs/index.html;
  /en-us/usermanual/dds/dds_faq_0021.html /document-database-service/umn/faqs/network_and_security_faqs/what_security_protection_policies_does_dds_have.html;
  /en-us/usermanual/dds/dds_faq_0022.html /document-database-service/umn/faqs/network_and_security_faqs/do_i_need_to_use_dds_in_a_vpc.html;
  /en-us/usermanual/dds/dds_faq_0023.html /document-database-service/umn/faqs/network_and_security_faqs/how_do_i_ensure_the_security_of_dds_in_a_vpc.html;
  /en-us/usermanual/dds/dds_change_history.html /document-database-service/umn/change_history.html;
  /en-us/usermanual/dds/dds_03_0001.html /document-database-service/umn/managing_dds_db_instances/index.html;
  /en-us/usermanual/dds/dds_03_0023.html /document-database-service/umn/managing_dds_db_instances/tag.html;
  /en-us/usermanual/dds/dds_03_0002.html /document-database-service/umn/managing_dds_db_instances/db_instance_operations/index.html;
  /en-us/usermanual/dds/dds_03_0050.html /document-database-service/umn/managing_dds_db_instances/db_instance_operations/manually_switching_the_primary_and_secondary_nodes_of_a_replica_set.html;
  /en-us/usermanual/dds/dds_03_0051.html /document-database-service/umn/managing_dds_db_instances/db_instance_operations/exporting_db_instance_information.html;
  /en-us/usermanual/dds/dds_03_0075.html /document-database-service/umn/managing_dds_db_instances/db_instance_operations/modifying_the_db_instance_name.html;
  /en-us/usermanual/dds/dds_03_0004.html /document-database-service/umn/managing_dds_db_instances/db_instance_operations/deleting_a_db_instance.html;
  /en-us/usermanual/dds/dds_03_0003.html /document-database-service/umn/managing_dds_db_instances/db_instance_operations/restarting_a_db_instance_or_a_node.html;
  /en-us/usermanual/dds/dds_03_0019.html /document-database-service/umn/managing_dds_db_instances/security/index.html;
  /en-us/usermanual/dds/en-us_topic_change_database_port.html /document-database-service/umn/managing_dds_db_instances/security/changing_the_database_port.html;
  /en-us/usermanual/dds/en-us_topic_reset_password.html /document-database-service/umn/managing_dds_db_instances/security/resetting_the_administrator_password.html;
  /en-us/usermanual/dds/en-us_topic_change_security_group.html /document-database-service/umn/managing_dds_db_instances/security/changing_a_security_group.html;
  /en-us/usermanual/dds/dds_03_0017.html /document-database-service/umn/managing_dds_db_instances/storage/index.html;
  /en-us/usermanual/dds/en-us_topic_increase_nodes.html /document-database-service/umn/managing_dds_db_instances/storage/adding_cluster_instance_nodes.html;
  /en-us/usermanual/dds/en-us_topic_increase_storage.html /document-database-service/umn/managing_dds_db_instances/storage/scaling_up_storage_space.html;
  /en-us/usermanual/dds/dds_03_0018.html /document-database-service/umn/managing_dds_db_instances/storage/reverting_cluster_instance_nodes.html;
  /en-us/usermanual/dds/dds_03_0006.html /document-database-service/umn/managing_dds_db_instances/backup_and_restore/index.html;
  /en-us/usermanual/dds/dds_03_0009.html /document-database-service/umn/managing_dds_db_instances/backup_and_restore/deleting_an_automated_backup.html;
  /en-us/usermanual/dds/en-us_topic_backup_restore.html /document-database-service/umn/managing_dds_db_instances/backup_and_restore/setting_automated_backup_policy.html;
  /en-us/usermanual/dds/dds_03_0008.html /document-database-service/umn/managing_dds_db_instances/backup_and_restore/deleting_a_manual_backup.html;
  /en-us/usermanual/dds/dds_03_0007.html /document-database-service/umn/managing_dds_db_instances/backup_and_restore/creating_a_manual_backup.html;
  /en-us/usermanual/dds/dds_03_0043.html /document-database-service/umn/managing_dds_db_instances/backup_and_restore/restoring_a_replica_set_instance_from_a_backup.html;
  /en-us/usermanual/dds/dds_03_0042.html /document-database-service/umn/managing_dds_db_instances/backup_and_restore/restoring_a_cluster_instance_from_a_backup.html;
  /en-us/usermanual/dds/en-us_topic_backup_download.html /document-database-service/umn/managing_dds_db_instances/backup_and_restore/downloading_backup_files.html;
  /en-us/usermanual/dds/dds_08_0001.html /document-database-service/umn/managing_dds_db_instances/changing_db_instance_classes/index.html;
  /en-us/usermanual/dds/en-us_topic_0104472218.html /document-database-service/umn/managing_dds_db_instances/changing_db_instance_classes/changing_the_cpu_or_memory_of_a_cluster_db_instance.html;
  /en-us/usermanual/dds/en-us_topic_0104721795.html /document-database-service/umn/managing_dds_db_instances/changing_db_instance_classes/changing_the_cpu_or_memory_of_a_replica_set_db_instance.html;
  /en-us/usermanual/dds/dds_03_0057.html /document-database-service/umn/managing_dds_db_instances/managing_database_accounts.html;
  /en-us/usermanual/dds/dds_03_0052.html /document-database-service/umn/managing_dds_db_instances/migrating_data.html;
  /en-us/usermanual/dds/dds_03_0040.html /document-database-service/umn/managing_dds_db_instances/task_center.html;
  /en-us/usermanual/dds/dds_03_0012.html /document-database-service/umn/managing_dds_db_instances/parameter_group/comparing_two_parameter_groups.html;
  /en-us/usermanual/dds/dds_03_0013.html /document-database-service/umn/managing_dds_db_instances/parameter_group/replicating_a_parameter_group.html;
  /en-us/usermanual/dds/dds_03_0010.html /document-database-service/umn/managing_dds_db_instances/parameter_group/index.html;
  /en-us/usermanual/dds/dds_03_0016.html /document-database-service/umn/managing_dds_db_instances/parameter_group/deleting_a_parameter_group.html;
  /en-us/usermanual/dds/en-us_topic_parameter_group.html /document-database-service/umn/managing_dds_db_instances/parameter_group/creating_a_parameter_group.html;
  /en-us/usermanual/dds/dds_03_0014.html /document-database-service/umn/managing_dds_db_instances/parameter_group/changing_associated_parameter_group.html;
  /en-us/usermanual/dds/en-us_topic_configuration.html /document-database-service/umn/managing_dds_db_instances/parameter_group/editing_a_parameter_group.html;
  /en-us/usermanual/dds/dds_03_0015.html /document-database-service/umn/managing_dds_db_instances/parameter_group/resetting_a_parameter_group.html;
  /en-us/usermanual/dds/dds_03_0044.html /document-database-service/umn/managing_dds_db_instances/parameter_group/changing_a_parameter_group_description.html;
  /en-us/usermanual/dds/dds_02_cluster.html /document-database-service/umn/getting_started_with_clusters/index.html;
  /en-us/usermanual/dds/dds_02_0003.html /document-database-service/umn/getting_started_with_clusters/service_process.html;
  /en-us/usermanual/dds/dds_02_0008.html /document-database-service/umn/getting_started_with_clusters/creating_a_cluster_instance.html;
  /en-us/usermanual/dds/dds_02_0005.html /document-database-service/umn/getting_started_with_clusters/setting_a_security_group.html;
  /en-us/usermanual/dds/dds_02_0002.html /document-database-service/umn/getting_started_with_clusters/restrictions.html;
  /en-us/usermanual/dds/dds_02_0009.html /document-database-service/umn/getting_started_with_clusters/connecting_to_a_cluster_instance/index.html;
  /en-us/usermanual/dds/dds_02_0007.html /document-database-service/umn/getting_started_with_clusters/connecting_to_a_cluster_instance/enabling_or_disabling_ssl.html;
  /en-us/usermanual/dds/dds_02_0006.html /document-database-service/umn/getting_started_with_clusters/connecting_to_a_cluster_instance/binding_and_unbinding_an_eip.html;
  /en-us/usermanual/dds/en-us_topic_0044018334.html /document-database-service/umn/getting_started_with_clusters/connecting_to_a_cluster_instance/connecting_to_a_db_instance_through_a_client.html;
  /en-us/usermanual/dds/dds_02_replica_set.html /document-database-service/umn/getting_started_with_replica_sets/index.html;
  /en-us/usermanual/dds/dds_02_0012.html /document-database-service/umn/getting_started_with_replica_sets/creating_a_replica_set_instance.html;
  /en-us/usermanual/dds/dds_02_0010.html /document-database-service/umn/getting_started_with_replica_sets/service_process.html;
  /en-us/usermanual/dds/dds_02_0013.html /document-database-service/umn/getting_started_with_replica_sets/setting_a_security_group.html;
  /en-us/usermanual/dds/dds_02_0011.html /document-database-service/umn/getting_started_with_replica_sets/restrictions.html;
  /en-us/usermanual/dds/dds_02_0014.html /document-database-service/umn/getting_started_with_replica_sets/connecting_to_a_replica_set_instance/index.html;
  /en-us/usermanual/dds/dds_02_0016.html /document-database-service/umn/getting_started_with_replica_sets/connecting_to_a_replica_set_instance/enabling_or_disabling_ssl.html;
  /en-us/usermanual/dds/dds_02_0015.html /document-database-service/umn/getting_started_with_replica_sets/connecting_to_a_replica_set_instance/binding_and_unbinding_an_eip.html;
  /en-us/usermanual/dds/en-us_topic_0105284966.html /document-database-service/umn/getting_started_with_replica_sets/connecting_to_a_replica_set_instance/connecting_to_a_db_instance_through_a_client.html;
  /en-us/usermanual/dds/en-us_topic_user_guide.html /document-database-service/umn/introduction/index.html;
  /en-us/usermanual/dds/dds_01_0006.html /document-database-service/umn/introduction/product_advantages/index.html;
  /en-us/usermanual/dds/dds_01_0007.html /document-database-service/umn/introduction/product_advantages/high_reliability.html;
  /en-us/usermanual/dds/dds_01_0008.html /document-database-service/umn/introduction/product_advantages/high_security.html;
  /en-us/usermanual/dds/dds_01_0009.html /document-database-service/umn/introduction/product_advantages/scalability.html;
  /en-us/usermanual/dds/dds_01_0010.html /document-database-service/umn/introduction/product_advantages/ease_of_use.html;
  /en-us/usermanual/dds/dds_01_0013.html /document-database-service/umn/introduction/dds_db_instance/index.html;
  /en-us/usermanual/dds/dds_01_0026.html /document-database-service/umn/introduction/dds_db_instance/database_status.html;
  /en-us/usermanual/dds/dds_01_0014.html /document-database-service/umn/introduction/dds_db_instance/database_engine_and_version.html;
  /en-us/usermanual/dds/dds_01_0024.html /document-database-service/umn/introduction/dds_db_instance/db_instance_specifications.html;
  /en-us/usermanual/dds/en-us_topic_introduction.html /document-database-service/umn/introduction/what_is_dds.html;
  /en-us/usermanual/dds/dds_01_0001.html /document-database-service/umn/introduction/basic_concepts/index.html;
  /en-us/usermanual/dds/dds_01_0027.html /document-database-service/umn/introduction/basic_concepts/regions_and_azs.html;
  /en-us/usermanual/dds/dds_01_0002.html /document-database-service/umn/introduction/basic_concepts/cluster.html;
  /en-us/usermanual/dds/dds_01_0005.html /document-database-service/umn/introduction/basic_concepts/database_parameter_group.html;
  /en-us/usermanual/dds/dds_01_0016.html /document-database-service/umn/introduction/related_services.html;
  /en-us/usermanual/dds/dds_01_0017.html /document-database-service/umn/introduction/user_permissions.html;
  /en-us/usermanual/dds/dds_01_0021.html /document-database-service/umn/introduction/system_architecture/index.html;
  /en-us/usermanual/dds/dds_01_0011.html /document-database-service/umn/introduction/system_architecture/cluster_architecture.html;
  /en-us/usermanual/dds/dds_01_0012.html /document-database-service/umn/introduction/system_architecture/replica_set_architecture.html;
  /en-us/usermanual/dds/dds_01_0015.html /document-database-service/umn/introduction/typical_application_scenarios.html;
