  /api/elb/elb_fl_0000.html /elastic-load-balancing/api-ref/appendix/index.html;
  /api/elb/elb_gc_1102.html /elastic-load-balancing/api-ref/appendix/status_codes.html;
  /api/elb/elb_fl_0003.html /elastic-load-balancing/api-ref/appendix/general_information_about_shared_load_balancers/index.html;
  /api/elb/elb_fl_0007.html /elastic-load-balancing/api-ref/appendix/general_information_about_shared_load_balancers/basic_workflow.html;
  /api/elb/elb_fl_0004.html /elastic-load-balancing/api-ref/appendix/general_information_about_shared_load_balancers/querying_data_in_pages.html;
  /api/elb/elb_fl_0005.html /elastic-load-balancing/api-ref/appendix/general_information_about_shared_load_balancers/sequencing_query_results.html;
  /api/elb/ErrorCode.html /elastic-load-balancing/api-ref/appendix/error_codes.html;
  /api/elb/elb_fl_0002.html /elastic-load-balancing/api-ref/appendix/elb_metrics.html;
  /api/elb/ /elastic-load-balancing/api-ref/index.html;
  /api/elb/elb_gc_0000.html /elastic-load-balancing/api-ref/common_parameters/index.html;
  /api/elb/elb_gc_0003.html /elastic-load-balancing/api-ref/common_parameters/http_status_codes_for_dedicated_load_balancers.html;
  /api/elb/elb_gc_0002.html /elastic-load-balancing/api-ref/common_parameters/http_status_codes_of_shared_load_balancers.html;
  /api/elb/elb_eg_v3_0000.html /elastic-load-balancing/api-ref/examples/index.html;
  /api/elb/elb_eg_v3_0003.html /elastic-load-balancing/api-ref/examples/deleting_a_dedicated_load_balancer.html;
  /api/elb/elb_eg_v3_0002.html /elastic-load-balancing/api-ref/examples/adding_a_listener_to_a_dedicated_load_balancer.html;
  /api/elb/en-us_topic_0000001127879251.html /elastic-load-balancing/api-ref/examples/creating_a_dedicated_load_balancer_and_binding_a_new_eip_to_it.html;
  /api/elb/elb_fl_0006.html /elastic-load-balancing/api-ref/querying_versions.html;
  /api/elb/en-us_topic_0022480177.html /elastic-load-balancing/api-ref/api_usage_guidelines.html;
  /api/elb/elb_xd_0000.html /elastic-load-balancing/api-ref/change_history.html;
  /api/elb/elb_dx_0000.html /elastic-load-balancing/api-ref/dedicated_load_balancer_apis/index.html;
  /api/elb/en-us_topic_0000001088310753.html /elastic-load-balancing/api-ref/dedicated_load_balancer_apis/api_call_precaution.html;
  /api/elb/topic_300000002.html /elastic-load-balancing/api-ref/dedicated_load_balancer_apis/load_balancer_flavor/index.html;
  /api/elb/ShowFlavor.html /elastic-load-balancing/api-ref/dedicated_load_balancer_apis/load_balancer_flavor/viewing_details_of_a_flavor.html;
  /api/elb/ListFlavors.html /elastic-load-balancing/api-ref/dedicated_load_balancer_apis/load_balancer_flavor/querying_flavors.html;
  /api/elb/topic_300000008.html /elastic-load-balancing/api-ref/dedicated_load_balancer_apis/health_check/index.html;
  /api/elb/UpdateHealthMonitor.html /elastic-load-balancing/api-ref/dedicated_load_balancer_apis/health_check/updating_a_health_check.html;
  /api/elb/DeleteHealthMonitor.html /elastic-load-balancing/api-ref/dedicated_load_balancer_apis/health_check/deleting_a_health_check.html;
  /api/elb/CreateHealthMonitor.html /elastic-load-balancing/api-ref/dedicated_load_balancer_apis/health_check/configuring_a_health_check.html;
  /api/elb/ListHealthMonitors.html /elastic-load-balancing/api-ref/dedicated_load_balancer_apis/health_check/querying_health_checks.html;
  /api/elb/ShowHealthMonitor.html /elastic-load-balancing/api-ref/dedicated_load_balancer_apis/health_check/viewing_details_of_a_health_check.html;
  /api/elb/ShowListener.html /elastic-load-balancing/api-ref/dedicated_load_balancer_apis/listener/viewing_details_of_a_listener.html;
  /api/elb/topic_300000005.html /elastic-load-balancing/api-ref/dedicated_load_balancer_apis/listener/index.html;
  /api/elb/UpdateListener.html /elastic-load-balancing/api-ref/dedicated_load_balancer_apis/listener/updating_a_listener.html;
  /api/elb/CreateListener.html /elastic-load-balancing/api-ref/dedicated_load_balancer_apis/listener/adding_a_listener.html;
  /api/elb/ListListeners.html /elastic-load-balancing/api-ref/dedicated_load_balancer_apis/listener/querying_listeners.html;
  /api/elb/DeleteListener.html /elastic-load-balancing/api-ref/dedicated_load_balancer_apis/listener/deleting_a_listener.html;
  /api/elb/topic_300000007.html /elastic-load-balancing/api-ref/dedicated_load_balancer_apis/backend_server/index.html;
  /api/elb/ShowMember.html /elastic-load-balancing/api-ref/dedicated_load_balancer_apis/backend_server/viewing_details_of_a_backend_server.html;
  /api/elb/UpdateMember.html /elastic-load-balancing/api-ref/dedicated_load_balancer_apis/backend_server/updating_a_backend_server.html;
  /api/elb/ListMembers.html /elastic-load-balancing/api-ref/dedicated_load_balancer_apis/backend_server/querying_backend_servers.html;
  /api/elb/DeleteMember.html /elastic-load-balancing/api-ref/dedicated_load_balancer_apis/backend_server/removing_a_backend_server.html;
  /api/elb/CreateMember.html /elastic-load-balancing/api-ref/dedicated_load_balancer_apis/backend_server/adding_a_backend_server.html;
  /api/elb/topic_300000010.html /elastic-load-balancing/api-ref/dedicated_load_balancer_apis/forwarding_rule/index.html;
  /api/elb/ListL7Rules.html /elastic-load-balancing/api-ref/dedicated_load_balancer_apis/forwarding_rule/querying_forwarding_rules.html;
  /api/elb/CreateL7Rule.html /elastic-load-balancing/api-ref/dedicated_load_balancer_apis/forwarding_rule/adding_a_forwarding_rule.html;
  /api/elb/DeleteL7Rule.html /elastic-load-balancing/api-ref/dedicated_load_balancer_apis/forwarding_rule/deleting_a_forwarding_rule.html;
  /api/elb/ShowL7Rule.html /elastic-load-balancing/api-ref/dedicated_load_balancer_apis/forwarding_rule/viewing_details_of_a_forwarding_rule.html;
  /api/elb/UpdateL7Rule.html /elastic-load-balancing/api-ref/dedicated_load_balancer_apis/forwarding_rule/updating_a_forwarding_rule.html;
  /api/elb/topic_300000000.html /elastic-load-balancing/api-ref/dedicated_load_balancer_apis/quota/index.html;
  /api/elb/ShowQuota.html /elastic-load-balancing/api-ref/dedicated_load_balancer_apis/quota/querying_quotas.html;
  /api/elb/topic_300000006.html /elastic-load-balancing/api-ref/dedicated_load_balancer_apis/backend_server_group/index.html;
  /api/elb/ShowPool.html /elastic-load-balancing/api-ref/dedicated_load_balancer_apis/backend_server_group/viewing_details_of_a_backend_server_group.html;
  /api/elb/CreatePool.html /elastic-load-balancing/api-ref/dedicated_load_balancer_apis/backend_server_group/creating_a_backend_server_group.html;
  /api/elb/UpdatePool.html /elastic-load-balancing/api-ref/dedicated_load_balancer_apis/backend_server_group/updating_a_backend_server_group.html;
  /api/elb/ListPools.html /elastic-load-balancing/api-ref/dedicated_load_balancer_apis/backend_server_group/querying_backend_server_groups.html;
  /api/elb/DeletePool.html /elastic-load-balancing/api-ref/dedicated_load_balancer_apis/backend_server_group/deleting_a_backend_server_group.html;
  /api/elb/topic_300000003.html /elastic-load-balancing/api-ref/dedicated_load_balancer_apis/load_balancer/index.html;
  /api/elb/UpdateLoadBalancer.html /elastic-load-balancing/api-ref/dedicated_load_balancer_apis/load_balancer/updating_a_load_balancer.html;
  /api/elb/DeleteLoadBalancer.html /elastic-load-balancing/api-ref/dedicated_load_balancer_apis/load_balancer/deleting_a_load_balancer.html;
  /api/elb/CreateLoadBalancer.html /elastic-load-balancing/api-ref/dedicated_load_balancer_apis/load_balancer/creating_a_load_balancer.html;
  /api/elb/ShowLoadBalancer.html /elastic-load-balancing/api-ref/dedicated_load_balancer_apis/load_balancer/viewing_details_of_a_load_balancer.html;
  /api/elb/ShowLoadBalancerStatus.html /elastic-load-balancing/api-ref/dedicated_load_balancer_apis/load_balancer/querying_the_status_tree_of_a_load_balancer.html;
  /api/elb/ListLoadBalancers.html /elastic-load-balancing/api-ref/dedicated_load_balancer_apis/load_balancer/querying_load_balancers.html;
  /api/elb/topic_300000009.html /elastic-load-balancing/api-ref/dedicated_load_balancer_apis/forwarding_policy/index.html;
  /api/elb/DeleteL7Policy.html /elastic-load-balancing/api-ref/dedicated_load_balancer_apis/forwarding_policy/deleting_a_forwarding_policy.html;
  /api/elb/ListL7Policies.html /elastic-load-balancing/api-ref/dedicated_load_balancer_apis/forwarding_policy/querying_forwarding_policies.html;
  /api/elb/ShowL7Policy.html /elastic-load-balancing/api-ref/dedicated_load_balancer_apis/forwarding_policy/viewing_details_of_a_forwarding_policy.html;
  /api/elb/CreateL7Policy.html /elastic-load-balancing/api-ref/dedicated_load_balancer_apis/forwarding_policy/adding_a_forwarding_policy.html;
  /api/elb/UpdateL7Policy.html /elastic-load-balancing/api-ref/dedicated_load_balancer_apis/forwarding_policy/updating_a_forwarding_policy.html;
  /api/elb/topic_300000004.html /elastic-load-balancing/api-ref/dedicated_load_balancer_apis/certificate/index.html;
  /api/elb/DeleteCertificate.html /elastic-load-balancing/api-ref/dedicated_load_balancer_apis/certificate/deleting_a_certificate.html;
  /api/elb/CreateCertificate.html /elastic-load-balancing/api-ref/dedicated_load_balancer_apis/certificate/creating_a_certificate.html;
  /api/elb/UpdateCertificate.html /elastic-load-balancing/api-ref/dedicated_load_balancer_apis/certificate/updating_a_certificate.html;
  /api/elb/ListCertificates.html /elastic-load-balancing/api-ref/dedicated_load_balancer_apis/certificate/querying_certificates.html;
  /api/elb/ShowCertificate.html /elastic-load-balancing/api-ref/dedicated_load_balancer_apis/certificate/viewing_details_of_a_certificate.html;
  /api/elb/topic_300000001.html /elastic-load-balancing/api-ref/dedicated_load_balancer_apis/az/index.html;
  /api/elb/ListAvailabilityZones.html /elastic-load-balancing/api-ref/dedicated_load_balancer_apis/az/querying_azs.html;
  /api/elb/elb_jd_0000.html /elastic-load-balancing/api-ref/classic_load_balancer_apis/index.html;
  /api/elb/elb_jd_hd_0000.html /elastic-load-balancing/api-ref/classic_load_balancer_apis/backend_ecs/index.html;
  /api/elb/elb_jd_hd_0001.html /elastic-load-balancing/api-ref/classic_load_balancer_apis/backend_ecs/adding_backend_ecss.html;
  /api/elb/elb_jd_hd_0003.html /elastic-load-balancing/api-ref/classic_load_balancer_apis/backend_ecs/querying_backend_ecss.html;
  /api/elb/elb_jd_hd_0002.html /elastic-load-balancing/api-ref/classic_load_balancer_apis/backend_ecs/removing_backend_ecss.html;
  /api/elb/en-us_topic_0000001124568811.html /elastic-load-balancing/api-ref/classic_load_balancer_apis/api_call_precaution.html;
  /api/elb/elb_jd_jk_0000.html /elastic-load-balancing/api-ref/classic_load_balancer_apis/health_check/index.html;
  /api/elb/elb_jd_jk_0002.html /elastic-load-balancing/api-ref/classic_load_balancer_apis/health_check/deleting_a_health_check.html;
  /api/elb/elb_jd_jk_0001.html /elastic-load-balancing/api-ref/classic_load_balancer_apis/health_check/configuring_a_health_check.html;
  /api/elb/elb_jd_jk_0003.html /elastic-load-balancing/api-ref/classic_load_balancer_apis/health_check/modifying_a_health_check.html;
  /api/elb/elb_jd_jk_0004.html /elastic-load-balancing/api-ref/classic_load_balancer_apis/health_check/querying_details_of_a_health_check.html;
  /api/elb/elb_jd_jt_0000.html /elastic-load-balancing/api-ref/classic_load_balancer_apis/listener/index.html;
  /api/elb/elb_jd_jt_0003.html /elastic-load-balancing/api-ref/classic_load_balancer_apis/listener/modifying_a_listener.html;
  /api/elb/elb_jd_jt_0001.html /elastic-load-balancing/api-ref/classic_load_balancer_apis/listener/adding_a_listener.html;
  /api/elb/elb_jd_jt_0004.html /elastic-load-balancing/api-ref/classic_load_balancer_apis/listener/querying_details_of_a_listener.html;
  /api/elb/elb_jd_jt_0005.html /elastic-load-balancing/api-ref/classic_load_balancer_apis/listener/querying_listeners.html;
  /api/elb/elb_jd_jt_0002.html /elastic-load-balancing/api-ref/classic_load_balancer_apis/listener/deleting_a_listener.html;
  /api/elb/elb_jd_pe_0000.html /elastic-load-balancing/api-ref/classic_load_balancer_apis/quota/index.html;
  /api/elb/elb_jd_pe_0001.html /elastic-load-balancing/api-ref/classic_load_balancer_apis/quota/querying_load_balancer_or_listener_quotas.html;
  /api/elb/elb_jd_bg_0000.html /elastic-load-balancing/api-ref/classic_load_balancer_apis/api_version/index.html;
  /api/elb/elb_jd_bg_0001.html /elastic-load-balancing/api-ref/classic_load_balancer_apis/api_version/querying_all_api_versions.html;
  /api/elb/elb_jd_bg_0002.html /elastic-load-balancing/api-ref/classic_load_balancer_apis/api_version/querying_a_specific_api_version.html;
  /api/elb/elb_jd_fz_0000.html /elastic-load-balancing/api-ref/classic_load_balancer_apis/load_balancer/index.html;
  /api/elb/elb_jd_fz_0005.html /elastic-load-balancing/api-ref/classic_load_balancer_apis/load_balancer/querying_details_of_a_load_balancer.html;
  /api/elb/elb_jd_fz_0002.html /elastic-load-balancing/api-ref/classic_load_balancer_apis/load_balancer/deleting_a_load_balancer.html;
  /api/elb/elb_jd_fz_0001.html /elastic-load-balancing/api-ref/classic_load_balancer_apis/load_balancer/creating_a_load_balancer.html;
  /api/elb/elb_jd_fz_0003.html /elastic-load-balancing/api-ref/classic_load_balancer_apis/load_balancer/deleting_a_public_network_load_balancer.html;
  /api/elb/en-us_topic_0096561504.html /elastic-load-balancing/api-ref/classic_load_balancer_apis/load_balancer/querying_load_balancers.html;
  /api/elb/elb_jd_fz_0004.html /elastic-load-balancing/api-ref/classic_load_balancer_apis/load_balancer/modifying_a_load_balancer.html;
  /api/elb/elb_jd_job_0000.html /elastic-load-balancing/api-ref/classic_load_balancer_apis/querying_the_job_status.html;
  /api/elb/elb_jd_zs_0000.html /elastic-load-balancing/api-ref/classic_load_balancer_apis/certificate/index.html;
  /api/elb/elb_jd_zs_0002.html /elastic-load-balancing/api-ref/classic_load_balancer_apis/certificate/deleting_a_certificate.html;
  /api/elb/elb_jd_zs_0001.html /elastic-load-balancing/api-ref/classic_load_balancer_apis/certificate/creating_a_certificate.html;
  /api/elb/elb_jd_zs_0004.html /elastic-load-balancing/api-ref/classic_load_balancer_apis/certificate/querying_certificates.html;
  /api/elb/elb_jd_zs_0003.html /elastic-load-balancing/api-ref/classic_load_balancer_apis/certificate/modifying_a_certificate.html;
  /api/elb/elb_jd_cj_0000.html /elastic-load-balancing/api-ref/classic_load_balancer_apis/querying_monitoring_metrics.html;
  /api/elb/elb_zq_0000.html /elastic-load-balancing/api-ref/shared_load_balancer_apis/index.html;
  /api/elb/en-us_topic_0000001088335195.html /elastic-load-balancing/api-ref/shared_load_balancer_apis/api_call_precaution.html;
  /api/elb/elb_zq_jk_0000.html /elastic-load-balancing/api-ref/shared_load_balancer_apis/health_check/index.html;
  /api/elb/elb_zq_jk_0004.html /elastic-load-balancing/api-ref/shared_load_balancer_apis/health_check/updating_a_health_check.html;
  /api/elb/elb_zq_jk_0005.html /elastic-load-balancing/api-ref/shared_load_balancer_apis/health_check/deleting_a_health_check.html;
  /api/elb/elb_zq_jk_0001.html /elastic-load-balancing/api-ref/shared_load_balancer_apis/health_check/configuring_a_health_check.html;
  /api/elb/elb_zq_jk_0002.html /elastic-load-balancing/api-ref/shared_load_balancer_apis/health_check/querying_health_checks.html;
  /api/elb/elb_zq_jk_0003.html /elastic-load-balancing/api-ref/shared_load_balancer_apis/health_check/querying_details_of_a_health_check.html;
  /api/elb/elb_zq_bm_0000.html /elastic-load-balancing/api-ref/shared_load_balancer_apis/whitelist/index.html;
  /api/elb/elb_zq_bm_0001.html /elastic-load-balancing/api-ref/shared_load_balancer_apis/whitelist/adding_a_whitelist.html;
  /api/elb/elb_zq_bm_0004.html /elastic-load-balancing/api-ref/shared_load_balancer_apis/whitelist/updating_a_whitelist.html;
  /api/elb/elb_zq_bm_0005.html /elastic-load-balancing/api-ref/shared_load_balancer_apis/whitelist/deleting_a_whitelist.html;
  /api/elb/elb_zq_bm_0003.html /elastic-load-balancing/api-ref/shared_load_balancer_apis/whitelist/querying_details_of_a_whitelist.html;
  /api/elb/elb_zq_bm_0002.html /elastic-load-balancing/api-ref/shared_load_balancer_apis/whitelist/querying_whitelists.html;
  /api/elb/elb_zq_jt_0000.html /elastic-load-balancing/api-ref/shared_load_balancer_apis/listener/index.html;
  /api/elb/elb_zq_jt_0004.html /elastic-load-balancing/api-ref/shared_load_balancer_apis/listener/updating_a_listener.html;
  /api/elb/elb_zq_jt_0001.html /elastic-load-balancing/api-ref/shared_load_balancer_apis/listener/adding_a_listener.html;
  /api/elb/elb_zq_jt_0003.html /elastic-load-balancing/api-ref/shared_load_balancer_apis/listener/querying_details_of_a_listener.html;
  /api/elb/elb_zq_jt_0002.html /elastic-load-balancing/api-ref/shared_load_balancer_apis/listener/querying_listeners.html;
  /api/elb/elb_zq_jt_0005.html /elastic-load-balancing/api-ref/shared_load_balancer_apis/listener/deleting_a_listener.html;
  /api/elb/elb_zq_hd_0000.html /elastic-load-balancing/api-ref/shared_load_balancer_apis/backend_server/index.html;
  /api/elb/elb_zq_hd_0003.html /elastic-load-balancing/api-ref/shared_load_balancer_apis/backend_server/querying_details_of_a_backend_server.html;
  /api/elb/elb_zq_hd_0007.html /elastic-load-balancing/api-ref/shared_load_balancer_apis/backend_server/batch_updating_backend_servers.html;
  /api/elb/elb_zq_hd_0004.html /elastic-load-balancing/api-ref/shared_load_balancer_apis/backend_server/updating_a_backend_server.html;
  /api/elb/elb_zq_hd_0002.html /elastic-load-balancing/api-ref/shared_load_balancer_apis/backend_server/querying_backend_servers.html;
  /api/elb/elb_zq_hd_0005.html /elastic-load-balancing/api-ref/shared_load_balancer_apis/backend_server/removing_a_backend_server.html;
  /api/elb/elb_zq_hd_0006.html /elastic-load-balancing/api-ref/shared_load_balancer_apis/backend_server/querying_all_backend_servers_extension_api.html;
  /api/elb/elb_zq_hd_0001.html /elastic-load-balancing/api-ref/shared_load_balancer_apis/backend_server/adding_a_backend_server.html;
  /api/elb/elb_zq_zg_0000.html /elastic-load-balancing/api-ref/shared_load_balancer_apis/forwarding_rule/index.html;
  /api/elb/elb_zq_zg_0002.html /elastic-load-balancing/api-ref/shared_load_balancer_apis/forwarding_rule/querying_forwarding_rules.html;
  /api/elb/elb_zq_zg_0001.html /elastic-load-balancing/api-ref/shared_load_balancer_apis/forwarding_rule/adding_a_forwarding_rule.html;
  /api/elb/elb_zq_zg_0005.html /elastic-load-balancing/api-ref/shared_load_balancer_apis/forwarding_rule/deleting_a_forwarding_rule.html;
  /api/elb/elb_zq_zg_0004.html /elastic-load-balancing/api-ref/shared_load_balancer_apis/forwarding_rule/updating_a_forwarding_rule.html;
  /api/elb/elb_zq_zg_0003.html /elastic-load-balancing/api-ref/shared_load_balancer_apis/forwarding_rule/querying_details_of_a_forwarding_rule.html;
  /api/elb/elb_zq_hz_0000.html /elastic-load-balancing/api-ref/shared_load_balancer_apis/backend_server_group/index.html;
  /api/elb/elb_zq_hz_0004.html /elastic-load-balancing/api-ref/shared_load_balancer_apis/backend_server_group/updating_a_backend_server_group.html;
  /api/elb/elb_zq_hz_0003.html /elastic-load-balancing/api-ref/shared_load_balancer_apis/backend_server_group/querying_details_of_a_backend_server_group.html;
  /api/elb/en-us_topic_0096561547.html /elastic-load-balancing/api-ref/shared_load_balancer_apis/backend_server_group/querying_backend_server_groups.html;
  /api/elb/elb_zq_hz_0001.html /elastic-load-balancing/api-ref/shared_load_balancer_apis/backend_server_group/adding_a_backend_server_group.html;
  /api/elb/elb_zq_hz_0005.html /elastic-load-balancing/api-ref/shared_load_balancer_apis/backend_server_group/deleting_a_backend_server_group.html;
  /api/elb/elb_zq_fz_0000.html /elastic-load-balancing/api-ref/shared_load_balancer_apis/load_balancer/index.html;
  /api/elb/elb_zq_fz_0005.html /elastic-load-balancing/api-ref/shared_load_balancer_apis/load_balancer/updating_a_load_balancer.html;
  /api/elb/en-us_topic_0141008271.html /elastic-load-balancing/api-ref/shared_load_balancer_apis/load_balancer/querying_details_of_a_load_balancer.html;
  /api/elb/elb_zq_fz_0006.html /elastic-load-balancing/api-ref/shared_load_balancer_apis/load_balancer/deleting_a_load_balancer.html;
  /api/elb/en-us_topic_0096561535.html /elastic-load-balancing/api-ref/shared_load_balancer_apis/load_balancer/creating_a_load_balancer.html;
  /api/elb/elb_zq_fz_0004.html /elastic-load-balancing/api-ref/shared_load_balancer_apis/load_balancer/querying_the_status_tree_of_a_load_balancer.html;
  /api/elb/elb_zq_fz_0002.html /elastic-load-balancing/api-ref/shared_load_balancer_apis/load_balancer/querying_load_balancers.html;
  /api/elb/elb_zq_zf_0000.html /elastic-load-balancing/api-ref/shared_load_balancer_apis/forwarding_policy/index.html;
  /api/elb/elb_zq_zf_0005.html /elastic-load-balancing/api-ref/shared_load_balancer_apis/forwarding_policy/deleting_a_forwarding_policy.html;
  /api/elb/elb_zq_zf_0003.html /elastic-load-balancing/api-ref/shared_load_balancer_apis/forwarding_policy/querying_details_of_a_forwarding_policy.html;
  /api/elb/elb_zq_zf_0002.html /elastic-load-balancing/api-ref/shared_load_balancer_apis/forwarding_policy/querying_forwarding_policies.html;
  /api/elb/elb_zq_zf_0001.html /elastic-load-balancing/api-ref/shared_load_balancer_apis/forwarding_policy/adding_a_forwarding_policy.html;
  /api/elb/elb_zq_zf_0004.html /elastic-load-balancing/api-ref/shared_load_balancer_apis/forwarding_policy/updating_a_forwarding_policy.html;
  /api/elb/elb_zq_zs_0000.html /elastic-load-balancing/api-ref/shared_load_balancer_apis/certificate/index.html;
  /api/elb/elb_zq_zs_0005.html /elastic-load-balancing/api-ref/shared_load_balancer_apis/certificate/deleting_a_certificate.html;
  /api/elb/elb_zq_zs_0003.html /elastic-load-balancing/api-ref/shared_load_balancer_apis/certificate/querying_details_of_a_certificate.html;
  /api/elb/elb_zq_zs_0001.html /elastic-load-balancing/api-ref/shared_load_balancer_apis/certificate/creating_a_certificate.html;
  /api/elb/elb_zq_zs_0004.html /elastic-load-balancing/api-ref/shared_load_balancer_apis/certificate/updating_a_certificate.html;
  /api/elb/elb_zq_zs_0002.html /elastic-load-balancing/api-ref/shared_load_balancer_apis/certificate/querying_certificates.html;
  /api/elb/elb_zq_bq_0000.html /elastic-load-balancing/api-ref/shared_load_balancer_apis/tag/index.html;
  /api/elb/elb_zq_bq_0013.html /elastic-load-balancing/api-ref/shared_load_balancer_apis/tag/status_codes.html;
  /api/elb/elb_zq_bq_0010.html /elastic-load-balancing/api-ref/shared_load_balancer_apis/tag/querying_the_tags_of_all_listeners.html;
  /api/elb/elb_zq_bq_0002.html /elastic-load-balancing/api-ref/shared_load_balancer_apis/tag/batch_adding_or_deleting_load_balancer_tags.html;
  /api/elb/elb_zq_bq_0004.html /elastic-load-balancing/api-ref/shared_load_balancer_apis/tag/querying_the_tags_of_all_load_balancers.html;
  /api/elb/elb_zq_bq_0009.html /elastic-load-balancing/api-ref/shared_load_balancer_apis/tag/querying_all_tags_of_a_listener.html;
  /api/elb/elb_zq_bq_0007.html /elastic-load-balancing/api-ref/shared_load_balancer_apis/tag/adding_a_tag_to_a_listener.html;
  /api/elb/elb_zq_bq_0005.html /elastic-load-balancing/api-ref/shared_load_balancer_apis/tag/querying_load_balancers_by_tag.html;
  /api/elb/elb_zq_bq_0008.html /elastic-load-balancing/api-ref/shared_load_balancer_apis/tag/batch_adding_or_deleting_listener_tags.html;
  /api/elb/elb_zq_bq_0011.html /elastic-load-balancing/api-ref/shared_load_balancer_apis/tag/querying_listeners_by_tag.html;
  /api/elb/elb_zq_bq_0012.html /elastic-load-balancing/api-ref/shared_load_balancer_apis/tag/deleting_a_tag_from_a_listener.html;
  /api/elb/elb_zq_bq_0001.html /elastic-load-balancing/api-ref/shared_load_balancer_apis/tag/adding_a_tag_to_a_load_balancer.html;
  /api/elb/elb_zq_bq_0003.html /elastic-load-balancing/api-ref/shared_load_balancer_apis/tag/querying_all_tags_of_a_load_balancer.html;
  /api/elb/elb_zq_bq_0006.html /elastic-load-balancing/api-ref/shared_load_balancer_apis/tag/deleting_a_tag_from_a_load_balancer.html;
  /usermanual/elb/en-us_elb_06_0000.html /elastic-load-balancing/umn/appendix/index.html;
  /usermanual/elb/en-us_elb_06_0001.html /elastic-load-balancing/umn/appendix/configuring_the_toa_module.html;
  /usermanual/elb/ /elastic-load-balancing/umn/index.html;
  /usermanual/elb/elb_ug_jk_0000.html /elastic-load-balancing/umn/monitoring/index.html;
  /usermanual/elb/elb_ug_jk_0001.html /elastic-load-balancing/umn/monitoring/monitoring_metrics.html;
  /usermanual/elb/elb_ug_jk_0002.html /elastic-load-balancing/umn/monitoring/setting_an_alarm_rule/index.html;
  /usermanual/elb/elb_ug_jk_0003.html /elastic-load-balancing/umn/monitoring/setting_an_alarm_rule/creating_an_alarm_rule.html;
  /usermanual/elb/elb_ug_jk_0004.html /elastic-load-balancing/umn/monitoring/setting_an_alarm_rule/modifying_an_alarm_rule.html;
  /usermanual/elb/elb_ug_jk_0005.html /elastic-load-balancing/umn/monitoring/viewing_metrics.html;
  /usermanual/elb/elb_ug_bq_0000.html /elastic-load-balancing/umn/tag.html;
  /usermanual/elb/elb_ug_hc_0000.html /elastic-load-balancing/umn/health_check/index.html;
  /usermanual/elb/elb_ug_hc_0001.html /elastic-load-balancing/umn/health_check/overview.html;
  /usermanual/elb/elb_ug_hc_0003.html /elastic-load-balancing/umn/health_check/disabling_a_health_check.html;
  /usermanual/elb/en-us_topic_0162227063.html /elastic-load-balancing/umn/health_check/configuring_a_health_check.html;
  /usermanual/elb/elb_pro_0000.html /elastic-load-balancing/umn/service_overview/index.html;
  /usermanual/elb/en-us_topic_0287737145.html /elastic-load-balancing/umn/service_overview/specifications_of_dedicated_load_balancers.html;
  /usermanual/elb/en-us_topic_0195131496.html /elastic-load-balancing/umn/service_overview/product_concepts/index.html;
  /usermanual/elb/elb_pro_0002.html /elastic-load-balancing/umn/service_overview/product_concepts/region_and_az.html;
  /usermanual/elb/elb_pro_0001.html /elastic-load-balancing/umn/service_overview/product_concepts/basic_concepts.html;
  /usermanual/elb/elb_pro_0004.html /elastic-load-balancing/umn/service_overview/differences_between_dedicated_and_shared_load_balancers.html;
  /usermanual/elb/elb_pro_0005.html /elastic-load-balancing/umn/service_overview/product_advantages.html;
  /usermanual/elb/en-us_topic_0015479966.html /elastic-load-balancing/umn/service_overview/what_is_elb.html;
  /usermanual/elb/en-us_elb_01_0004.html /elastic-load-balancing/umn/service_overview/load_balancing_on_a_public_or_private_network.html;
  /usermanual/elb/elb_ug_fz_0003_01.html /elastic-load-balancing/umn/service_overview/network_traffic_paths.html;
  /usermanual/elb/elb_pro_0006.html /elastic-load-balancing/umn/service_overview/application_scenarios.html;
  /usermanual/elb/elb_pro_0003.html /elastic-load-balancing/umn/service_overview/how_elb_works.html;
  /usermanual/elb/elb_pro_0008.html /elastic-load-balancing/umn/service_overview/how_elb_works_with_other_services.html;
  /usermanual/elb/en-us_elb_07_0000.html /elastic-load-balancing/umn/change_history.html;
  /usermanual/elb/en-us_topic_0015479923.html /elastic-load-balancing/umn/listener/index.html;
  /usermanual/elb/elb_ug_jt_0001.html /elastic-load-balancing/umn/listener/overview.html;
  /usermanual/elb/elb_ug_jt_0514.html /elastic-load-balancing/umn/listener/transferring_source_ip_addresses_to_backend_servers.html;
  /usermanual/elb/elb_ug_jt_0003.html /elastic-load-balancing/umn/listener/load_balancing_algorithms.html;
  /usermanual/elb/en-us_elb_03_0003.html /elastic-load-balancing/umn/listener/access_control.html;
  /usermanual/elb/elb_ug_jt_0011.html /elastic-load-balancing/umn/listener/adding_a_listener.html;
  /usermanual/elb/elb_ug_jt_0012.html /elastic-load-balancing/umn/listener/modifying_or_deleting_a_listener.html;
  /usermanual/elb/elb_ug_jt_0002.html /elastic-load-balancing/umn/listener/protocols_and_ports.html;
  /usermanual/elb/elb_ug_jt_0004.html /elastic-load-balancing/umn/listener/sticky_session.html;
  /usermanual/elb/elb_ug_hd_0000.html /elastic-load-balancing/umn/backend_server/index.html;
  /usermanual/elb/elb_ug_hd_0001.html /elastic-load-balancing/umn/backend_server/overview.html;
  /usermanual/elb/elb_ug_hd_0003.html /elastic-load-balancing/umn/backend_server/adding_or_removing_backend_servers_dedicated_load_balancers.html;
  /usermanual/elb/elb_ug_hd_0008.html /elastic-load-balancing/umn/backend_server/configuring_weights_for_backend_servers.html;
  /usermanual/elb/en-us_topic_0052569729.html /elastic-load-balancing/umn/backend_server/adding_or_removing_backend_servers_shared_load_balancers.html;
  /usermanual/elb/elb_ug_hd_0002.html /elastic-load-balancing/umn/backend_server/configuring_security_group_rules_for_backend_servers_shared_load_balancers.html;
  /usermanual/elb/elb_ug_hd_0007.html /elastic-load-balancing/umn/backend_server/configuring_security_group_rules_for_backend_servers_dedicated_load_balancers.html;
  /usermanual/elb/en-us_elb_03_0001.html /elastic-load-balancing/umn/load_balancer/index.html;
  /usermanual/elb/elb_ug_fz_0006.html /elastic-load-balancing/umn/load_balancer/modifying_load_balancer_settings.html;
  /usermanual/elb/en-us_topic_0015479967.html /elastic-load-balancing/umn/load_balancer/creating_a_shared_load_balancer.html;
  /usermanual/elb/elb_ug_fz_0009.html /elastic-load-balancing/umn/load_balancer/binding_an_ip_address_to_or_unbinding_an_ip_address_from_a_load_balancer.html;
  /usermanual/elb/elb_ug_fz_0008.html /elastic-load-balancing/umn/load_balancer/deleting_a_load_balancer.html;
  /usermanual/elb/elb_lb_000006.html /elastic-load-balancing/umn/load_balancer/creating_a_dedicated_load_balancer.html;
  /usermanual/elb/elb_lb_000010.html /elastic-load-balancing/umn/load_balancer/changing_an_ip_address.html;
  /usermanual/elb/elb_ug_fz_0011.html /elastic-load-balancing/umn/load_balancer/exporting_the_load_balancer_list.html;
  /usermanual/elb/elb_ug_fz_0004.html /elastic-load-balancing/umn/load_balancer/preparations_for_creating_a_load_balancer.html;
  /usermanual/elb/elb_ug_rzfw_0001.html /elastic-load-balancing/umn/access_logging.html;
  /usermanual/elb/elb_ug_pe_0000.html /elastic-load-balancing/umn/quotas.html;
  /usermanual/elb/elb_ug_jt_0013.html /elastic-load-balancing/umn/advanced_features_of_http_https_listeners/index.html;
  /usermanual/elb/elb_ug_jt_0022.html /elastic-load-balancing/umn/advanced_features_of_http_https_listeners/tls_security_policy.html;
  /usermanual/elb/elb_ug_jt_0021.html /elastic-load-balancing/umn/advanced_features_of_http_https_listeners/sni_certificate_for_https_listeners.html;
  /usermanual/elb/elb_ug_jt_0023.html /elastic-load-balancing/umn/advanced_features_of_http_https_listeners/forwarding_policy_dedicated_load_balancers.html;
  /usermanual/elb/en_us_elb_03_0006.html /elastic-load-balancing/umn/advanced_features_of_http_https_listeners/mutual_authentication.html;
  /usermanual/elb/en-us_topic_0118840332.html /elastic-load-balancing/umn/advanced_features_of_http_https_listeners/http_redirection_to_https.html;
  /usermanual/elb/en-us_topic_0114694934.html /elastic-load-balancing/umn/advanced_features_of_http_https_listeners/forwarding_policy_shared_load_balancers.html;
  /usermanual/elb/elb_qs_0000.html /elastic-load-balancing/umn/getting_started/index.html;
  /usermanual/elb/elb_qs_0001.html /elastic-load-balancing/umn/getting_started/overview.html;
  /usermanual/elb/elb_qs_0005.html /elastic-load-balancing/umn/getting_started/process_flowchart.html;
  /usermanual/elb/en-us_topic_0052569751.html /elastic-load-balancing/umn/getting_started/using_shared_load_balancers_—_entry_level.html;
  /usermanual/elb/en-us_elb_02_0001.html /elastic-load-balancing/umn/getting_started/using_shared_load_balancers_—_advanced_level.html;
  /usermanual/elb/elb_ug_zs_0000.html /elastic-load-balancing/umn/certificate/index.html;
  /usermanual/elb/elb_ug_zs_0001.html /elastic-load-balancing/umn/certificate/overview.html;
  /usermanual/elb/elb_ug_zs_0006.html /elastic-load-balancing/umn/certificate/querying_a_listener_by_certificate.html;
  /usermanual/elb/elb_ug_zs_0003.html /elastic-load-balancing/umn/certificate/converting_certificate_formats.html;
  /usermanual/elb/elb_ug_zs_0005.html /elastic-load-balancing/umn/certificate/replacing_a_certificate.html;
  /usermanual/elb/en-us_topic_0092382555.html /elastic-load-balancing/umn/certificate/certificate_and_private_key_format.html;
  /usermanual/elb/en-us_elb_03_0005.html /elastic-load-balancing/umn/certificate/creating,_modifying,_or_deleting_a_certificate.html;
  /usermanual/elb/elb_ug_sj_0000.html /elastic-load-balancing/umn/auditing/index.html;
  /usermanual/elb/elb_ug_sj_0002.html /elastic-load-balancing/umn/auditing/viewing_traces.html;
  /usermanual/elb/elb_ug_sj_0001.html /elastic-load-balancing/umn/auditing/key_operations_recorded_by_cts.html;
  /usermanual/elb/elb_faq_0000.html /elastic-load-balancing/umn/faq/index.html;
  /usermanual/elb/elb_faq_0201.html /elastic-load-balancing/umn/faq/load_balancers/index.html;
  /usermanual/elb/elb_faq_210310.html /elastic-load-balancing/umn/faq/load_balancers/do_shared_load_balancers_have_specifications.html;
  /usermanual/elb/elb_faq_210312.html /elastic-load-balancing/umn/faq/load_balancers/will_traffic_routing_be_interrupted_if_the_load_balancing_algorithm_is_changed.html;
  /usermanual/elb/elb_faq_210307.html /elastic-load-balancing/umn/faq/load_balancers/why_multiple_ip_addresses_are_required_when_i_create_or_enable_a_dedicated_load_balancerload_balancer.html;
  /usermanual/elb/elb_faq_0038.html /elastic-load-balancing/umn/faq/load_balancers/how_does_elb_distribute_traffic.html;
  /usermanual/elb/elb_faq_0203.html /elastic-load-balancing/umn/faq/backend_servers/index.html;
  /usermanual/elb/elb_faq_0040.html /elastic-load-balancing/umn/faq/backend_servers/how_do_i_check_the_network_configuration_of_a_backend_server.html;
  /usermanual/elb/elb_faq_0041.html /elastic-load-balancing/umn/faq/backend_servers/how_do_i_check_the_status_of_a_backend_server.html;
  /usermanual/elb/elb_faq_0039.html /elastic-load-balancing/umn/faq/backend_servers/how_do_i_check_the_network_conditions_of_a_backend_server.html;
  /usermanual/elb/elb_faq_0112.html /elastic-load-balancing/umn/faq/backend_servers/why_is_the_interval_at_which_backend_servers_receive_health_check_packets_different_from_what_i_configured.html;
  /usermanual/elb/elb_faq_099.html /elastic-load-balancing/umn/faq/backend_servers/can_servers_access_the_internet_after_they_are_associated_with_a_load_balancer.html;
  /usermanual/elb/elb_faq_0001.html /elastic-load-balancing/umn/faq/backend_servers/when_is_a_backend_server_considered_healthy.html;
  /usermanual/elb/elb_faq_0190.html /elastic-load-balancing/umn/faq/sticky_sessions/index.html;
  /usermanual/elb/elb_faq_0046.html /elastic-load-balancing/umn/faq/sticky_sessions/how_do_i_check_if_sticky_sessions_failed_to_take_effect.html;
  /usermanual/elb/elb_faq_0085.html /elastic-load-balancing/umn/faq/sticky_sessions/what_types_of_sticky_sessions_does_elb_support.html;
  /usermanual/elb/elb_faq_0180.html /elastic-load-balancing/umn/faq/http_https_listeners/index.html;
  /usermanual/elb/elb_faq_0118.html /elastic-load-balancing/umn/faq/http_https_listeners/why_is_there_a_security_warning_after_a_certificate_is_configured.html;
  /usermanual/elb/elb_faq_0170.html /elastic-load-balancing/umn/faq/obtaining_source_ip_addresses/index.html;
  /usermanual/elb/elb_faq_0090.html /elastic-load-balancing/umn/faq/obtaining_source_ip_addresses/how_can_i_obtain_the_ip_address_of_a_client.html;
  /usermanual/elb/elb_faq_0205.html /elastic-load-balancing/umn/faq/certificates/index.html;
  /usermanual/elb/elb_faq_0072.html /elastic-load-balancing/umn/faq/certificates/how_can_i_create_server_certificates_and_ca_certificates.html;
  /usermanual/elb/elb_faq_0212.html /elastic-load-balancing/umn/faq/elb_use/index.html;
  /usermanual/elb/elb_faq_0127.html /elastic-load-balancing/umn/faq/elb_use/service_performance_and_load/index.html;
  /usermanual/elb/elb_faq_0052.html /elastic-load-balancing/umn/faq/elb_use/service_performance_and_load/what_do_i_do_if_a_load_balancer_fails_a_stress_test.html;
  /usermanual/elb/elb_faq_0049.html /elastic-load-balancing/umn/faq/elb_use/service_performance_and_load/how_do_i_check_for_traffic_inconsistencies.html;
  /usermanual/elb/elb_faq_0050.html /elastic-load-balancing/umn/faq/elb_use/service_performance_and_load/how_do_i_check_if_traffic_is_being_evenly_distributed.html;
  /usermanual/elb/elb_faq_0211.html /elastic-load-balancing/umn/faq/elb_use/elb_functionality/index.html;
  /usermanual/elb/elb_faq_21020221.html /elastic-load-balancing/umn/faq/elb_use/elb_functionality/can_i_upgrade_a_shared_load_balancer_to_a_dedicated_load_balancer_without_interrupting_traffic_routing.html;
  /usermanual/elb/en-us_elb_05_0004.html /elastic-load-balancing/umn/faq/elb_use/elb_functionality/how_many_load_balancers_and_listeners_can_i_have.html;
  /usermanual/elb/en-us_elb_05_0011.html /elastic-load-balancing/umn/faq/elb_use/elb_functionality/is_an_eip_assigned_exclusively_to_a_load_balancer.html;
  /usermanual/elb/elb_faq_0064.html /elastic-load-balancing/umn/faq/elb_use/elb_functionality/can_backend_servers_run_different_oss.html;
  /usermanual/elb/elb_faq_0060.html /elastic-load-balancing/umn/faq/elb_use/elb_functionality/can_elb_be_used_separately.html;
  /usermanual/elb/elb_faq_0062.html /elastic-load-balancing/umn/faq/elb_use/elb_functionality/can_i_adjust_the_number_of_backend_servers_when_a_load_balancer_is_running.html;
  /usermanual/elb/elb_faq_0202.html /elastic-load-balancing/umn/faq/listeners/index.html;
  /usermanual/elb/en-us_elb_05_0008.html /elastic-load-balancing/umn/faq/listeners/what_are_the_relationships_between_load_balancing_algorithms_and_sticky_session_types.html;
  /usermanual/elb/elb_faq_210410.html /elastic-load-balancing/umn/faq/listeners/why_cannot_i_add_a_listener_to_a_dedicated_load_balancer.html;
  /usermanual/elb/elb_faq_0084.html /elastic-load-balancing/umn/faq/listeners/does_elb_have_restrictions_on_the_file_upload_speed_and_size.html;
  /usermanual/elb/elb_faq_0111.html /elastic-load-balancing/umn/faq/listeners/how_is_websocket_used.html;
  /usermanual/elb/elb_faq_0200.html /elastic-load-balancing/umn/faq/popular_questions.html;
  /usermanual/elb/elb_faq_0204.html /elastic-load-balancing/umn/faq/health_checks/index.html;
  /usermanual/elb/elb_faq_0024.html /elastic-load-balancing/umn/faq/health_checks/how_does_elb_perform_udp_health_checks_what_are_the_precautions_for_udp_health_checks.html;
  /usermanual/elb/en-us_topic_0018127975.html /elastic-load-balancing/umn/faq/health_checks/how_do_i_troubleshoot_an_unhealthy_backend_server.html;
  /usermanual/elb/elb_faq_0114.html /elastic-load-balancing/umn/faq/health_checks/why_does_elb_frequently_send_requests_to_backend_servers_during_health_checks.html;
  /en-us/api/elb/elb_fl_0000.html /elastic-load-balancing/api-ref/appendix/index.html;
  /en-us/api/elb/elb_gc_1102.html /elastic-load-balancing/api-ref/appendix/status_codes.html;
  /en-us/api/elb/elb_fl_0003.html /elastic-load-balancing/api-ref/appendix/general_information_about_shared_load_balancers/index.html;
  /en-us/api/elb/elb_fl_0007.html /elastic-load-balancing/api-ref/appendix/general_information_about_shared_load_balancers/basic_workflow.html;
  /en-us/api/elb/elb_fl_0004.html /elastic-load-balancing/api-ref/appendix/general_information_about_shared_load_balancers/querying_data_in_pages.html;
  /en-us/api/elb/elb_fl_0005.html /elastic-load-balancing/api-ref/appendix/general_information_about_shared_load_balancers/sequencing_query_results.html;
  /en-us/api/elb/ErrorCode.html /elastic-load-balancing/api-ref/appendix/error_codes.html;
  /en-us/api/elb/elb_fl_0002.html /elastic-load-balancing/api-ref/appendix/elb_metrics.html;
  /en-us/api/elb/ /elastic-load-balancing/api-ref/index.html;
  /en-us/api/elb/elb_gc_0000.html /elastic-load-balancing/api-ref/common_parameters/index.html;
  /en-us/api/elb/elb_gc_0003.html /elastic-load-balancing/api-ref/common_parameters/http_status_codes_for_dedicated_load_balancers.html;
  /en-us/api/elb/elb_gc_0002.html /elastic-load-balancing/api-ref/common_parameters/http_status_codes_of_shared_load_balancers.html;
  /en-us/api/elb/elb_eg_v3_0000.html /elastic-load-balancing/api-ref/examples/index.html;
  /en-us/api/elb/elb_eg_v3_0003.html /elastic-load-balancing/api-ref/examples/deleting_a_dedicated_load_balancer.html;
  /en-us/api/elb/elb_eg_v3_0002.html /elastic-load-balancing/api-ref/examples/adding_a_listener_to_a_dedicated_load_balancer.html;
  /en-us/api/elb/en-us_topic_0000001127879251.html /elastic-load-balancing/api-ref/examples/creating_a_dedicated_load_balancer_and_binding_a_new_eip_to_it.html;
  /en-us/api/elb/elb_fl_0006.html /elastic-load-balancing/api-ref/querying_versions.html;
  /en-us/api/elb/en-us_topic_0022480177.html /elastic-load-balancing/api-ref/api_usage_guidelines.html;
  /en-us/api/elb/elb_xd_0000.html /elastic-load-balancing/api-ref/change_history.html;
  /en-us/api/elb/elb_dx_0000.html /elastic-load-balancing/api-ref/dedicated_load_balancer_apis/index.html;
  /en-us/api/elb/en-us_topic_0000001088310753.html /elastic-load-balancing/api-ref/dedicated_load_balancer_apis/api_call_precaution.html;
  /en-us/api/elb/topic_300000002.html /elastic-load-balancing/api-ref/dedicated_load_balancer_apis/load_balancer_flavor/index.html;
  /en-us/api/elb/ShowFlavor.html /elastic-load-balancing/api-ref/dedicated_load_balancer_apis/load_balancer_flavor/viewing_details_of_a_flavor.html;
  /en-us/api/elb/ListFlavors.html /elastic-load-balancing/api-ref/dedicated_load_balancer_apis/load_balancer_flavor/querying_flavors.html;
  /en-us/api/elb/topic_300000008.html /elastic-load-balancing/api-ref/dedicated_load_balancer_apis/health_check/index.html;
  /en-us/api/elb/UpdateHealthMonitor.html /elastic-load-balancing/api-ref/dedicated_load_balancer_apis/health_check/updating_a_health_check.html;
  /en-us/api/elb/DeleteHealthMonitor.html /elastic-load-balancing/api-ref/dedicated_load_balancer_apis/health_check/deleting_a_health_check.html;
  /en-us/api/elb/CreateHealthMonitor.html /elastic-load-balancing/api-ref/dedicated_load_balancer_apis/health_check/configuring_a_health_check.html;
  /en-us/api/elb/ListHealthMonitors.html /elastic-load-balancing/api-ref/dedicated_load_balancer_apis/health_check/querying_health_checks.html;
  /en-us/api/elb/ShowHealthMonitor.html /elastic-load-balancing/api-ref/dedicated_load_balancer_apis/health_check/viewing_details_of_a_health_check.html;
  /en-us/api/elb/ShowListener.html /elastic-load-balancing/api-ref/dedicated_load_balancer_apis/listener/viewing_details_of_a_listener.html;
  /en-us/api/elb/topic_300000005.html /elastic-load-balancing/api-ref/dedicated_load_balancer_apis/listener/index.html;
  /en-us/api/elb/UpdateListener.html /elastic-load-balancing/api-ref/dedicated_load_balancer_apis/listener/updating_a_listener.html;
  /en-us/api/elb/CreateListener.html /elastic-load-balancing/api-ref/dedicated_load_balancer_apis/listener/adding_a_listener.html;
  /en-us/api/elb/ListListeners.html /elastic-load-balancing/api-ref/dedicated_load_balancer_apis/listener/querying_listeners.html;
  /en-us/api/elb/DeleteListener.html /elastic-load-balancing/api-ref/dedicated_load_balancer_apis/listener/deleting_a_listener.html;
  /en-us/api/elb/topic_300000007.html /elastic-load-balancing/api-ref/dedicated_load_balancer_apis/backend_server/index.html;
  /en-us/api/elb/ShowMember.html /elastic-load-balancing/api-ref/dedicated_load_balancer_apis/backend_server/viewing_details_of_a_backend_server.html;
  /en-us/api/elb/UpdateMember.html /elastic-load-balancing/api-ref/dedicated_load_balancer_apis/backend_server/updating_a_backend_server.html;
  /en-us/api/elb/ListMembers.html /elastic-load-balancing/api-ref/dedicated_load_balancer_apis/backend_server/querying_backend_servers.html;
  /en-us/api/elb/DeleteMember.html /elastic-load-balancing/api-ref/dedicated_load_balancer_apis/backend_server/removing_a_backend_server.html;
  /en-us/api/elb/CreateMember.html /elastic-load-balancing/api-ref/dedicated_load_balancer_apis/backend_server/adding_a_backend_server.html;
  /en-us/api/elb/topic_300000010.html /elastic-load-balancing/api-ref/dedicated_load_balancer_apis/forwarding_rule/index.html;
  /en-us/api/elb/ListL7Rules.html /elastic-load-balancing/api-ref/dedicated_load_balancer_apis/forwarding_rule/querying_forwarding_rules.html;
  /en-us/api/elb/CreateL7Rule.html /elastic-load-balancing/api-ref/dedicated_load_balancer_apis/forwarding_rule/adding_a_forwarding_rule.html;
  /en-us/api/elb/DeleteL7Rule.html /elastic-load-balancing/api-ref/dedicated_load_balancer_apis/forwarding_rule/deleting_a_forwarding_rule.html;
  /en-us/api/elb/ShowL7Rule.html /elastic-load-balancing/api-ref/dedicated_load_balancer_apis/forwarding_rule/viewing_details_of_a_forwarding_rule.html;
  /en-us/api/elb/UpdateL7Rule.html /elastic-load-balancing/api-ref/dedicated_load_balancer_apis/forwarding_rule/updating_a_forwarding_rule.html;
  /en-us/api/elb/topic_300000000.html /elastic-load-balancing/api-ref/dedicated_load_balancer_apis/quota/index.html;
  /en-us/api/elb/ShowQuota.html /elastic-load-balancing/api-ref/dedicated_load_balancer_apis/quota/querying_quotas.html;
  /en-us/api/elb/topic_300000006.html /elastic-load-balancing/api-ref/dedicated_load_balancer_apis/backend_server_group/index.html;
  /en-us/api/elb/ShowPool.html /elastic-load-balancing/api-ref/dedicated_load_balancer_apis/backend_server_group/viewing_details_of_a_backend_server_group.html;
  /en-us/api/elb/CreatePool.html /elastic-load-balancing/api-ref/dedicated_load_balancer_apis/backend_server_group/creating_a_backend_server_group.html;
  /en-us/api/elb/UpdatePool.html /elastic-load-balancing/api-ref/dedicated_load_balancer_apis/backend_server_group/updating_a_backend_server_group.html;
  /en-us/api/elb/ListPools.html /elastic-load-balancing/api-ref/dedicated_load_balancer_apis/backend_server_group/querying_backend_server_groups.html;
  /en-us/api/elb/DeletePool.html /elastic-load-balancing/api-ref/dedicated_load_balancer_apis/backend_server_group/deleting_a_backend_server_group.html;
  /en-us/api/elb/topic_300000003.html /elastic-load-balancing/api-ref/dedicated_load_balancer_apis/load_balancer/index.html;
  /en-us/api/elb/UpdateLoadBalancer.html /elastic-load-balancing/api-ref/dedicated_load_balancer_apis/load_balancer/updating_a_load_balancer.html;
  /en-us/api/elb/DeleteLoadBalancer.html /elastic-load-balancing/api-ref/dedicated_load_balancer_apis/load_balancer/deleting_a_load_balancer.html;
  /en-us/api/elb/CreateLoadBalancer.html /elastic-load-balancing/api-ref/dedicated_load_balancer_apis/load_balancer/creating_a_load_balancer.html;
  /en-us/api/elb/ShowLoadBalancer.html /elastic-load-balancing/api-ref/dedicated_load_balancer_apis/load_balancer/viewing_details_of_a_load_balancer.html;
  /en-us/api/elb/ShowLoadBalancerStatus.html /elastic-load-balancing/api-ref/dedicated_load_balancer_apis/load_balancer/querying_the_status_tree_of_a_load_balancer.html;
  /en-us/api/elb/ListLoadBalancers.html /elastic-load-balancing/api-ref/dedicated_load_balancer_apis/load_balancer/querying_load_balancers.html;
  /en-us/api/elb/topic_300000009.html /elastic-load-balancing/api-ref/dedicated_load_balancer_apis/forwarding_policy/index.html;
  /en-us/api/elb/DeleteL7Policy.html /elastic-load-balancing/api-ref/dedicated_load_balancer_apis/forwarding_policy/deleting_a_forwarding_policy.html;
  /en-us/api/elb/ListL7Policies.html /elastic-load-balancing/api-ref/dedicated_load_balancer_apis/forwarding_policy/querying_forwarding_policies.html;
  /en-us/api/elb/ShowL7Policy.html /elastic-load-balancing/api-ref/dedicated_load_balancer_apis/forwarding_policy/viewing_details_of_a_forwarding_policy.html;
  /en-us/api/elb/CreateL7Policy.html /elastic-load-balancing/api-ref/dedicated_load_balancer_apis/forwarding_policy/adding_a_forwarding_policy.html;
  /en-us/api/elb/UpdateL7Policy.html /elastic-load-balancing/api-ref/dedicated_load_balancer_apis/forwarding_policy/updating_a_forwarding_policy.html;
  /en-us/api/elb/topic_300000004.html /elastic-load-balancing/api-ref/dedicated_load_balancer_apis/certificate/index.html;
  /en-us/api/elb/DeleteCertificate.html /elastic-load-balancing/api-ref/dedicated_load_balancer_apis/certificate/deleting_a_certificate.html;
  /en-us/api/elb/CreateCertificate.html /elastic-load-balancing/api-ref/dedicated_load_balancer_apis/certificate/creating_a_certificate.html;
  /en-us/api/elb/UpdateCertificate.html /elastic-load-balancing/api-ref/dedicated_load_balancer_apis/certificate/updating_a_certificate.html;
  /en-us/api/elb/ListCertificates.html /elastic-load-balancing/api-ref/dedicated_load_balancer_apis/certificate/querying_certificates.html;
  /en-us/api/elb/ShowCertificate.html /elastic-load-balancing/api-ref/dedicated_load_balancer_apis/certificate/viewing_details_of_a_certificate.html;
  /en-us/api/elb/topic_300000001.html /elastic-load-balancing/api-ref/dedicated_load_balancer_apis/az/index.html;
  /en-us/api/elb/ListAvailabilityZones.html /elastic-load-balancing/api-ref/dedicated_load_balancer_apis/az/querying_azs.html;
  /en-us/api/elb/elb_jd_0000.html /elastic-load-balancing/api-ref/classic_load_balancer_apis/index.html;
  /en-us/api/elb/elb_jd_hd_0000.html /elastic-load-balancing/api-ref/classic_load_balancer_apis/backend_ecs/index.html;
  /en-us/api/elb/elb_jd_hd_0001.html /elastic-load-balancing/api-ref/classic_load_balancer_apis/backend_ecs/adding_backend_ecss.html;
  /en-us/api/elb/elb_jd_hd_0003.html /elastic-load-balancing/api-ref/classic_load_balancer_apis/backend_ecs/querying_backend_ecss.html;
  /en-us/api/elb/elb_jd_hd_0002.html /elastic-load-balancing/api-ref/classic_load_balancer_apis/backend_ecs/removing_backend_ecss.html;
  /en-us/api/elb/en-us_topic_0000001124568811.html /elastic-load-balancing/api-ref/classic_load_balancer_apis/api_call_precaution.html;
  /en-us/api/elb/elb_jd_jk_0000.html /elastic-load-balancing/api-ref/classic_load_balancer_apis/health_check/index.html;
  /en-us/api/elb/elb_jd_jk_0002.html /elastic-load-balancing/api-ref/classic_load_balancer_apis/health_check/deleting_a_health_check.html;
  /en-us/api/elb/elb_jd_jk_0001.html /elastic-load-balancing/api-ref/classic_load_balancer_apis/health_check/configuring_a_health_check.html;
  /en-us/api/elb/elb_jd_jk_0003.html /elastic-load-balancing/api-ref/classic_load_balancer_apis/health_check/modifying_a_health_check.html;
  /en-us/api/elb/elb_jd_jk_0004.html /elastic-load-balancing/api-ref/classic_load_balancer_apis/health_check/querying_details_of_a_health_check.html;
  /en-us/api/elb/elb_jd_jt_0000.html /elastic-load-balancing/api-ref/classic_load_balancer_apis/listener/index.html;
  /en-us/api/elb/elb_jd_jt_0003.html /elastic-load-balancing/api-ref/classic_load_balancer_apis/listener/modifying_a_listener.html;
  /en-us/api/elb/elb_jd_jt_0001.html /elastic-load-balancing/api-ref/classic_load_balancer_apis/listener/adding_a_listener.html;
  /en-us/api/elb/elb_jd_jt_0004.html /elastic-load-balancing/api-ref/classic_load_balancer_apis/listener/querying_details_of_a_listener.html;
  /en-us/api/elb/elb_jd_jt_0005.html /elastic-load-balancing/api-ref/classic_load_balancer_apis/listener/querying_listeners.html;
  /en-us/api/elb/elb_jd_jt_0002.html /elastic-load-balancing/api-ref/classic_load_balancer_apis/listener/deleting_a_listener.html;
  /en-us/api/elb/elb_jd_pe_0000.html /elastic-load-balancing/api-ref/classic_load_balancer_apis/quota/index.html;
  /en-us/api/elb/elb_jd_pe_0001.html /elastic-load-balancing/api-ref/classic_load_balancer_apis/quota/querying_load_balancer_or_listener_quotas.html;
  /en-us/api/elb/elb_jd_bg_0000.html /elastic-load-balancing/api-ref/classic_load_balancer_apis/api_version/index.html;
  /en-us/api/elb/elb_jd_bg_0001.html /elastic-load-balancing/api-ref/classic_load_balancer_apis/api_version/querying_all_api_versions.html;
  /en-us/api/elb/elb_jd_bg_0002.html /elastic-load-balancing/api-ref/classic_load_balancer_apis/api_version/querying_a_specific_api_version.html;
  /en-us/api/elb/elb_jd_fz_0000.html /elastic-load-balancing/api-ref/classic_load_balancer_apis/load_balancer/index.html;
  /en-us/api/elb/elb_jd_fz_0005.html /elastic-load-balancing/api-ref/classic_load_balancer_apis/load_balancer/querying_details_of_a_load_balancer.html;
  /en-us/api/elb/elb_jd_fz_0002.html /elastic-load-balancing/api-ref/classic_load_balancer_apis/load_balancer/deleting_a_load_balancer.html;
  /en-us/api/elb/elb_jd_fz_0001.html /elastic-load-balancing/api-ref/classic_load_balancer_apis/load_balancer/creating_a_load_balancer.html;
  /en-us/api/elb/elb_jd_fz_0003.html /elastic-load-balancing/api-ref/classic_load_balancer_apis/load_balancer/deleting_a_public_network_load_balancer.html;
  /en-us/api/elb/en-us_topic_0096561504.html /elastic-load-balancing/api-ref/classic_load_balancer_apis/load_balancer/querying_load_balancers.html;
  /en-us/api/elb/elb_jd_fz_0004.html /elastic-load-balancing/api-ref/classic_load_balancer_apis/load_balancer/modifying_a_load_balancer.html;
  /en-us/api/elb/elb_jd_job_0000.html /elastic-load-balancing/api-ref/classic_load_balancer_apis/querying_the_job_status.html;
  /en-us/api/elb/elb_jd_zs_0000.html /elastic-load-balancing/api-ref/classic_load_balancer_apis/certificate/index.html;
  /en-us/api/elb/elb_jd_zs_0002.html /elastic-load-balancing/api-ref/classic_load_balancer_apis/certificate/deleting_a_certificate.html;
  /en-us/api/elb/elb_jd_zs_0001.html /elastic-load-balancing/api-ref/classic_load_balancer_apis/certificate/creating_a_certificate.html;
  /en-us/api/elb/elb_jd_zs_0004.html /elastic-load-balancing/api-ref/classic_load_balancer_apis/certificate/querying_certificates.html;
  /en-us/api/elb/elb_jd_zs_0003.html /elastic-load-balancing/api-ref/classic_load_balancer_apis/certificate/modifying_a_certificate.html;
  /en-us/api/elb/elb_jd_cj_0000.html /elastic-load-balancing/api-ref/classic_load_balancer_apis/querying_monitoring_metrics.html;
  /en-us/api/elb/elb_zq_0000.html /elastic-load-balancing/api-ref/shared_load_balancer_apis/index.html;
  /en-us/api/elb/en-us_topic_0000001088335195.html /elastic-load-balancing/api-ref/shared_load_balancer_apis/api_call_precaution.html;
  /en-us/api/elb/elb_zq_jk_0000.html /elastic-load-balancing/api-ref/shared_load_balancer_apis/health_check/index.html;
  /en-us/api/elb/elb_zq_jk_0004.html /elastic-load-balancing/api-ref/shared_load_balancer_apis/health_check/updating_a_health_check.html;
  /en-us/api/elb/elb_zq_jk_0005.html /elastic-load-balancing/api-ref/shared_load_balancer_apis/health_check/deleting_a_health_check.html;
  /en-us/api/elb/elb_zq_jk_0001.html /elastic-load-balancing/api-ref/shared_load_balancer_apis/health_check/configuring_a_health_check.html;
  /en-us/api/elb/elb_zq_jk_0002.html /elastic-load-balancing/api-ref/shared_load_balancer_apis/health_check/querying_health_checks.html;
  /en-us/api/elb/elb_zq_jk_0003.html /elastic-load-balancing/api-ref/shared_load_balancer_apis/health_check/querying_details_of_a_health_check.html;
  /en-us/api/elb/elb_zq_bm_0000.html /elastic-load-balancing/api-ref/shared_load_balancer_apis/whitelist/index.html;
  /en-us/api/elb/elb_zq_bm_0001.html /elastic-load-balancing/api-ref/shared_load_balancer_apis/whitelist/adding_a_whitelist.html;
  /en-us/api/elb/elb_zq_bm_0004.html /elastic-load-balancing/api-ref/shared_load_balancer_apis/whitelist/updating_a_whitelist.html;
  /en-us/api/elb/elb_zq_bm_0005.html /elastic-load-balancing/api-ref/shared_load_balancer_apis/whitelist/deleting_a_whitelist.html;
  /en-us/api/elb/elb_zq_bm_0003.html /elastic-load-balancing/api-ref/shared_load_balancer_apis/whitelist/querying_details_of_a_whitelist.html;
  /en-us/api/elb/elb_zq_bm_0002.html /elastic-load-balancing/api-ref/shared_load_balancer_apis/whitelist/querying_whitelists.html;
  /en-us/api/elb/elb_zq_jt_0000.html /elastic-load-balancing/api-ref/shared_load_balancer_apis/listener/index.html;
  /en-us/api/elb/elb_zq_jt_0004.html /elastic-load-balancing/api-ref/shared_load_balancer_apis/listener/updating_a_listener.html;
  /en-us/api/elb/elb_zq_jt_0001.html /elastic-load-balancing/api-ref/shared_load_balancer_apis/listener/adding_a_listener.html;
  /en-us/api/elb/elb_zq_jt_0003.html /elastic-load-balancing/api-ref/shared_load_balancer_apis/listener/querying_details_of_a_listener.html;
  /en-us/api/elb/elb_zq_jt_0002.html /elastic-load-balancing/api-ref/shared_load_balancer_apis/listener/querying_listeners.html;
  /en-us/api/elb/elb_zq_jt_0005.html /elastic-load-balancing/api-ref/shared_load_balancer_apis/listener/deleting_a_listener.html;
  /en-us/api/elb/elb_zq_hd_0000.html /elastic-load-balancing/api-ref/shared_load_balancer_apis/backend_server/index.html;
  /en-us/api/elb/elb_zq_hd_0003.html /elastic-load-balancing/api-ref/shared_load_balancer_apis/backend_server/querying_details_of_a_backend_server.html;
  /en-us/api/elb/elb_zq_hd_0007.html /elastic-load-balancing/api-ref/shared_load_balancer_apis/backend_server/batch_updating_backend_servers.html;
  /en-us/api/elb/elb_zq_hd_0004.html /elastic-load-balancing/api-ref/shared_load_balancer_apis/backend_server/updating_a_backend_server.html;
  /en-us/api/elb/elb_zq_hd_0002.html /elastic-load-balancing/api-ref/shared_load_balancer_apis/backend_server/querying_backend_servers.html;
  /en-us/api/elb/elb_zq_hd_0005.html /elastic-load-balancing/api-ref/shared_load_balancer_apis/backend_server/removing_a_backend_server.html;
  /en-us/api/elb/elb_zq_hd_0006.html /elastic-load-balancing/api-ref/shared_load_balancer_apis/backend_server/querying_all_backend_servers_extension_api.html;
  /en-us/api/elb/elb_zq_hd_0001.html /elastic-load-balancing/api-ref/shared_load_balancer_apis/backend_server/adding_a_backend_server.html;
  /en-us/api/elb/elb_zq_zg_0000.html /elastic-load-balancing/api-ref/shared_load_balancer_apis/forwarding_rule/index.html;
  /en-us/api/elb/elb_zq_zg_0002.html /elastic-load-balancing/api-ref/shared_load_balancer_apis/forwarding_rule/querying_forwarding_rules.html;
  /en-us/api/elb/elb_zq_zg_0001.html /elastic-load-balancing/api-ref/shared_load_balancer_apis/forwarding_rule/adding_a_forwarding_rule.html;
  /en-us/api/elb/elb_zq_zg_0005.html /elastic-load-balancing/api-ref/shared_load_balancer_apis/forwarding_rule/deleting_a_forwarding_rule.html;
  /en-us/api/elb/elb_zq_zg_0004.html /elastic-load-balancing/api-ref/shared_load_balancer_apis/forwarding_rule/updating_a_forwarding_rule.html;
  /en-us/api/elb/elb_zq_zg_0003.html /elastic-load-balancing/api-ref/shared_load_balancer_apis/forwarding_rule/querying_details_of_a_forwarding_rule.html;
  /en-us/api/elb/elb_zq_hz_0000.html /elastic-load-balancing/api-ref/shared_load_balancer_apis/backend_server_group/index.html;
  /en-us/api/elb/elb_zq_hz_0004.html /elastic-load-balancing/api-ref/shared_load_balancer_apis/backend_server_group/updating_a_backend_server_group.html;
  /en-us/api/elb/elb_zq_hz_0003.html /elastic-load-balancing/api-ref/shared_load_balancer_apis/backend_server_group/querying_details_of_a_backend_server_group.html;
  /en-us/api/elb/en-us_topic_0096561547.html /elastic-load-balancing/api-ref/shared_load_balancer_apis/backend_server_group/querying_backend_server_groups.html;
  /en-us/api/elb/elb_zq_hz_0001.html /elastic-load-balancing/api-ref/shared_load_balancer_apis/backend_server_group/adding_a_backend_server_group.html;
  /en-us/api/elb/elb_zq_hz_0005.html /elastic-load-balancing/api-ref/shared_load_balancer_apis/backend_server_group/deleting_a_backend_server_group.html;
  /en-us/api/elb/elb_zq_fz_0000.html /elastic-load-balancing/api-ref/shared_load_balancer_apis/load_balancer/index.html;
  /en-us/api/elb/elb_zq_fz_0005.html /elastic-load-balancing/api-ref/shared_load_balancer_apis/load_balancer/updating_a_load_balancer.html;
  /en-us/api/elb/en-us_topic_0141008271.html /elastic-load-balancing/api-ref/shared_load_balancer_apis/load_balancer/querying_details_of_a_load_balancer.html;
  /en-us/api/elb/elb_zq_fz_0006.html /elastic-load-balancing/api-ref/shared_load_balancer_apis/load_balancer/deleting_a_load_balancer.html;
  /en-us/api/elb/en-us_topic_0096561535.html /elastic-load-balancing/api-ref/shared_load_balancer_apis/load_balancer/creating_a_load_balancer.html;
  /en-us/api/elb/elb_zq_fz_0004.html /elastic-load-balancing/api-ref/shared_load_balancer_apis/load_balancer/querying_the_status_tree_of_a_load_balancer.html;
  /en-us/api/elb/elb_zq_fz_0002.html /elastic-load-balancing/api-ref/shared_load_balancer_apis/load_balancer/querying_load_balancers.html;
  /en-us/api/elb/elb_zq_zf_0000.html /elastic-load-balancing/api-ref/shared_load_balancer_apis/forwarding_policy/index.html;
  /en-us/api/elb/elb_zq_zf_0005.html /elastic-load-balancing/api-ref/shared_load_balancer_apis/forwarding_policy/deleting_a_forwarding_policy.html;
  /en-us/api/elb/elb_zq_zf_0003.html /elastic-load-balancing/api-ref/shared_load_balancer_apis/forwarding_policy/querying_details_of_a_forwarding_policy.html;
  /en-us/api/elb/elb_zq_zf_0002.html /elastic-load-balancing/api-ref/shared_load_balancer_apis/forwarding_policy/querying_forwarding_policies.html;
  /en-us/api/elb/elb_zq_zf_0001.html /elastic-load-balancing/api-ref/shared_load_balancer_apis/forwarding_policy/adding_a_forwarding_policy.html;
  /en-us/api/elb/elb_zq_zf_0004.html /elastic-load-balancing/api-ref/shared_load_balancer_apis/forwarding_policy/updating_a_forwarding_policy.html;
  /en-us/api/elb/elb_zq_zs_0000.html /elastic-load-balancing/api-ref/shared_load_balancer_apis/certificate/index.html;
  /en-us/api/elb/elb_zq_zs_0005.html /elastic-load-balancing/api-ref/shared_load_balancer_apis/certificate/deleting_a_certificate.html;
  /en-us/api/elb/elb_zq_zs_0003.html /elastic-load-balancing/api-ref/shared_load_balancer_apis/certificate/querying_details_of_a_certificate.html;
  /en-us/api/elb/elb_zq_zs_0001.html /elastic-load-balancing/api-ref/shared_load_balancer_apis/certificate/creating_a_certificate.html;
  /en-us/api/elb/elb_zq_zs_0004.html /elastic-load-balancing/api-ref/shared_load_balancer_apis/certificate/updating_a_certificate.html;
  /en-us/api/elb/elb_zq_zs_0002.html /elastic-load-balancing/api-ref/shared_load_balancer_apis/certificate/querying_certificates.html;
  /en-us/api/elb/elb_zq_bq_0000.html /elastic-load-balancing/api-ref/shared_load_balancer_apis/tag/index.html;
  /en-us/api/elb/elb_zq_bq_0013.html /elastic-load-balancing/api-ref/shared_load_balancer_apis/tag/status_codes.html;
  /en-us/api/elb/elb_zq_bq_0010.html /elastic-load-balancing/api-ref/shared_load_balancer_apis/tag/querying_the_tags_of_all_listeners.html;
  /en-us/api/elb/elb_zq_bq_0002.html /elastic-load-balancing/api-ref/shared_load_balancer_apis/tag/batch_adding_or_deleting_load_balancer_tags.html;
  /en-us/api/elb/elb_zq_bq_0004.html /elastic-load-balancing/api-ref/shared_load_balancer_apis/tag/querying_the_tags_of_all_load_balancers.html;
  /en-us/api/elb/elb_zq_bq_0009.html /elastic-load-balancing/api-ref/shared_load_balancer_apis/tag/querying_all_tags_of_a_listener.html;
  /en-us/api/elb/elb_zq_bq_0007.html /elastic-load-balancing/api-ref/shared_load_balancer_apis/tag/adding_a_tag_to_a_listener.html;
  /en-us/api/elb/elb_zq_bq_0005.html /elastic-load-balancing/api-ref/shared_load_balancer_apis/tag/querying_load_balancers_by_tag.html;
  /en-us/api/elb/elb_zq_bq_0008.html /elastic-load-balancing/api-ref/shared_load_balancer_apis/tag/batch_adding_or_deleting_listener_tags.html;
  /en-us/api/elb/elb_zq_bq_0011.html /elastic-load-balancing/api-ref/shared_load_balancer_apis/tag/querying_listeners_by_tag.html;
  /en-us/api/elb/elb_zq_bq_0012.html /elastic-load-balancing/api-ref/shared_load_balancer_apis/tag/deleting_a_tag_from_a_listener.html;
  /en-us/api/elb/elb_zq_bq_0001.html /elastic-load-balancing/api-ref/shared_load_balancer_apis/tag/adding_a_tag_to_a_load_balancer.html;
  /en-us/api/elb/elb_zq_bq_0003.html /elastic-load-balancing/api-ref/shared_load_balancer_apis/tag/querying_all_tags_of_a_load_balancer.html;
  /en-us/api/elb/elb_zq_bq_0006.html /elastic-load-balancing/api-ref/shared_load_balancer_apis/tag/deleting_a_tag_from_a_load_balancer.html;
  /en-us/usermanual/elb/en-us_elb_06_0000.html /elastic-load-balancing/umn/appendix/index.html;
  /en-us/usermanual/elb/en-us_elb_06_0001.html /elastic-load-balancing/umn/appendix/configuring_the_toa_module.html;
  /en-us/usermanual/elb/ /elastic-load-balancing/umn/index.html;
  /en-us/usermanual/elb/elb_ug_jk_0000.html /elastic-load-balancing/umn/monitoring/index.html;
  /en-us/usermanual/elb/elb_ug_jk_0001.html /elastic-load-balancing/umn/monitoring/monitoring_metrics.html;
  /en-us/usermanual/elb/elb_ug_jk_0002.html /elastic-load-balancing/umn/monitoring/setting_an_alarm_rule/index.html;
  /en-us/usermanual/elb/elb_ug_jk_0003.html /elastic-load-balancing/umn/monitoring/setting_an_alarm_rule/creating_an_alarm_rule.html;
  /en-us/usermanual/elb/elb_ug_jk_0004.html /elastic-load-balancing/umn/monitoring/setting_an_alarm_rule/modifying_an_alarm_rule.html;
  /en-us/usermanual/elb/elb_ug_jk_0005.html /elastic-load-balancing/umn/monitoring/viewing_metrics.html;
  /en-us/usermanual/elb/elb_ug_bq_0000.html /elastic-load-balancing/umn/tag.html;
  /en-us/usermanual/elb/elb_ug_hc_0000.html /elastic-load-balancing/umn/health_check/index.html;
  /en-us/usermanual/elb/elb_ug_hc_0001.html /elastic-load-balancing/umn/health_check/overview.html;
  /en-us/usermanual/elb/elb_ug_hc_0003.html /elastic-load-balancing/umn/health_check/disabling_a_health_check.html;
  /en-us/usermanual/elb/en-us_topic_0162227063.html /elastic-load-balancing/umn/health_check/configuring_a_health_check.html;
  /en-us/usermanual/elb/elb_pro_0000.html /elastic-load-balancing/umn/service_overview/index.html;
  /en-us/usermanual/elb/en-us_topic_0287737145.html /elastic-load-balancing/umn/service_overview/specifications_of_dedicated_load_balancers.html;
  /en-us/usermanual/elb/en-us_topic_0195131496.html /elastic-load-balancing/umn/service_overview/product_concepts/index.html;
  /en-us/usermanual/elb/elb_pro_0002.html /elastic-load-balancing/umn/service_overview/product_concepts/region_and_az.html;
  /en-us/usermanual/elb/elb_pro_0001.html /elastic-load-balancing/umn/service_overview/product_concepts/basic_concepts.html;
  /en-us/usermanual/elb/elb_pro_0004.html /elastic-load-balancing/umn/service_overview/differences_between_dedicated_and_shared_load_balancers.html;
  /en-us/usermanual/elb/elb_pro_0005.html /elastic-load-balancing/umn/service_overview/product_advantages.html;
  /en-us/usermanual/elb/en-us_topic_0015479966.html /elastic-load-balancing/umn/service_overview/what_is_elb.html;
  /en-us/usermanual/elb/en-us_elb_01_0004.html /elastic-load-balancing/umn/service_overview/load_balancing_on_a_public_or_private_network.html;
  /en-us/usermanual/elb/elb_ug_fz_0003_01.html /elastic-load-balancing/umn/service_overview/network_traffic_paths.html;
  /en-us/usermanual/elb/elb_pro_0006.html /elastic-load-balancing/umn/service_overview/application_scenarios.html;
  /en-us/usermanual/elb/elb_pro_0003.html /elastic-load-balancing/umn/service_overview/how_elb_works.html;
  /en-us/usermanual/elb/elb_pro_0008.html /elastic-load-balancing/umn/service_overview/how_elb_works_with_other_services.html;
  /en-us/usermanual/elb/en-us_elb_07_0000.html /elastic-load-balancing/umn/change_history.html;
  /en-us/usermanual/elb/en-us_topic_0015479923.html /elastic-load-balancing/umn/listener/index.html;
  /en-us/usermanual/elb/elb_ug_jt_0001.html /elastic-load-balancing/umn/listener/overview.html;
  /en-us/usermanual/elb/elb_ug_jt_0514.html /elastic-load-balancing/umn/listener/transferring_source_ip_addresses_to_backend_servers.html;
  /en-us/usermanual/elb/elb_ug_jt_0003.html /elastic-load-balancing/umn/listener/load_balancing_algorithms.html;
  /en-us/usermanual/elb/en-us_elb_03_0003.html /elastic-load-balancing/umn/listener/access_control.html;
  /en-us/usermanual/elb/elb_ug_jt_0011.html /elastic-load-balancing/umn/listener/adding_a_listener.html;
  /en-us/usermanual/elb/elb_ug_jt_0012.html /elastic-load-balancing/umn/listener/modifying_or_deleting_a_listener.html;
  /en-us/usermanual/elb/elb_ug_jt_0002.html /elastic-load-balancing/umn/listener/protocols_and_ports.html;
  /en-us/usermanual/elb/elb_ug_jt_0004.html /elastic-load-balancing/umn/listener/sticky_session.html;
  /en-us/usermanual/elb/elb_ug_hd_0000.html /elastic-load-balancing/umn/backend_server/index.html;
  /en-us/usermanual/elb/elb_ug_hd_0001.html /elastic-load-balancing/umn/backend_server/overview.html;
  /en-us/usermanual/elb/elb_ug_hd_0003.html /elastic-load-balancing/umn/backend_server/adding_or_removing_backend_servers_dedicated_load_balancers.html;
  /en-us/usermanual/elb/elb_ug_hd_0008.html /elastic-load-balancing/umn/backend_server/configuring_weights_for_backend_servers.html;
  /en-us/usermanual/elb/en-us_topic_0052569729.html /elastic-load-balancing/umn/backend_server/adding_or_removing_backend_servers_shared_load_balancers.html;
  /en-us/usermanual/elb/elb_ug_hd_0002.html /elastic-load-balancing/umn/backend_server/configuring_security_group_rules_for_backend_servers_shared_load_balancers.html;
  /en-us/usermanual/elb/elb_ug_hd_0007.html /elastic-load-balancing/umn/backend_server/configuring_security_group_rules_for_backend_servers_dedicated_load_balancers.html;
  /en-us/usermanual/elb/en-us_elb_03_0001.html /elastic-load-balancing/umn/load_balancer/index.html;
  /en-us/usermanual/elb/elb_ug_fz_0006.html /elastic-load-balancing/umn/load_balancer/modifying_load_balancer_settings.html;
  /en-us/usermanual/elb/en-us_topic_0015479967.html /elastic-load-balancing/umn/load_balancer/creating_a_shared_load_balancer.html;
  /en-us/usermanual/elb/elb_ug_fz_0009.html /elastic-load-balancing/umn/load_balancer/binding_an_ip_address_to_or_unbinding_an_ip_address_from_a_load_balancer.html;
  /en-us/usermanual/elb/elb_ug_fz_0008.html /elastic-load-balancing/umn/load_balancer/deleting_a_load_balancer.html;
  /en-us/usermanual/elb/elb_lb_000006.html /elastic-load-balancing/umn/load_balancer/creating_a_dedicated_load_balancer.html;
  /en-us/usermanual/elb/elb_lb_000010.html /elastic-load-balancing/umn/load_balancer/changing_an_ip_address.html;
  /en-us/usermanual/elb/elb_ug_fz_0011.html /elastic-load-balancing/umn/load_balancer/exporting_the_load_balancer_list.html;
  /en-us/usermanual/elb/elb_ug_fz_0004.html /elastic-load-balancing/umn/load_balancer/preparations_for_creating_a_load_balancer.html;
  /en-us/usermanual/elb/elb_ug_rzfw_0001.html /elastic-load-balancing/umn/access_logging.html;
  /en-us/usermanual/elb/elb_ug_pe_0000.html /elastic-load-balancing/umn/quotas.html;
  /en-us/usermanual/elb/elb_ug_jt_0013.html /elastic-load-balancing/umn/advanced_features_of_http_https_listeners/index.html;
  /en-us/usermanual/elb/elb_ug_jt_0022.html /elastic-load-balancing/umn/advanced_features_of_http_https_listeners/tls_security_policy.html;
  /en-us/usermanual/elb/elb_ug_jt_0021.html /elastic-load-balancing/umn/advanced_features_of_http_https_listeners/sni_certificate_for_https_listeners.html;
  /en-us/usermanual/elb/elb_ug_jt_0023.html /elastic-load-balancing/umn/advanced_features_of_http_https_listeners/forwarding_policy_dedicated_load_balancers.html;
  /en-us/usermanual/elb/en_us_elb_03_0006.html /elastic-load-balancing/umn/advanced_features_of_http_https_listeners/mutual_authentication.html;
  /en-us/usermanual/elb/en-us_topic_0118840332.html /elastic-load-balancing/umn/advanced_features_of_http_https_listeners/http_redirection_to_https.html;
  /en-us/usermanual/elb/en-us_topic_0114694934.html /elastic-load-balancing/umn/advanced_features_of_http_https_listeners/forwarding_policy_shared_load_balancers.html;
  /en-us/usermanual/elb/elb_qs_0000.html /elastic-load-balancing/umn/getting_started/index.html;
  /en-us/usermanual/elb/elb_qs_0001.html /elastic-load-balancing/umn/getting_started/overview.html;
  /en-us/usermanual/elb/elb_qs_0005.html /elastic-load-balancing/umn/getting_started/process_flowchart.html;
  /en-us/usermanual/elb/en-us_topic_0052569751.html /elastic-load-balancing/umn/getting_started/using_shared_load_balancers_—_entry_level.html;
  /en-us/usermanual/elb/en-us_elb_02_0001.html /elastic-load-balancing/umn/getting_started/using_shared_load_balancers_—_advanced_level.html;
  /en-us/usermanual/elb/elb_ug_zs_0000.html /elastic-load-balancing/umn/certificate/index.html;
  /en-us/usermanual/elb/elb_ug_zs_0001.html /elastic-load-balancing/umn/certificate/overview.html;
  /en-us/usermanual/elb/elb_ug_zs_0006.html /elastic-load-balancing/umn/certificate/querying_a_listener_by_certificate.html;
  /en-us/usermanual/elb/elb_ug_zs_0003.html /elastic-load-balancing/umn/certificate/converting_certificate_formats.html;
  /en-us/usermanual/elb/elb_ug_zs_0005.html /elastic-load-balancing/umn/certificate/replacing_a_certificate.html;
  /en-us/usermanual/elb/en-us_topic_0092382555.html /elastic-load-balancing/umn/certificate/certificate_and_private_key_format.html;
  /en-us/usermanual/elb/en-us_elb_03_0005.html /elastic-load-balancing/umn/certificate/creating,_modifying,_or_deleting_a_certificate.html;
  /en-us/usermanual/elb/elb_ug_sj_0000.html /elastic-load-balancing/umn/auditing/index.html;
  /en-us/usermanual/elb/elb_ug_sj_0002.html /elastic-load-balancing/umn/auditing/viewing_traces.html;
  /en-us/usermanual/elb/elb_ug_sj_0001.html /elastic-load-balancing/umn/auditing/key_operations_recorded_by_cts.html;
  /en-us/usermanual/elb/elb_faq_0000.html /elastic-load-balancing/umn/faq/index.html;
  /en-us/usermanual/elb/elb_faq_0201.html /elastic-load-balancing/umn/faq/load_balancers/index.html;
  /en-us/usermanual/elb/elb_faq_210310.html /elastic-load-balancing/umn/faq/load_balancers/do_shared_load_balancers_have_specifications.html;
  /en-us/usermanual/elb/elb_faq_210312.html /elastic-load-balancing/umn/faq/load_balancers/will_traffic_routing_be_interrupted_if_the_load_balancing_algorithm_is_changed.html;
  /en-us/usermanual/elb/elb_faq_210307.html /elastic-load-balancing/umn/faq/load_balancers/why_multiple_ip_addresses_are_required_when_i_create_or_enable_a_dedicated_load_balancerload_balancer.html;
  /en-us/usermanual/elb/elb_faq_0038.html /elastic-load-balancing/umn/faq/load_balancers/how_does_elb_distribute_traffic.html;
  /en-us/usermanual/elb/elb_faq_0203.html /elastic-load-balancing/umn/faq/backend_servers/index.html;
  /en-us/usermanual/elb/elb_faq_0040.html /elastic-load-balancing/umn/faq/backend_servers/how_do_i_check_the_network_configuration_of_a_backend_server.html;
  /en-us/usermanual/elb/elb_faq_0041.html /elastic-load-balancing/umn/faq/backend_servers/how_do_i_check_the_status_of_a_backend_server.html;
  /en-us/usermanual/elb/elb_faq_0039.html /elastic-load-balancing/umn/faq/backend_servers/how_do_i_check_the_network_conditions_of_a_backend_server.html;
  /en-us/usermanual/elb/elb_faq_0112.html /elastic-load-balancing/umn/faq/backend_servers/why_is_the_interval_at_which_backend_servers_receive_health_check_packets_different_from_what_i_configured.html;
  /en-us/usermanual/elb/elb_faq_099.html /elastic-load-balancing/umn/faq/backend_servers/can_servers_access_the_internet_after_they_are_associated_with_a_load_balancer.html;
  /en-us/usermanual/elb/elb_faq_0001.html /elastic-load-balancing/umn/faq/backend_servers/when_is_a_backend_server_considered_healthy.html;
  /en-us/usermanual/elb/elb_faq_0190.html /elastic-load-balancing/umn/faq/sticky_sessions/index.html;
  /en-us/usermanual/elb/elb_faq_0046.html /elastic-load-balancing/umn/faq/sticky_sessions/how_do_i_check_if_sticky_sessions_failed_to_take_effect.html;
  /en-us/usermanual/elb/elb_faq_0085.html /elastic-load-balancing/umn/faq/sticky_sessions/what_types_of_sticky_sessions_does_elb_support.html;
  /en-us/usermanual/elb/elb_faq_0180.html /elastic-load-balancing/umn/faq/http_https_listeners/index.html;
  /en-us/usermanual/elb/elb_faq_0118.html /elastic-load-balancing/umn/faq/http_https_listeners/why_is_there_a_security_warning_after_a_certificate_is_configured.html;
  /en-us/usermanual/elb/elb_faq_0170.html /elastic-load-balancing/umn/faq/obtaining_source_ip_addresses/index.html;
  /en-us/usermanual/elb/elb_faq_0090.html /elastic-load-balancing/umn/faq/obtaining_source_ip_addresses/how_can_i_obtain_the_ip_address_of_a_client.html;
  /en-us/usermanual/elb/elb_faq_0205.html /elastic-load-balancing/umn/faq/certificates/index.html;
  /en-us/usermanual/elb/elb_faq_0072.html /elastic-load-balancing/umn/faq/certificates/how_can_i_create_server_certificates_and_ca_certificates.html;
  /en-us/usermanual/elb/elb_faq_0212.html /elastic-load-balancing/umn/faq/elb_use/index.html;
  /en-us/usermanual/elb/elb_faq_0127.html /elastic-load-balancing/umn/faq/elb_use/service_performance_and_load/index.html;
  /en-us/usermanual/elb/elb_faq_0052.html /elastic-load-balancing/umn/faq/elb_use/service_performance_and_load/what_do_i_do_if_a_load_balancer_fails_a_stress_test.html;
  /en-us/usermanual/elb/elb_faq_0049.html /elastic-load-balancing/umn/faq/elb_use/service_performance_and_load/how_do_i_check_for_traffic_inconsistencies.html;
  /en-us/usermanual/elb/elb_faq_0050.html /elastic-load-balancing/umn/faq/elb_use/service_performance_and_load/how_do_i_check_if_traffic_is_being_evenly_distributed.html;
  /en-us/usermanual/elb/elb_faq_0211.html /elastic-load-balancing/umn/faq/elb_use/elb_functionality/index.html;
  /en-us/usermanual/elb/elb_faq_21020221.html /elastic-load-balancing/umn/faq/elb_use/elb_functionality/can_i_upgrade_a_shared_load_balancer_to_a_dedicated_load_balancer_without_interrupting_traffic_routing.html;
  /en-us/usermanual/elb/en-us_elb_05_0004.html /elastic-load-balancing/umn/faq/elb_use/elb_functionality/how_many_load_balancers_and_listeners_can_i_have.html;
  /en-us/usermanual/elb/en-us_elb_05_0011.html /elastic-load-balancing/umn/faq/elb_use/elb_functionality/is_an_eip_assigned_exclusively_to_a_load_balancer.html;
  /en-us/usermanual/elb/elb_faq_0064.html /elastic-load-balancing/umn/faq/elb_use/elb_functionality/can_backend_servers_run_different_oss.html;
  /en-us/usermanual/elb/elb_faq_0060.html /elastic-load-balancing/umn/faq/elb_use/elb_functionality/can_elb_be_used_separately.html;
  /en-us/usermanual/elb/elb_faq_0062.html /elastic-load-balancing/umn/faq/elb_use/elb_functionality/can_i_adjust_the_number_of_backend_servers_when_a_load_balancer_is_running.html;
  /en-us/usermanual/elb/elb_faq_0202.html /elastic-load-balancing/umn/faq/listeners/index.html;
  /en-us/usermanual/elb/en-us_elb_05_0008.html /elastic-load-balancing/umn/faq/listeners/what_are_the_relationships_between_load_balancing_algorithms_and_sticky_session_types.html;
  /en-us/usermanual/elb/elb_faq_210410.html /elastic-load-balancing/umn/faq/listeners/why_cannot_i_add_a_listener_to_a_dedicated_load_balancer.html;
  /en-us/usermanual/elb/elb_faq_0084.html /elastic-load-balancing/umn/faq/listeners/does_elb_have_restrictions_on_the_file_upload_speed_and_size.html;
  /en-us/usermanual/elb/elb_faq_0111.html /elastic-load-balancing/umn/faq/listeners/how_is_websocket_used.html;
  /en-us/usermanual/elb/elb_faq_0200.html /elastic-load-balancing/umn/faq/popular_questions.html;
  /en-us/usermanual/elb/elb_faq_0204.html /elastic-load-balancing/umn/faq/health_checks/index.html;
  /en-us/usermanual/elb/elb_faq_0024.html /elastic-load-balancing/umn/faq/health_checks/how_does_elb_perform_udp_health_checks_what_are_the_precautions_for_udp_health_checks.html;
  /en-us/usermanual/elb/en-us_topic_0018127975.html /elastic-load-balancing/umn/faq/health_checks/how_do_i_troubleshoot_an_unhealthy_backend_server.html;
  /en-us/usermanual/elb/elb_faq_0114.html /elastic-load-balancing/umn/faq/health_checks/why_does_elb_frequently_send_requests_to_backend_servers_during_health_checks.html;
