  /glossary/index.html /additional/glossary.html;
  /permissions/index.html /additional/permissions.html;
  /endpoint/index.html /additional/endpoints.html;
  /sd/index.html /status-dashboard/umn/_static/OTC_Status_Dashboard_User_Guide.pdf;
  /api/apiug/apig-en-api-180328001.html /additional/apiguidelines/index.html;
  /api/apiug/apig-en-api-180328002.html /additional/apiguidelines/overview_of_rest_apis.html;
  /api/apiug/apig-en-api-180925010.html /additional/apiguidelines/calling_apis/index.html;
  /api/apiug/apig-en-api-180328009.html /additional/apiguidelines/calling_apis/obtaining_required_information.html;
  /api/apiug/apig-en-api-180328003.html /additional/apiguidelines/calling_apis/token_authentication.html;
  /api/apiug/apig-en-api-180328004.html /additional/apiguidelines/calling_apis/ak_sk_authentication/index.html;
  /api/apiug/apig-en-api-180328005.html /additional/apiguidelines/calling_apis/ak_sk_authentication/generating_an_ak_and_sk.html;
  /api/apiug/apig-en-api-180328006.html /additional/apiguidelines/calling_apis/ak_sk_authentication/signing_a_request.html;
  /api/apiug/apig-en-api-180328008.html /additional/apiguidelines/calling_apis/ak_sk_authentication/sample_code.html;
  /api/apiug/apig-en-api-180328012.html /additional/apiguidelines/http_status_codes.html;
  /en-us/glossary/index.html /additional/glossary.html;
  /en-us/permissions/index.html /additional/permissions.html;
  /en-us/endpoint/index.html /additional/endpoints.html;
  /en-us/sd/index.html /status-dashboard/umn/_static/OTC_Status_Dashboard_User_Guide.pdf;
  /en-us/api/apiug/apig-en-api-180328001.html /additional/apiguidelines/index.html;
  /en-us/api/apiug/apig-en-api-180328002.html /additional/apiguidelines/overview_of_rest_apis.html;
  /en-us/api/apiug/apig-en-api-180925010.html /additional/apiguidelines/calling_apis/index.html;
  /en-us/api/apiug/apig-en-api-180328009.html /additional/apiguidelines/calling_apis/obtaining_required_information.html;
  /en-us/api/apiug/apig-en-api-180328003.html /additional/apiguidelines/calling_apis/token_authentication.html;
  /en-us/api/apiug/apig-en-api-180328004.html /additional/apiguidelines/calling_apis/ak_sk_authentication/index.html;
  /en-us/api/apiug/apig-en-api-180328005.html /additional/apiguidelines/calling_apis/ak_sk_authentication/generating_an_ak_and_sk.html;
  /en-us/api/apiug/apig-en-api-180328006.html /additional/apiguidelines/calling_apis/ak_sk_authentication/signing_a_request.html;
  /en-us/api/apiug/apig-en-api-180328008.html /additional/apiguidelines/calling_apis/ak_sk_authentication/sample_code.html;
  /en-us/api/apiug/apig-en-api-180328012.html /additional/apiguidelines/http_status_codes.html;
